Component: ARM Compiler 5.06 update 4 (build 422) Tool: armlink [4d35d2]

==============================================================================

Section Cross References

    startup_stm32f10x_hd.o(RESET) refers to startup_stm32f10x_hd.o(STACK) for __initial_sp
    startup_stm32f10x_hd.o(RESET) refers to startup_stm32f10x_hd.o(.text) for Reset_Handler
    startup_stm32f10x_hd.o(RESET) refers to stm32f10x_it.o(i.SysTick_Handler) for SysTick_Handler
    startup_stm32f10x_hd.o(RESET) refers to stm32f10x_it.o(i.EXTI0_IRQHandler) for EXTI0_IRQHandler
    startup_stm32f10x_hd.o(RESET) refers to stm32f10x_it.o(i.EXTI1_IRQHandler) for EXTI1_IRQHandler
    startup_stm32f10x_hd.o(RESET) refers to stm32f10x_it.o(i.EXTI2_IRQHandler) for EXTI2_IRQHandler
    startup_stm32f10x_hd.o(RESET) refers to stm32f10x_it.o(i.EXTI3_IRQHandler) for EXTI3_IRQHandler
    startup_stm32f10x_hd.o(RESET) refers to stm32f10x_it.o(i.EXTI4_IRQHandler) for EXTI4_IRQHandler
    startup_stm32f10x_hd.o(RESET) refers to stm32f10x_it.o(i.EXTI9_5_IRQHandler) for EXTI9_5_IRQHandler
    startup_stm32f10x_hd.o(RESET) refers to stm32f10x_it.o(i.TIM1_BRK_IRQHandler) for TIM1_BRK_IRQHandler
    startup_stm32f10x_hd.o(RESET) refers to stm32f10x_it.o(i.TIM1_UP_IRQHandler) for TIM1_UP_IRQHandler
    startup_stm32f10x_hd.o(RESET) refers to stm32f10x_it.o(i.TIM1_TRG_COM_IRQHandler) for TIM1_TRG_COM_IRQHandler
    startup_stm32f10x_hd.o(RESET) refers to stm32f10x_it.o(i.TIM1_CC_IRQHandler) for TIM1_CC_IRQHandler
    startup_stm32f10x_hd.o(RESET) refers to stm32f10x_it.o(i.TIM2_IRQHandler) for TIM2_IRQHandler
    startup_stm32f10x_hd.o(RESET) refers to stm32f10x_it.o(i.TIM3_IRQHandler) for TIM3_IRQHandler
    startup_stm32f10x_hd.o(RESET) refers to stm32f10x_it.o(i.TIM4_IRQHandler) for TIM4_IRQHandler
    startup_stm32f10x_hd.o(RESET) refers to stm32f10x_it.o(i.EXTI15_10_IRQHandler) for EXTI15_10_IRQHandler
    startup_stm32f10x_hd.o(RESET) refers to stm32f10x_it.o(i.TIM5_IRQHandler) for TIM5_IRQHandler
    startup_stm32f10x_hd.o(RESET) refers to stm32f10x_it.o(i.TIM6_IRQHandler) for TIM6_IRQHandler
    startup_stm32f10x_hd.o(.text) refers to entry.o(.ARM.Collect$$$$00000000) for __main
    stm32f10x_adc.o(i.ADC_DeInit) refers to stm32f10x_rcc.o(i.RCC_APB2PeriphResetCmd) for RCC_APB2PeriphResetCmd
    stm32f10x_bkp.o(i.BKP_DeInit) refers to stm32f10x_rcc.o(i.RCC_BackupResetCmd) for RCC_BackupResetCmd
    stm32f10x_can.o(i.CAN_DeInit) refers to stm32f10x_rcc.o(i.RCC_APB1PeriphResetCmd) for RCC_APB1PeriphResetCmd
    stm32f10x_can.o(i.CAN_GetITStatus) refers to stm32f10x_can.o(i.CheckITStatus) for CheckITStatus
    stm32f10x_cec.o(i.CEC_DeInit) refers to stm32f10x_rcc.o(i.RCC_APB1PeriphResetCmd) for RCC_APB1PeriphResetCmd
    stm32f10x_dac.o(i.DAC_DeInit) refers to stm32f10x_rcc.o(i.RCC_APB1PeriphResetCmd) for RCC_APB1PeriphResetCmd
    stm32f10x_flash.o(i.FLASH_EnableWriteProtection) refers to stm32f10x_flash.o(i.FLASH_WaitForLastOperation) for FLASH_WaitForLastOperation
    stm32f10x_flash.o(i.FLASH_EraseAllBank1Pages) refers to stm32f10x_flash.o(i.FLASH_WaitForLastBank1Operation) for FLASH_WaitForLastBank1Operation
    stm32f10x_flash.o(i.FLASH_EraseAllPages) refers to stm32f10x_flash.o(i.FLASH_WaitForLastOperation) for FLASH_WaitForLastOperation
    stm32f10x_flash.o(i.FLASH_EraseOptionBytes) refers to stm32f10x_flash.o(i.FLASH_GetReadOutProtectionStatus) for FLASH_GetReadOutProtectionStatus
    stm32f10x_flash.o(i.FLASH_EraseOptionBytes) refers to stm32f10x_flash.o(i.FLASH_WaitForLastOperation) for FLASH_WaitForLastOperation
    stm32f10x_flash.o(i.FLASH_ErasePage) refers to stm32f10x_flash.o(i.FLASH_WaitForLastOperation) for FLASH_WaitForLastOperation
    stm32f10x_flash.o(i.FLASH_ProgramHalfWord) refers to stm32f10x_flash.o(i.FLASH_WaitForLastOperation) for FLASH_WaitForLastOperation
    stm32f10x_flash.o(i.FLASH_ProgramOptionByteData) refers to stm32f10x_flash.o(i.FLASH_WaitForLastOperation) for FLASH_WaitForLastOperation
    stm32f10x_flash.o(i.FLASH_ProgramWord) refers to stm32f10x_flash.o(i.FLASH_WaitForLastOperation) for FLASH_WaitForLastOperation
    stm32f10x_flash.o(i.FLASH_ReadOutProtection) refers to stm32f10x_flash.o(i.FLASH_WaitForLastOperation) for FLASH_WaitForLastOperation
    stm32f10x_flash.o(i.FLASH_UserOptionByteConfig) refers to stm32f10x_flash.o(i.FLASH_WaitForLastOperation) for FLASH_WaitForLastOperation
    stm32f10x_flash.o(i.FLASH_WaitForLastBank1Operation) refers to stm32f10x_flash.o(i.FLASH_GetBank1Status) for FLASH_GetBank1Status
    stm32f10x_flash.o(i.FLASH_WaitForLastOperation) refers to stm32f10x_flash.o(i.FLASH_GetBank1Status) for FLASH_GetBank1Status
    stm32f10x_gpio.o(i.GPIO_AFIODeInit) refers to stm32f10x_rcc.o(i.RCC_APB2PeriphResetCmd) for RCC_APB2PeriphResetCmd
    stm32f10x_gpio.o(i.GPIO_DeInit) refers to stm32f10x_rcc.o(i.RCC_APB2PeriphResetCmd) for RCC_APB2PeriphResetCmd
    stm32f10x_i2c.o(i.I2C_DeInit) refers to stm32f10x_rcc.o(i.RCC_APB1PeriphResetCmd) for RCC_APB1PeriphResetCmd
[...]
    Removing stm32f10x_cec.o(i.CEC_ClearFlag), (32 bytes).
    Removing stm32f10x_cec.o(i.CEC_ClearITPendingBit), (32 bytes).
    Removing stm32f10x_cec.o(i.CEC_Cmd), (28 bytes).
    Removing stm32f10x_cec.o(i.CEC_DeInit), (24 bytes).
    Removing stm32f10x_cec.o(i.CEC_EndOfMessageCmd), (12 bytes).
    Removing stm32f10x_cec.o(i.CEC_GetFlagStatus), (36 bytes).
    Removing stm32f10x_cec.o(i.CEC_GetITStatus), (36 bytes).
    Removing stm32f10x_cec.o(i.CEC_ITConfig), (12 bytes).
    Removing stm32f10x_cec.o(i.CEC_Init), (24 bytes).
    Removing stm32f10x_cec.o(i.CEC_OwnAddressConfig), (12 bytes).
    Removing stm32f10x_cec.o(i.CEC_ReceiveDataByte), (12 bytes).
    Removing stm32f10x_cec.o(i.CEC_SendDataByte), (12 bytes).
    Removing stm32f10x_cec.o(i.CEC_SetPrescaler), (12 bytes).
    Removing stm32f10x_cec.o(i.CEC_StartOfMessage), (16 bytes).
    Removing stm32f10x_crc.o(i.CRC_CalcBlockCRC), (28 bytes).
    Removing stm32f10x_crc.o(i.CRC_CalcCRC), (12 bytes).
    Removing stm32f10x_crc.o(i.CRC_GetCRC), (12 bytes).
    Removing stm32f10x_crc.o(i.CRC_GetIDRegister), (12 bytes).
    Removing stm32f10x_crc.o(i.CRC_ResetDR), (12 bytes).
    Removing stm32f10x_crc.o(i.CRC_SetIDRegister), (12 bytes).
    Removing stm32f10x_dac.o(i.DAC_Cmd), (24 bytes).
    Removing stm32f10x_dac.o(i.DAC_DMACmd), (24 bytes).
    Removing stm32f10x_dac.o(i.DAC_DeInit), (24 bytes).
    Removing stm32f10x_dac.o(i.DAC_DualSoftwareTriggerCmd), (28 bytes).
    Removing stm32f10x_dac.o(i.DAC_GetDataOutputValue), (24 bytes).
    Removing stm32f10x_dac.o(i.DAC_Init), (40 bytes).
    Removing stm32f10x_dac.o(i.DAC_SetChannel1Data), (20 bytes).
    Removing stm32f10x_dac.o(i.DAC_SetChannel2Data), (20 bytes).
    Removing stm32f10x_dac.o(i.DAC_SetDualChannelData), (28 bytes).
    Removing stm32f10x_dac.o(i.DAC_SoftwareTriggerCmd), (28 bytes).
    Removing stm32f10x_dac.o(i.DAC_StructInit), (12 bytes).
    Removing stm32f10x_dac.o(i.DAC_WaveGenerationCmd), (24 bytes).
    Removing stm32f10x_dbgmcu.o(i.DBGMCU_Config), (24 bytes).
    Removing stm32f10x_dbgmcu.o(i.DBGMCU_GetDEVID), (16 bytes).
    Removing stm32f10x_dbgmcu.o(i.DBGMCU_GetREVID), (12 bytes).
    Removing stm32f10x_dma.o(i.DMA_ClearFlag), (24 bytes).
    Removing stm32f10x_dma.o(i.DMA_ClearITPendingBit), (24 bytes).
    Removing stm32f10x_dma.o(i.DMA_Cmd), (22 bytes).
    Removing stm32f10x_dma.o(i.DMA_DeInit), (228 bytes).
    Removing stm32f10x_dma.o(i.DMA_GetCurrDataCounter), (6 bytes).
    Removing stm32f10x_dma.o(i.DMA_GetFlagStatus), (32 bytes).
    Removing stm32f10x_dma.o(i.DMA_GetITStatus), (32 bytes).
    Removing stm32f10x_dma.o(i.DMA_ITConfig), (16 bytes).
    Removing stm32f10x_dma.o(i.DMA_Init), (58 bytes).
    Removing stm32f10x_dma.o(i.DMA_SetCurrDataCounter), (4 bytes).
    Removing stm32f10x_dma.o(i.DMA_StructInit), (26 bytes).
    Removing stm32f10x_flash.o(i.FLASH_ClearFlag), (12 bytes).
    Removing stm32f10x_flash.o(i.FLASH_EnableWriteProtection), (172 bytes).
    Removing stm32f10x_flash.o(i.FLASH_EraseAllBank1Pages), (56 bytes).
    Removing stm32f10x_flash.o(i.FLASH_EraseAllPages), (56 bytes).
    Removing stm32f10x_flash.o(i.FLASH_EraseOptionBytes), (124 bytes).
    Removing stm32f10x_flash.o(i.FLASH_ErasePage), (60 bytes).
    Removing stm32f10x_flash.o(i.FLASH_GetBank1Status), (40 bytes).
    Removing stm32f10x_flash.o(i.FLASH_GetFlagStatus), (32 bytes).
    Removing stm32f10x_flash.o(i.FLASH_GetPrefetchBufferStatus), (20 bytes).
    Removing stm32f10x_flash.o(i.FLASH_GetReadOutProtectionStatus), (20 bytes).
    Removing stm32f10x_flash.o(i.FLASH_GetStatus), (40 bytes).
    Removing stm32f10x_flash.o(i.FLASH_GetUserOptionByte), (12 bytes).
    Removing stm32f10x_flash.o(i.FLASH_GetWriteProtectionOptionByte), (12 bytes).
    Removing stm32f10x_flash.o(i.FLASH_HalfCycleAccessCmd), (24 bytes).
    Removing stm32f10x_flash.o(i.FLASH_ITConfig), (24 bytes).
    Removing stm32f10x_flash.o(i.FLASH_Lock), (16 bytes).
    Removing stm32f10x_flash.o(i.FLASH_LockBank1), (16 bytes).
    Removing stm32f10x_flash.o(i.FLASH_PrefetchBufferCmd), (24 bytes).
    Removing stm32f10x_flash.o(i.FLASH_ProgramHalfWord), (52 bytes).
    Removing stm32f10x_flash.o(i.FLASH_ProgramOptionByteData), (76 bytes).
    Removing stm32f10x_flash.o(i.FLASH_ProgramWord), (80 bytes).
    Removing stm32f10x_flash.o(i.FLASH_ReadOutProtection), (136 bytes).
    Removing stm32f10x_flash.o(i.FLASH_SetLatency), (20 bytes).
    Removing stm32f10x_flash.o(i.FLASH_Unlock), (24 bytes).
    Removing stm32f10x_flash.o(i.FLASH_UnlockBank1), (24 bytes).
    Removing stm32f10x_flash.o(i.FLASH_UserOptionByteConfig), (96 bytes).
    Removing stm32f10x_flash.o(i.FLASH_WaitForLastBank1Operation), (34 bytes).
    Removing stm32f10x_flash.o(i.FLASH_WaitForLastOperation), (34 bytes).
    Removing stm32f10x_fsmc.o(i.FSMC_ClearFlag), (38 bytes).
    Removing stm32f10x_fsmc.o(i.FSMC_ClearITPendingBit), (42 bytes).
    Removing stm32f10x_fsmc.o(i.FSMC_GetECC), (18 bytes).
    Removing stm32f10x_fsmc.o(i.FSMC_GetFlagStatus), (40 bytes).
    Removing stm32f10x_fsmc.o(i.FSMC_GetITStatus), (48 bytes).
    Removing stm32f10x_fsmc.o(i.FSMC_ITConfig), (72 bytes).
    Removing stm32f10x_fsmc.o(i.FSMC_NANDCmd), (56 bytes).
    Removing stm32f10x_fsmc.o(i.FSMC_NANDDeInit), (40 bytes).
    Removing stm32f10x_fsmc.o(i.FSMC_NANDECCCmd), (56 bytes).
    Removing stm32f10x_fsmc.o(i.FSMC_NANDInit), (104 bytes).
    Removing stm32f10x_fsmc.o(i.FSMC_NANDStructInit), (54 bytes).
    Removing stm32f10x_fsmc.o(i.FSMC_NORSRAMCmd), (32 bytes).
    Removing stm32f10x_fsmc.o(i.FSMC_NORSRAMDeInit), (38 bytes).
    Removing stm32f10x_fsmc.o(i.FSMC_NORSRAMInit), (200 bytes).
    Removing stm32f10x_fsmc.o(i.FSMC_NORSRAMStructInit), (98 bytes).
    Removing stm32f10x_fsmc.o(i.FSMC_PCCARDCmd), (32 bytes).
    Removing stm32f10x_fsmc.o(i.FSMC_PCCARDDeInit), (26 bytes).
    Removing stm32f10x_fsmc.o(i.FSMC_PCCARDInit), (102 bytes).
    Removing stm32f10x_fsmc.o(i.FSMC_PCCARDStructInit), (60 bytes).
    Removing stm32f10x_gpio.o(i.GPIO_AFIODeInit), (22 bytes).
    Removing stm32f10x_gpio.o(i.GPIO_DeInit), (180 bytes).
    Removing stm32f10x_gpio.o(i.GPIO_ETH_MediaInterfaceConfig), (12 bytes).
    Removing stm32f10x_gpio.o(i.GPIO_EXTILineConfig), (40 bytes).
    Removing stm32f10x_gpio.o(i.GPIO_EventOutputCmd), (12 bytes).
    Removing stm32f10x_gpio.o(i.GPIO_EventOutputConfig), (28 bytes).
    Removing stm32f10x_gpio.o(i.GPIO_Init), (156 bytes).
    Removing stm32f10x_gpio.o(i.GPIO_PinLockConfig), (16 bytes).
    Removing stm32f10x_gpio.o(i.GPIO_PinRemapConfig), (88 bytes).
    Removing stm32f10x_gpio.o(i.GPIO_ReadInputData), (6 bytes).
    Removing stm32f10x_gpio.o(i.GPIO_ReadInputDataBit), (14 bytes).
    Removing stm32f10x_gpio.o(i.GPIO_ReadOutputData), (6 bytes).
    Removing stm32f10x_gpio.o(i.GPIO_ReadOutputDataBit), (14 bytes).
    Removing stm32f10x_gpio.o(i.GPIO_ResetBits), (4 bytes).
    Removing stm32f10x_gpio.o(i.GPIO_SetBits), (4 bytes).
    Removing stm32f10x_gpio.o(i.GPIO_StructInit), (16 bytes).
    Removing stm32f10x_gpio.o(i.GPIO_Write), (4 bytes).
    Removing stm32f10x_gpio.o(i.GPIO_WriteBit), (10 bytes).
    Removing stm32f10x_i2c.o(i.I2C_ARPCmd), (20 bytes).
    Removing stm32f10x_i2c.o(i.I2C_AcknowledgeConfig), (20 bytes).
    Removing stm32f10x_i2c.o(i.I2C_CalculatePEC), (20 bytes).
    Removing stm32f10x_i2c.o(i.I2C_CheckEvent), (24 bytes).
    Removing stm32f10x_i2c.o(i.I2C_ClearFlag), (6 bytes).
    Removing stm32f10x_i2c.o(i.I2C_ClearITPendingBit), (6 bytes).
    Removing stm32f10x_i2c.o(i.I2C_Cmd), (20 bytes).
    Removing stm32f10x_i2c.o(i.I2C_DMACmd), (20 bytes).
    Removing stm32f10x_i2c.o(i.I2C_DMALastTransferCmd), (20 bytes).
    Removing stm32f10x_i2c.o(i.I2C_DeInit), (44 bytes).
    Removing stm32f10x_i2c.o(i.I2C_DualAddressCmd), (20 bytes).
    Removing stm32f10x_i2c.o(i.I2C_FastModeDutyCycleConfig), (22 bytes).
    Removing stm32f10x_i2c.o(i.I2C_GeneralCallCmd), (20 bytes).
    Removing stm32f10x_i2c.o(i.I2C_GenerateSTART), (20 bytes).
    Removing stm32f10x_i2c.o(i.I2C_GenerateSTOP), (20 bytes).
    Removing stm32f10x_i2c.o(i.I2C_GetFlagStatus), (42 bytes).
    Removing stm32f10x_i2c.o(i.I2C_GetITStatus), (36 bytes).
    Removing stm32f10x_i2c.o(i.I2C_GetLastEvent), (14 bytes).
    Removing stm32f10x_i2c.o(i.I2C_GetPEC), (6 bytes).
    Removing stm32f10x_i2c.o(i.I2C_ITConfig), (16 bytes).
    Removing stm32f10x_i2c.o(i.I2C_Init), (188 bytes).
    Removing stm32f10x_i2c.o(i.I2C_NACKPositionConfig), (22 bytes).
    Removing stm32f10x_i2c.o(i.I2C_OwnAddress2Config), (16 bytes).
    Removing stm32f10x_i2c.o(i.I2C_PECPositionConfig), (22 bytes).
    Removing stm32f10x_i2c.o(i.I2C_ReadRegister), (10 bytes).
    Removing stm32f10x_i2c.o(i.I2C_ReceiveData), (6 bytes).
    Removing stm32f10x_i2c.o(i.I2C_SMBusAlertConfig), (22 bytes).
    Removing stm32f10x_i2c.o(i.I2C_Send7bitAddress), (16 bytes).
    Removing stm32f10x_i2c.o(i.I2C_SendData), (4 bytes).
    Removing stm32f10x_i2c.o(i.I2C_SoftwareResetCmd), (20 bytes).
    Removing stm32f10x_i2c.o(i.I2C_StretchClockCmd), (20 bytes).
    Removing stm32f10x_i2c.o(i.I2C_StructInit), (28 bytes).
    Removing stm32f10x_i2c.o(i.I2C_TransmitPEC), (20 bytes).
    Removing stm32f10x_iwdg.o(i.IWDG_Enable), (16 bytes).
    Removing stm32f10x_iwdg.o(i.IWDG_GetFlagStatus), (20 bytes).
    Removing stm32f10x_iwdg.o(i.IWDG_ReloadCounter), (16 bytes).
    Removing stm32f10x_iwdg.o(i.IWDG_SetPrescaler), (12 bytes).
    Removing stm32f10x_iwdg.o(i.IWDG_SetReload), (12 bytes).
    Removing stm32f10x_iwdg.o(i.IWDG_WriteAccessCmd), (12 bytes).
    Removing stm32f10x_pwr.o(i.PWR_BackupAccessCmd), (12 bytes).
    Removing stm32f10x_pwr.o(i.PWR_ClearFlag), (16 bytes).
    Removing stm32f10x_pwr.o(i.PWR_DeInit), (24 bytes).
    Removing stm32f10x_pwr.o(i.PWR_EnterSTANDBYMode), (40 bytes).
    Removing stm32f10x_pwr.o(i.PWR_EnterSTOPMode), (52 bytes).
    Removing stm32f10x_pwr.o(i.PWR_GetFlagStatus), (20 bytes).
    Removing stm32f10x_pwr.o(i.PWR_PVDCmd), (12 bytes).
    Removing stm32f10x_pwr.o(i.PWR_PVDLevelConfig), (20 bytes).
    Removing stm32f10x_pwr.o(i.PWR_WakeUpPinCmd), (12 bytes).
    Removing stm32f10x_rcc.o(i.RCC_ADCCLKConfig), (20 bytes).
    Removing stm32f10x_rcc.o(i.RCC_AHBPeriphClockCmd), (24 bytes).
    Removing stm32f10x_rcc.o(i.RCC_AdjustHSICalibrationValue), (20 bytes).
    Removing stm32f10x_rcc.o(i.RCC_BackupResetCmd), (12 bytes).
    Removing stm32f10x_rcc.o(i.RCC_ClearFlag), (16 bytes).
    Removing stm32f10x_rcc.o(i.RCC_ClearITPendingBit), (12 bytes).
    Removing stm32f10x_rcc.o(i.RCC_ClockSecuritySystemCmd), (12 bytes).
    Removing stm32f10x_rcc.o(i.RCC_DeInit), (64 bytes).
    Removing stm32f10x_rcc.o(i.RCC_GetClocksFreq), (164 bytes).
    Removing stm32f10x_rcc.o(i.RCC_GetFlagStatus), (48 bytes).
    Removing stm32f10x_rcc.o(i.RCC_GetITStatus), (20 bytes).
    Removing stm32f10x_rcc.o(i.RCC_GetSYSCLKSource), (16 bytes).
    Removing stm32f10x_rcc.o(i.RCC_HCLKConfig), (20 bytes).
    Removing stm32f10x_rcc.o(i.RCC_HSEConfig), (52 bytes).
    Removing stm32f10x_rcc.o(i.RCC_HSICmd), (12 bytes).
    Removing stm32f10x_rcc.o(i.RCC_ITConfig), (24 bytes).
    Removing stm32f10x_rcc.o(i.RCC_LSEConfig), (32 bytes).
    Removing stm32f10x_rcc.o(i.RCC_LSICmd), (12 bytes).
    Removing stm32f10x_rcc.o(i.RCC_MCOConfig), (12 bytes).
    Removing stm32f10x_rcc.o(i.RCC_PCLK1Config), (20 bytes).
    Removing stm32f10x_rcc.o(i.RCC_PCLK2Config), (20 bytes).
    Removing stm32f10x_rcc.o(i.RCC_PLLCmd), (12 bytes).
    Removing stm32f10x_rcc.o(i.RCC_PLLConfig), (20 bytes).
    Removing stm32f10x_rcc.o(i.RCC_RTCCLKCmd), (12 bytes).
    Removing stm32f10x_rcc.o(i.RCC_RTCCLKConfig), (16 bytes).
    Removing stm32f10x_rcc.o(i.RCC_SYSCLKConfig), (20 bytes).
    Removing stm32f10x_rcc.o(i.RCC_USBCLKConfig), (12 bytes).
    Removing stm32f10x_rcc.o(i.RCC_WaitForHSEStartUp), (44 bytes).
    Removing stm32f10x_rcc.o(.data), (20 bytes).
    Removing stm32f10x_rtc.o(i.RTC_ClearFlag), (16 bytes).
    Removing stm32f10x_rtc.o(i.RTC_ClearITPendingBit), (16 bytes).
    Removing stm32f10x_rtc.o(i.RTC_EnterConfigMode), (16 bytes).
    Removing stm32f10x_rtc.o(i.RTC_ExitConfigMode), (16 bytes).
    Removing stm32f10x_rtc.o(i.RTC_GetCounter), (20 bytes).
    Removing stm32f10x_rtc.o(i.RTC_GetDivider), (24 bytes).
    Removing stm32f10x_rtc.o(i.RTC_GetFlagStatus), (20 bytes).
    Removing stm32f10x_rtc.o(i.RTC_GetITStatus), (32 bytes).
    Removing stm32f10x_rtc.o(i.RTC_ITConfig), (24 bytes).
    Removing stm32f10x_rtc.o(i.RTC_SetAlarm), (32 bytes).
    Removing stm32f10x_rtc.o(i.RTC_SetCounter), (32 bytes).
    Removing stm32f10x_rtc.o(i.RTC_SetPrescaler), (32 bytes).
    Removing stm32f10x_rtc.o(i.RTC_WaitForLastTask), (16 bytes).
    Removing stm32f10x_rtc.o(i.RTC_WaitForSynchro), (24 bytes).
    Removing stm32f10x_sdio.o(i.SDIO_CEATAITCmd), (16 bytes).
    Removing stm32f10x_sdio.o(i.SDIO_ClearFlag), (12 bytes).
    Removing stm32f10x_sdio.o(i.SDIO_ClearITPendingBit), (12 bytes).
    Removing stm32f10x_sdio.o(i.SDIO_ClockCmd), (12 bytes).
    Removing stm32f10x_sdio.o(i.SDIO_CmdStructInit), (14 bytes).
    Removing stm32f10x_sdio.o(i.SDIO_CommandCompletionCmd), (12 bytes).
    Removing stm32f10x_sdio.o(i.SDIO_DMACmd), (12 bytes).
    Removing stm32f10x_sdio.o(i.SDIO_DataConfig), (44 bytes).
    Removing stm32f10x_sdio.o(i.SDIO_DataStructInit), (20 bytes).
    Removing stm32f10x_sdio.o(i.SDIO_DeInit), (36 bytes).
    Removing stm32f10x_sdio.o(i.SDIO_GetCommandResponse), (12 bytes).
    Removing stm32f10x_sdio.o(i.SDIO_GetDataCounter), (12 bytes).
    Removing stm32f10x_sdio.o(i.SDIO_GetFIFOCount), (12 bytes).
    Removing stm32f10x_sdio.o(i.SDIO_GetFlagStatus), (20 bytes).
    Removing stm32f10x_sdio.o(i.SDIO_GetITStatus), (20 bytes).
    Removing stm32f10x_sdio.o(i.SDIO_GetPowerState), (16 bytes).
    Removing stm32f10x_sdio.o(i.SDIO_GetResponse), (16 bytes).
    Removing stm32f10x_sdio.o(i.SDIO_ITConfig), (24 bytes).
    Removing stm32f10x_sdio.o(i.SDIO_Init), (44 bytes).
    Removing stm32f10x_sdio.o(i.SDIO_ReadData), (12 bytes).
    Removing stm32f10x_sdio.o(i.SDIO_SendCEATACmd), (12 bytes).
    Removing stm32f10x_sdio.o(i.SDIO_SendCommand), (40 bytes).
    Removing stm32f10x_sdio.o(i.SDIO_SendSDIOSuspendCmd), (12 bytes).
    Removing stm32f10x_sdio.o(i.SDIO_SetPowerState), (24 bytes).
    Removing stm32f10x_sdio.o(i.SDIO_SetSDIOOperation), (12 bytes).
    Removing stm32f10x_sdio.o(i.SDIO_SetSDIOReadWaitMode), (12 bytes).
    Removing stm32f10x_sdio.o(i.SDIO_StartSDIOReadWait), (12 bytes).
    Removing stm32f10x_sdio.o(i.SDIO_StopSDIOReadWait), (12 bytes).
    Removing stm32f10x_sdio.o(i.SDIO_StructInit), (16 bytes).
    Removing stm32f10x_sdio.o(i.SDIO_WriteData), (12 bytes).
    Removing stm32f10x_spi.o(i.I2S_Cmd), (20 bytes).
    Removing stm32f10x_spi.o(i.I2S_Init), (150 bytes).
    Removing stm32f10x_spi.o(i.I2S_StructInit), (18 bytes).
    Removing stm32f10x_spi.o(i.SPI_BiDirectionalLineConfig), (22 bytes).
    Removing stm32f10x_spi.o(i.SPI_CalculateCRC), (20 bytes).
    Removing stm32f10x_spi.o(i.SPI_Cmd), (20 bytes).
    Removing stm32f10x_spi.o(i.SPI_DataSizeConfig), (16 bytes).
    Removing stm32f10x_spi.o(i.SPI_GetCRC), (12 bytes).
    Removing stm32f10x_spi.o(i.SPI_GetCRCPolynomial), (4 bytes).
    Removing stm32f10x_spi.o(i.SPI_I2S_ClearFlag), (6 bytes).
    Removing stm32f10x_spi.o(i.SPI_I2S_ClearITPendingBit), (14 bytes).
    Removing stm32f10x_spi.o(i.SPI_I2S_DMACmd), (16 bytes).
    Removing stm32f10x_spi.o(i.SPI_I2S_DeInit), (84 bytes).
    Removing stm32f10x_spi.o(i.SPI_I2S_GetFlagStatus), (14 bytes).
    Removing stm32f10x_spi.o(i.SPI_I2S_GetITStatus), (44 bytes).
    Removing stm32f10x_spi.o(i.SPI_I2S_ITConfig), (24 bytes).
    Removing stm32f10x_spi.o(i.SPI_I2S_ReceiveData), (4 bytes).
    Removing stm32f10x_spi.o(i.SPI_I2S_SendData), (4 bytes).
    Removing stm32f10x_spi.o(i.SPI_Init), (56 bytes).
    Removing stm32f10x_spi.o(i.SPI_NSSInternalSoftwareConfig), (24 bytes).
    Removing stm32f10x_spi.o(i.SPI_SSOutputCmd), (20 bytes).
    Removing stm32f10x_spi.o(i.SPI_StructInit), (24 bytes).
    Removing stm32f10x_spi.o(i.SPI_TransmitCRC), (10 bytes).
    Removing stm32f10x_tim.o(i.TI1_Config), (108 bytes).
    Removing stm32f10x_tim.o(i.TI2_Config), (124 bytes).
    Removing stm32f10x_tim.o(i.TIM_BDTRConfig), (34 bytes).
    Removing stm32f10x_tim.o(i.TIM_BDTRStructInit), (18 bytes).
    Removing stm32f10x_tim.o(i.TIM_CCPreloadControl), (20 bytes).
    Removing stm32f10x_tim.o(i.TIM_CCxCmd), (22 bytes).
    Removing stm32f10x_tim.o(i.TIM_CCxNCmd), (22 bytes).
    Removing stm32f10x_tim.o(i.TIM_ClearITPendingBit), (6 bytes).
    Removing stm32f10x_tim.o(i.TIM_ClearOC1Ref), (12 bytes).
    Removing stm32f10x_tim.o(i.TIM_ClearOC2Ref), (20 bytes).
    Removing stm32f10x_tim.o(i.TIM_ClearOC3Ref), (12 bytes).
    Removing stm32f10x_tim.o(i.TIM_ClearOC4Ref), (20 bytes).
    Removing stm32f10x_tim.o(i.TIM_CounterModeConfig), (12 bytes).
    Removing stm32f10x_tim.o(i.TIM_CtrlPWMOutputs), (22 bytes).
    Removing stm32f10x_tim.o(i.TIM_DMACmd), (16 bytes).
    Removing stm32f10x_tim.o(i.TIM_DMAConfig), (8 bytes).
    Removing stm32f10x_tim.o(i.TIM_ETRClockMode1Config), (18 bytes).
    Removing stm32f10x_tim.o(i.TIM_ETRClockMode2Config), (18 bytes).
    Removing stm32f10x_tim.o(i.TIM_ETRConfig), (24 bytes).
    Removing stm32f10x_tim.o(i.TIM_EncoderInterfaceConfig), (50 bytes).
    Removing stm32f10x_tim.o(i.TIM_ForcedOC1Config), (12 bytes).
    Removing stm32f10x_tim.o(i.TIM_ForcedOC2Config), (20 bytes).
    Removing stm32f10x_tim.o(i.TIM_ForcedOC3Config), (12 bytes).
    Removing stm32f10x_tim.o(i.TIM_ForcedOC4Config), (20 bytes).
    Removing stm32f10x_tim.o(i.TIM_GenerateEvent), (4 bytes).
    Removing stm32f10x_tim.o(i.TIM_GetCapture1), (4 bytes).
    Removing stm32f10x_tim.o(i.TIM_GetCapture2), (4 bytes).
    Removing stm32f10x_tim.o(i.TIM_GetCapture3), (4 bytes).
    Removing stm32f10x_tim.o(i.TIM_GetCapture4), (6 bytes).
    Removing stm32f10x_tim.o(i.TIM_GetCounter), (4 bytes).
    Removing stm32f10x_tim.o(i.TIM_GetFlagStatus), (14 bytes).
    Removing stm32f10x_tim.o(i.TIM_GetITStatus), (24 bytes).
    Removing stm32f10x_tim.o(i.TIM_GetPrescaler), (4 bytes).
    Removing stm32f10x_tim.o(i.TIM_ICInit), (300 bytes).
    Removing stm32f10x_tim.o(i.TIM_ICStructInit), (16 bytes).
    Removing stm32f10x_tim.o(i.TIM_ITRxExternalClockConfig), (18 bytes).
    Removing stm32f10x_tim.o(i.TIM_InternalClockConfig), (10 bytes).
    Removing stm32f10x_tim.o(i.TIM_OC1FastConfig), (12 bytes).
    Removing stm32f10x_tim.o(i.TIM_OC1Init), (128 bytes).
    Removing stm32f10x_tim.o(i.TIM_OC1NPolarityConfig), (12 bytes).
    Removing stm32f10x_tim.o(i.TIM_OC1PolarityConfig), (12 bytes).
    Removing stm32f10x_tim.o(i.TIM_OC1PreloadConfig), (12 bytes).
    Removing stm32f10x_tim.o(i.TIM_OC2FastConfig), (20 bytes).
    Removing stm32f10x_tim.o(i.TIM_OC2Init), (128 bytes).
    Removing stm32f10x_tim.o(i.TIM_OC2NPolarityConfig), (20 bytes).
    Removing stm32f10x_tim.o(i.TIM_OC2PolarityConfig), (20 bytes).
    Removing stm32f10x_tim.o(i.TIM_OC2PreloadConfig), (20 bytes).
    Removing stm32f10x_tim.o(i.TIM_OC3FastConfig), (12 bytes).
    Removing stm32f10x_tim.o(i.TIM_OC3Init), (124 bytes).
    Removing stm32f10x_tim.o(i.TIM_OC3NPolarityConfig), (20 bytes).
    Removing stm32f10x_tim.o(i.TIM_OC3PolarityConfig), (20 bytes).
    Removing stm32f10x_tim.o(i.TIM_OC3PreloadConfig), (12 bytes).
    Removing stm32f10x_tim.o(i.TIM_OC4FastConfig), (20 bytes).
    Removing stm32f10x_tim.o(i.TIM_OC4Init), (100 bytes).
    Removing stm32f10x_tim.o(i.TIM_OC4PolarityConfig), (20 bytes).
    Removing stm32f10x_tim.o(i.TIM_OC4PreloadConfig), (20 bytes).
    Removing stm32f10x_tim.o(i.TIM_OCStructInit), (20 bytes).
    Removing stm32f10x_tim.o(i.TIM_PWMIConfig), (108 bytes).
    Removing stm32f10x_tim.o(i.TIM_PrescalerConfig), (6 bytes).
    Removing stm32f10x_tim.o(i.TIM_SelectCCDMA), (20 bytes).
    Removing stm32f10x_tim.o(i.TIM_SelectCOM), (20 bytes).
    Removing stm32f10x_tim.o(i.TIM_SelectHallSensor), (20 bytes).
    Removing stm32f10x_tim.o(i.TIM_SelectInputTrigger), (12 bytes).
    Removing stm32f10x_tim.o(i.TIM_SelectMasterSlaveMode), (16 bytes).
    Removing stm32f10x_tim.o(i.TIM_SelectOCxM), (70 bytes).
    Removing stm32f10x_tim.o(i.TIM_SelectOnePulseMode), (16 bytes).
    Removing stm32f10x_tim.o(i.TIM_SelectOutputTrigger), (16 bytes).
    Removing stm32f10x_tim.o(i.TIM_SelectSlaveMode), (16 bytes).
    Removing stm32f10x_tim.o(i.TIM_SetAutoreload), (4 bytes).
    Removing stm32f10x_tim.o(i.TIM_SetClockDivision), (16 bytes).
    Removing stm32f10x_tim.o(i.TIM_SetCompare1), (4 bytes).
    Removing stm32f10x_tim.o(i.TIM_SetCompare2), (4 bytes).
    Removing stm32f10x_tim.o(i.TIM_SetCompare3), (4 bytes).
    Removing stm32f10x_tim.o(i.TIM_SetCompare4), (6 bytes).
    Removing stm32f10x_tim.o(i.TIM_SetCounter), (4 bytes).
    Removing stm32f10x_tim.o(i.TIM_SetIC1Prescaler), (16 bytes).
    Removing stm32f10x_tim.o(i.TIM_SetIC2Prescaler), (24 bytes).
    Removing stm32f10x_tim.o(i.TIM_SetIC3Prescaler), (16 bytes).
    Removing stm32f10x_tim.o(i.TIM_SetIC4Prescaler), (24 bytes).
    Removing stm32f10x_tim.o(i.TIM_TIxExternalClockConfig), (46 bytes).
    Removing stm32f10x_tim.o(i.TIM_TimeBaseStructInit), (18 bytes).
    Removing stm32f10x_tim.o(i.TIM_UpdateDisableConfig), (20 bytes).
    Removing stm32f10x_tim.o(i.TIM_UpdateRequestConfig), (20 bytes).
    Removing stm32f10x_usart.o(i.USART_ClearFlag), (6 bytes).
    Removing stm32f10x_usart.o(i.USART_ClearITPendingBit), (12 bytes).
    Removing stm32f10x_usart.o(i.USART_ClockInit), (30 bytes).
    Removing stm32f10x_usart.o(i.USART_ClockStructInit), (12 bytes).
    Removing stm32f10x_usart.o(i.USART_Cmd), (20 bytes).
    Removing stm32f10x_usart.o(i.USART_DMACmd), (16 bytes).
    Removing stm32f10x_usart.o(i.USART_DeInit), (116 bytes).
    Removing stm32f10x_usart.o(i.USART_GetFlagStatus), (14 bytes).
    Removing stm32f10x_usart.o(i.USART_GetITStatus), (62 bytes).
    Removing stm32f10x_usart.o(i.USART_HalfDuplexCmd), (20 bytes).
    Removing stm32f10x_usart.o(i.USART_ITConfig), (48 bytes).
    Removing stm32f10x_usart.o(i.USART_Init), (172 bytes).
    Removing stm32f10x_usart.o(i.USART_IrDACmd), (20 bytes).
    Removing stm32f10x_usart.o(i.USART_IrDAConfig), (16 bytes).
    Removing stm32f10x_usart.o(i.USART_LINBreakDetectLengthConfig), (16 bytes).
    Removing stm32f10x_usart.o(i.USART_LINCmd), (20 bytes).
    Removing stm32f10x_usart.o(i.USART_OneBitMethodCmd), (20 bytes).
    Removing stm32f10x_usart.o(i.USART_OverSampling8Cmd), (20 bytes).
    Removing stm32f10x_usart.o(i.USART_ReceiveData), (8 bytes).
    Removing stm32f10x_usart.o(i.USART_ReceiverWakeUpCmd), (20 bytes).
    Removing stm32f10x_usart.o(i.USART_SendBreak), (10 bytes).
    Removing stm32f10x_usart.o(i.USART_SendData), (8 bytes).
    Removing stm32f10x_usart.o(i.USART_SetAddress), (16 bytes).
    Removing stm32f10x_usart.o(i.USART_SetGuardTime), (16 bytes).
    Removing stm32f10x_usart.o(i.USART_SetPrescaler), (16 bytes).
    Removing stm32f10x_usart.o(i.USART_SmartCardCmd), (20 bytes).
    Removing stm32f10x_usart.o(i.USART_SmartCardNACKCmd), (20 bytes).
    Removing stm32f10x_usart.o(i.USART_StructInit), (22 bytes).
    Removing stm32f10x_usart.o(i.USART_WakeUpConfig), (16 bytes).
    Removing stm32f10x_wwdg.o(i.WWDG_ClearFlag), (12 bytes).
    Removing stm32f10x_wwdg.o(i.WWDG_DeInit), (24 bytes).
    Removing stm32f10x_wwdg.o(i.WWDG_Enable), (16 bytes).
    Removing stm32f10x_wwdg.o(i.WWDG_EnableIT), (16 bytes).
    Removing stm32f10x_wwdg.o(i.WWDG_GetFlagStatus), (12 bytes).
    Removing stm32f10x_wwdg.o(i.WWDG_SetCounter), (16 bytes).
    Removing stm32f10x_wwdg.o(i.WWDG_SetPrescaler), (20 bytes).
    Removing stm32f10x_wwdg.o(i.WWDG_SetWindowValue), (28 bytes).
    Removing stm32f10x_exti.o(i.EXTI_ClearFlag), (12 bytes).
    Removing stm32f10x_exti.o(i.EXTI_ClearITPendingBit), (12 bytes).
    Removing stm32f10x_exti.o(i.EXTI_DeInit), (36 bytes).
    Removing stm32f10x_exti.o(i.EXTI_GenerateSWInterrupt), (16 bytes).
    Removing stm32f10x_exti.o(i.EXTI_GetFlagStatus), (20 bytes).
    Removing stm32f10x_exti.o(i.EXTI_GetITStatus), (32 bytes).
    Removing stm32f10x_exti.o(i.EXTI_Init), (112 bytes).
    Removing stm32f10x_exti.o(i.EXTI_StructInit), (14 bytes).
    Removing common.o(i.Common_Init), (2 bytes).
    Removing common.o(i.get_u16_from_buf), (10 bytes).
    Removing common.o(i.get_u32_from_buf), (22 bytes).
    Removing common.o(i.no_optimize), (2 bytes).
    Removing common.o(i.set_u16_to_buf), (8 bytes).
    Removing common.o(i.set_u32_to_buf), (16 bytes).
    Removing main.o(.data), (4 bytes).
    Removing system.o(i.DAC1_Config), (188 bytes).
    Removing system.o(i.EXTI_Config), (2 bytes).
    Removing system.o(i.EXTI_ConfigOne), (36 bytes).
    Removing system.o(i.Timer6_Config), (92 bytes).
    Removing system_stm32f10x.o(i.SystemCoreClockUpdate), (120 bytes).
    Removing system_stm32f10x.o(.data), (20 bytes).
    Removing buzzer.o(i.buzzer_off), (16 bytes).
    Removing buzzer.o(i.buzzer_on), (16 bytes).
    Removing buzzer.o(i.buzzer_onAutoOff), (32 bytes).
    Removing buzzer.o(i.buzzer_onAutoOff_proc), (16 bytes).
    Removing lcd12864.o(i.lcd12864_clear_line), (76 bytes).
    Removing lcd12864.o(i.lcd12864_delay), (2 bytes).
    Removing lcd12864.o(i.lcd12864_delay_ms), (4 bytes).
    Removing lcd12864.o(i.lcd12864_display_graphic_16x16), (92 bytes).
    Removing lcd12864.o(i.lcd12864_display_graphic_32x32), (92 bytes).
    Removing lcd12864.o(i.lcd12864_display_graphic_8x16), (92 bytes).
    Removing lcd12864.o(i.lcd12864_display_graphic_symbol), (76 bytes).
    Removing lcd12864.o(i.lcd12864_display_logo), (84 bytes).
    Removing lcd12864.o(i.lcd12864_display_string_8x16), (140 bytes).
    Removing lcd12864.o(i.lcd12864_draw_line), (104 bytes).
    Removing lcd12864.o(i.lcd12864_draw_point), (4 bytes).
    Removing lcd12864.o(i.lcd12864_draw_point_to_buf), (32 bytes).
    Removing lcd12864.o(i.lcd12864_full_display), (38 bytes).
    Removing lcd12864.o(i.lcd12864_led_off), (16 bytes).
    Removing lcd12864.o(i.lcd12864_read_data), (24 bytes).
    Removing lcd12864.o(i.lcd12864_set_auto_update), (12 bytes).
    Removing led.o(i.led1_onAutoOff_proc), (6 bytes).
    Removing led.o(i.led2_onAutoOff_proc), (6 bytes).
    Removing led.o(i.led3_onAutoOff_proc), (6 bytes).
    Removing led.o(i.led_init), (72 bytes).
    Removing led.o(i.led_is_on), (84 bytes).
    Removing led.o(i.led_off), (56 bytes).
    Removing led.o(i.led_on), (56 bytes).
    Removing led.o(i.led_onAutoOff), (68 bytes).
    Removing led.o(i.led_reverse), (96 bytes).
    Removing cmt_spi3.o(i.cmt_spi3_write_fifo), (200 bytes).
    Removing time_server.o(i.IsUserTimeout), (28 bytes).
    Removing time_server.o(i.SetUserTimeout), (16 bytes).
    Removing time_server.o(i.system_delay_10us), (144 bytes).
    Removing time_server.o(i.system_delay_500ns), (46 bytes).
    Removing time_server.o(i.time_server_init), (28 bytes).
    Removing time_server.o(i.time_server_setDelayRunTask), (72 bytes).
    Removing interrupt_server.o(i.IntSrc_FindGpioExtiPinMap), (44 bytes).
    Removing interrupt_server.o(i.IntSrc_FindGpioExtiPortMap), (32 bytes).
    Removing interrupt_server.o(i.IntSrv_Backup), (16 bytes).
    Removing interrupt_server.o(i.IntSrv_Init), (28 bytes).
    Removing interrupt_server.o(i.IntSrv_Register), (132 bytes).
    Removing interrupt_server.o(i.IntSrv_Restore), (64 bytes).
    Removing interrupt_server.o(i.IntSrv_UnRegister), (108 bytes).
    Removing interrupt_server.o(.constdata), (248 bytes).
    Removing key_server.o(i.Key_Init), (96 bytes).
    Removing key_server.o(i.Key_IsDown), (28 bytes).
    Removing key_server.o(i.Key_IsLongDown), (44 bytes).
    Removing key_server.o(i.Key_IsLongUp), (48 bytes).
    Removing key_server.o(i.Key_IsUp), (28 bytes).
    Removing key_server.o(i.Key_ScanStatus), (140 bytes).
    Removing key_server.o(.bss), (100 bytes).
    Removing cmt2300a.o(i.CMT2300A_ClearTxFifo), (22 bytes).
    Removing cmt2300a.o(i.CMT2300A_ConfigTxDin), (26 bytes).
    Removing cmt2300a.o(i.CMT2300A_EnableAfc), (32 bytes).
    Removing cmt2300a.o(i.CMT2300A_EnableAntennaSwitch), (48 bytes).
    Removing cmt2300a.o(i.CMT2300A_EnableFifoMerge), (32 bytes).
    Removing cmt2300a.o(i.CMT2300A_EnableLfoscOutput), (32 bytes).
    Removing cmt2300a.o(i.CMT2300A_EnableRxFifoAutoClear), (32 bytes).
    Removing cmt2300a.o(i.CMT2300A_EnableTxDin), (32 bytes).
    Removing cmt2300a.o(i.CMT2300A_EnableTxDinInvert), (32 bytes).
    Removing cmt2300a.o(i.CMT2300A_EnableWriteFifo), (22 bytes).
    Removing cmt2300a.o(i.CMT2300A_GetRssiCode), (6 bytes).
    Removing cmt2300a.o(i.CMT2300A_GetRssiDBm), (12 bytes).
    Removing cmt2300a.o(i.CMT2300A_GoRFS), (6 bytes).
    Removing cmt2300a.o(i.CMT2300A_GoTFS), (6 bytes).
    Removing cmt2300a.o(i.CMT2300A_GoTx), (6 bytes).
    Removing cmt2300a.o(i.CMT2300A_RestoreFifo), (8 bytes).
    Removing cmt2300a.o(i.CMT2300A_SetAfcOvfTh), (8 bytes).
    Removing cmt2300a.o(i.CMT2300A_SetFifoThreshold), (30 bytes).
    Removing cmt2300a.o(i.CMT2300A_SetFrequencyChannel), (8 bytes).
    Removing cmt2300a.o(i.CMT2300A_SetFrequencyStep), (8 bytes).
    Removing cmt2300a.o(i.CMT2300A_SetInterruptPolar), (32 bytes).
    Removing cmt2300a.o(i.CMT2300A_SetPayloadLength), (40 bytes).
    Removing cmt2300a_hal.o(i.CMT2300A_WriteFifo), (4 bytes).
    Removing dadd.o(.text), (334 bytes).
    Removing dmul.o(.text), (228 bytes).
    Removing ddiv.o(.text), (222 bytes).
    Removing dfixul.o(.text), (48 bytes).
    Removing cdrcmple.o(.text), (48 bytes).
    Removing depilogue.o(.text), (186 bytes).

553 unused section(s) (total 19870 bytes) removed from the image.

==============================================================================

Image Symbol Table

    Local Symbols

    Symbol Name                              Value     Ov Type        Size  Object(Section)

    ../clib/microlib/division.c              0x00000000   Number         0  uidiv.o ABSOLUTE
    ../clib/microlib/division.c              0x00000000   Number         0  uldiv.o ABSOLUTE
    ../clib/microlib/init/entry.s            0x00000000   Number         0  entry7a.o ABSOLUTE
    ../clib/microlib/init/entry.s            0x00000000   Number         0  entry11b.o ABSOLUTE
    ../clib/microlib/init/entry.s            0x00000000   Number         0  entry11a.o ABSOLUTE
    ../clib/microlib/init/entry.s            0x00000000   Number         0  entry10b.o ABSOLUTE
    ../clib/microlib/init/entry.s            0x00000000   Number         0  entry8a.o ABSOLUTE
    ../clib/microlib/init/entry.s            0x00000000   Number         0  entry10a.o ABSOLUTE
    ../clib/microlib/init/entry.s            0x00000000   Number         0  entry9b.o ABSOLUTE
    ../clib/microlib/init/entry.s            0x00000000   Number         0  entry5.o ABSOLUTE
    ../clib/microlib/init/entry.s            0x00000000   Number         0  entry2.o ABSOLUTE
    ../clib/microlib/init/entry.s            0x00000000   Number         0  entry9a.o ABSOLUTE
    ../clib/microlib/init/entry.s            0x00000000   Number         0  entry7b.o ABSOLUTE
    ../clib/microlib/init/entry.s            0x00000000   Number         0  entry.o ABSOLUTE
    ../clib/microlib/init/entry.s            0x00000000   Number         0  entry8b.o ABSOLUTE
    ../clib/microlib/longlong.c              0x00000000   Number         0  llshl.o ABSOLUTE
    ../clib/microlib/longlong.c              0x00000000   Number         0  llushr.o ABSOLUTE
    ../clib/microlib/longlong.c              0x00000000   Number         0  llsshr.o ABSOLUTE
    ../clib/microlib/printf/printf.c         0x00000000   Number         0  printf2.o ABSOLUTE
    ../clib/microlib/printf/printf.c         0x00000000   Number         0  printf4.o ABSOLUTE
    ../clib/microlib/printf/printf.c         0x00000000   Number         0  printf3.o ABSOLUTE
    ../clib/microlib/printf/printf.c         0x00000000   Number         0  printf1.o ABSOLUTE
    ../clib/microlib/printf/printf.c         0x00000000   Number         0  printf0.o ABSOLUTE
    ../clib/microlib/printf/printf.c         0x00000000   Number         0  printfb.o ABSOLUTE
    ../clib/microlib/printf/printf.c         0x00000000   Number         0  printfa.o ABSOLUTE
    ../clib/microlib/printf/printf.c         0x00000000   Number         0  printf8.o ABSOLUTE
    ../clib/microlib/printf/printf.c         0x00000000   Number         0  printf5.o ABSOLUTE
    ../clib/microlib/printf/printf.c         0x00000000   Number         0  printf6.o ABSOLUTE
    ../clib/microlib/printf/printf.c         0x00000000   Number         0  printf7.o ABSOLUTE
    ../clib/microlib/printf/stubs.s          0x00000000   Number         0  stubs.o ABSOLUTE
    ../clib/microlib/stdio/fputc.c           0x00000000   Number         0  fputc.o ABSOLUTE
    ../clib/microlib/stdio/semi.s            0x00000000   Number         0  semi.o ABSOLUTE
    ../clib/microlib/stdio/streams.c         0x00000000   Number         0  stdout.o ABSOLUTE
    ../clib/microlib/string/memcmp.c         0x00000000   Number         0  memcmp.o ABSOLUTE
    ../clib/microlib/string/memcpy.c         0x00000000   Number         0  memcpya.o ABSOLUTE
    ../clib/microlib/string/memcpy.c         0x00000000   Number         0  memcpyb.o ABSOLUTE
    ../clib/microlib/string/memset.c         0x00000000   Number         0  memseta.o ABSOLUTE
    ../clib/microlib/string/strlen.c         0x00000000   Number         0  strlen.o ABSOLUTE
    ../clib/microlib/stubs.s                 0x00000000   Number         0  iusefp.o ABSOLUTE
    ../clib/microlib/stubs.s                 0x00000000   Number         0  iusesemip.o ABSOLUTE
    ../fplib/microlib/fpadd.c                0x00000000   Number         0  dadd.o ABSOLUTE
    ../fplib/microlib/fpdiv.c                0x00000000   Number         0  ddiv.o ABSOLUTE
    ../fplib/microlib/fpepilogue.c           0x00000000   Number         0  depilogue.o ABSOLUTE
    ../fplib/microlib/fpfix.c                0x00000000   Number         0  dfixul.o ABSOLUTE
    ../fplib/microlib/fpmul.c                0x00000000   Number         0  dmul.o ABSOLUTE
    ..\Libraries\STM32F10x_StdPeriph_DriverFWLib3.5\LIB\misc.c 0x00000000   Number         0  misc.o ABSOLUTE
    ..\Libraries\STM32F10x_StdPeriph_DriverFWLib3.5\LIB\stm32f10x_adc.c 0x00000000   Number         0  stm32f10x_adc.o ABSOLUTE
    ..\Libraries\STM32F10x_StdPeriph_DriverFWLib3.5\LIB\stm32f10x_bkp.c 0x00000000   Number         0  stm32f10x_bkp.o ABSOLUTE
    ..\Libraries\STM32F10x_StdPeriph_DriverFWLib3.5\LIB\stm32f10x_can.c 0x00000000   Number         0  stm32f10x_can.o ABSOLUTE
    ..\Libraries\STM32F10x_StdPeriph_DriverFWLib3.5\LIB\stm32f10x_cec.c 0x00000000   Number         0  stm32f10x_cec.o ABSOLUTE
    ..\Libraries\STM32F10x_StdPeriph_DriverFWLib3.5\LIB\stm32f10x_crc.c 0x00000000   Number         0  stm32f10x_crc.o ABSOLUTE
    ..\Libraries\STM32F10x_StdPeriph_DriverFWLib3.5\LIB\stm32f10x_dac.c 0x00000000   Number         0  stm32f10x_dac.o ABSOLUTE
    ..\Libraries\STM32F10x_StdPeriph_DriverFWLib3.5\LIB\stm32f10x_dbgmcu.c 0x00000000   Number         0  stm32f10x_dbgmcu.o ABSOLUTE
    ..\Libraries\STM32F10x_StdPeriph_DriverFWLib3.5\LIB\stm32f10x_dma.c 0x00000000   Number         0  stm32f10x_dma.o ABSOLUTE
    ..\Libraries\STM32F10x_StdPeriph_DriverFWLib3.5\LIB\stm32f10x_exti.c 0x00000000   Number         0  stm32f10x_exti.o ABSOLUTE
    ..\Libraries\STM32F10x_StdPeriph_DriverFWLib3.5\LIB\stm32f10x_flash.c 0x00000000   Number         0  stm32f10x_flash.o ABSOLUTE
    ..\Libraries\STM32F10x_StdPeriph_DriverFWLib3.5\LIB\stm32f10x_fsmc.c 0x00000000   Number         0  stm32f10x_fsmc.o ABSOLUTE
    ..\Libraries\STM32F10x_StdPeriph_DriverFWLib3.5\LIB\stm32f10x_gpio.c 0x00000000   Number         0  stm32f10x_gpio.o ABSOLUTE
    ..\Libraries\STM32F10x_StdPeriph_DriverFWLib3.5\LIB\stm32f10x_i2c.c 0x00000000   Number         0  stm32f10x_i2c.o ABSOLUTE
    ..\Libraries\STM32F10x_StdPeriph_DriverFWLib3.5\LIB\stm32f10x_iwdg.c 0x00000000   Number         0  stm32f10x_iwdg.o ABSOLUTE
    ..\Libraries\STM32F10x_StdPeriph_DriverFWLib3.5\LIB\stm32f10x_pwr.c 0x00000000   Number         0  stm32f10x_pwr.o ABSOLUTE
    ..\Libraries\STM32F10x_StdPeriph_DriverFWLib3.5\LIB\stm32f10x_rcc.c 0x00000000   Number         0  stm32f10x_rcc.o ABSOLUTE
    ..\Libraries\STM32F10x_StdPeriph_DriverFWLib3.5\LIB\stm32f10x_rtc.c 0x00000000   Number         0  stm32f10x_rtc.o ABSOLUTE
    ..\Libraries\STM32F10x_StdPeriph_DriverFWLib3.5\LIB\stm32f10x_sdio.c 0x00000000   Number         0  stm32f10x_sdio.o ABSOLUTE
    ..\Libraries\STM32F10x_StdPeriph_DriverFWLib3.5\LIB\stm32f10x_spi.c 0x00000000   Number         0  stm32f10x_spi.o ABSOLUTE
    ..\Libraries\STM32F10x_StdPeriph_DriverFWLib3.5\LIB\stm32f10x_tim.c 0x00000000   Number         0  stm32f10x_tim.o ABSOLUTE
    ..\Libraries\STM32F10x_StdPeriph_DriverFWLib3.5\LIB\stm32f10x_usart.c 0x00000000   Number         0  stm32f10x_usart.o ABSOLUTE
    ..\Libraries\STM32F10x_StdPeriph_DriverFWLib3.5\LIB\stm32f10x_wwdg.c 0x00000000   Number         0  stm32f10x_wwdg.o ABSOLUTE
    ..\Libraries\STM32F10x_StdPeriph_DriverFWLib3.5\M3\core_cm3.c 0x00000000   Number         0  core_cm3.o ABSOLUTE
    ..\Libraries\STM32F10x_StdPeriph_DriverFWLib3.5\Startup\startup_stm32f10x_hd.s 0x00000000   Number         0  startup_stm32f10x_hd.o ABSOLUTE
    ..\USER\periph\buzzer.c                  0x00000000   Number         0  buzzer.o ABSOLUTE
    ..\USER\periph\cmt_spi3.c                0x00000000   Number         0  cmt_spi3.o ABSOLUTE
    ..\USER\periph\lcd12864.c                0x00000000   Number         0  lcd12864.o ABSOLUTE
    ..\USER\periph\led.c                     0x00000000   Number         0  led.o ABSOLUTE
    ..\USER\platform\common.c                0x00000000   Number         0  common.o ABSOLUTE
    ..\USER\platform\main.c                  0x00000000   Number         0  main.o ABSOLUTE
    ..\USER\platform\stm32f10x_it.c          0x00000000   Number         0  stm32f10x_it.o ABSOLUTE
    ..\USER\platform\system.c                0x00000000   Number         0  system.o ABSOLUTE
    ..\USER\platform\system_stm32f10x.c      0x00000000   Number         0  system_stm32f10x.o ABSOLUTE
    ..\USER\radio\cmt2300a.c                 0x00000000   Number         0  cmt2300a.o ABSOLUTE
    ..\USER\radio\cmt2300a_hal.c             0x00000000   Number         0  cmt2300a_hal.o ABSOLUTE
    ..\USER\radio\radio.c                    0x00000000   Number         0  radio.o ABSOLUTE
    ..\USER\services\interrupt_server.c      0x00000000   Number         0  interrupt_server.o ABSOLUTE
    ..\USER\services\key_server.c            0x00000000   Number         0  key_server.o ABSOLUTE
    ..\USER\services\time_server.c           0x00000000   Number         0  time_server.o ABSOLUTE
    ..\\Libraries\\STM32F10x_StdPeriph_DriverFWLib3.5\\M3\\core_cm3.c 0x00000000   Number         0  core_cm3.o ABSOLUTE
    cdrcmple.s                               0x00000000   Number         0  cdrcmple.o ABSOLUTE
    dc.s                                     0x00000000   Number         0  dc.o ABSOLUTE
    handlers.s                               0x00000000   Number         0  handlers.o ABSOLUTE
    init.s                                   0x00000000   Number         0  init.o ABSOLUTE
    RESET                                    0x08000000   Section      304  startup_stm32f10x_hd.o(RESET)
    .ARM.Collect$$$$00000000                 0x08000130   Section        0  entry.o(.ARM.Collect$$$$00000000)
    .ARM.Collect$$$$00000001                 0x08000130   Section        4  entry2.o(.ARM.Collect$$$$00000001)
    .ARM.Collect$$$$00000004                 0x08000134   Section        4  entry5.o(.ARM.Collect$$$$00000004)
    .ARM.Collect$$$$00000008                 0x08000138   Section        0  entry7b.o(.ARM.Collect$$$$00000008)
    .ARM.Collect$$$$0000000A                 0x08000138   Section        0  entry8b.o(.ARM.Collect$$$$0000000A)
    .ARM.Collect$$$$0000000B                 0x08000138   Section        8  entry9a.o(.ARM.Collect$$$$0000000B)
    .ARM.Collect$$$$0000000D                 0x08000140   Section        0  entry10a.o(.ARM.Collect$$$$0000000D)
    .ARM.Collect$$$$0000000F                 0x08000140   Section        0  entry11a.o(.ARM.Collect$$$$0000000F)
    .ARM.Collect$$$$00002712                 0x08000140   Section        4  entry2.o(.ARM.Collect$$$$00002712)
    __lit__00000000                          0x08000140   Data           4  entry2.o(.ARM.Collect$$$$00002712)
    .text                                    0x08000144   Section       28  startup_stm32f10x_hd.o(.text)
    .text                                    0x08000160   Section        0  memcpya.o(.text)
    .text                                    0x08000184   Section        0  memseta.o(.text)
    .text                                    0x080001a8   Section        0  strlen.o(.text)
    .text                                    0x080001b6   Section        0  uidiv.o(.text)
    .text                                    0x080001e4   Section       36  init.o(.text)
    i.CMT2300A_AutoSwitchStatus              0x08000208   Section        0  cmt2300a.o(i.CMT2300A_AutoSwitchStatus)
    i.CMT2300A_ClearInterruptFlags           0x080002a0   Section        0  cmt2300a.o(i.CMT2300A_ClearInterruptFlags)
    i.CMT2300A_ClearRxFifo                   0x08000362   Section        0  cmt2300a.o(i.CMT2300A_ClearRxFifo)
    i.CMT2300A_ConfigGpio                    0x08000378   Section        0  cmt2300a.o(i.CMT2300A_ConfigGpio)
    i.CMT2300A_ConfigInterrupt               0x08000380   Section        0  cmt2300a.o(i.CMT2300A_ConfigInterrupt)
    i.CMT2300A_ConfigRegBank                 0x080003b4   Section        0  cmt2300a.o(i.CMT2300A_ConfigRegBank)
    i.CMT2300A_EnableInterrupt               0x080003da   Section        0  cmt2300a.o(i.CMT2300A_EnableInterrupt)
    i.CMT2300A_EnableLfosc                   0x080003e2   Section        0  cmt2300a.o(i.CMT2300A_EnableLfosc)
    i.CMT2300A_EnableReadFifo                0x08000402   Section        0  cmt2300a.o(i.CMT2300A_EnableReadFifo)
    i.CMT2300A_GetChipStatus                 0x08000418   Section        0  cmt2300a.o(i.CMT2300A_GetChipStatus)
    i.CMT2300A_GoRx                          0x08000426   Section        0  cmt2300a.o(i.CMT2300A_GoRx)
    i.CMT2300A_GoSleep                       0x0800042c   Section        0  cmt2300a.o(i.CMT2300A_GoSleep)
    i.CMT2300A_GoStby                        0x08000432   Section        0  cmt2300a.o(i.CMT2300A_GoStby)
    i.CMT2300A_Init                          0x08000438   Section        0  cmt2300a.o(i.CMT2300A_Init)
    i.CMT2300A_InitGpio                      0x0800047c   Section        0  cmt2300a_hal.o(i.CMT2300A_InitGpio)
    i.CMT2300A_IsExist                       0x080004b0   Section        0  cmt2300a.o(i.CMT2300A_IsExist)
    i.CMT2300A_ReadFifo                      0x080004de   Section        0  cmt2300a_hal.o(i.CMT2300A_ReadFifo)
    i.CMT2300A_ReadReg                       0x080004e2   Section        0  cmt2300a_hal.o(i.CMT2300A_ReadReg)
    i.CMT2300A_SoftReset                     0x080004f6   Section        0  cmt2300a.o(i.CMT2300A_SoftReset)
    i.CMT2300A_WriteReg                      0x080004fe   Section        0  cmt2300a_hal.o(i.CMT2300A_WriteReg)
    i.EXTI0_IRQHandler                       0x08000504   Section        0  stm32f10x_it.o(i.EXTI0_IRQHandler)
    i.EXTI15_10_IRQHandler                   0x08000530   Section        0  stm32f10x_it.o(i.EXTI15_10_IRQHandler)
    i.EXTI1_IRQHandler                       0x080005e8   Section        0  stm32f10x_it.o(i.EXTI1_IRQHandler)
    i.EXTI2_IRQHandler                       0x08000614   Section        0  stm32f10x_it.o(i.EXTI2_IRQHandler)
    i.EXTI3_IRQHandler                       0x08000640   Section        0  stm32f10x_it.o(i.EXTI3_IRQHandler)
    i.EXTI4_IRQHandler                       0x0800066c   Section        0  stm32f10x_it.o(i.EXTI4_IRQHandler)
    i.EXTI9_5_IRQHandler                     0x08000698   Section        0  stm32f10x_it.o(i.EXTI9_5_IRQHandler)
    i.GPIO_Config                            0x08000728   Section        0  common.o(i.GPIO_Config)
    i.GPIO_Pin_Setting                       0x080007f0   Section        0  common.o(i.GPIO_Pin_Setting)
    i.Mcu_Init                               0x0800084e   Section        0  main.o(i.Mcu_Init)
    i.NVIC_Config                            0x08000874   Section        0  system.o(i.NVIC_Config)
    i.NVIC_Init                              0x08000990   Section        0  misc.o(i.NVIC_Init)
    i.NVIC_PriorityGroupConfig               0x080009f4   Section        0  misc.o(i.NVIC_PriorityGroupConfig)
    i.RCC_APB1PeriphClockCmd                 0x08000a08   Section        0  stm32f10x_rcc.o(i.RCC_APB1PeriphClockCmd)
    i.RCC_APB1PeriphResetCmd                 0x08000a20   Section        0  stm32f10x_rcc.o(i.RCC_APB1PeriphResetCmd)
    i.RCC_APB2PeriphClockCmd                 0x08000a38   Section        0  stm32f10x_rcc.o(i.RCC_APB2PeriphClockCmd)
    i.RCC_APB2PeriphResetCmd                 0x08000a50   Section        0  stm32f10x_rcc.o(i.RCC_APB2PeriphResetCmd)
    i.RF_Config                              0x08000a68   Section        0  radio.o(i.RF_Config)
    i.RF_Init                                0x08000a8c   Section        0  radio.o(i.RF_Init)
    i.Radio_Recv_FixedLen                    0x08000afc   Section        0  main.o(i.Radio_Recv_FixedLen)
    i.SetSysClockTo72                        0x08000b30   Section        0  system_stm32f10x.o(i.SetSysClockTo72)
    SetSysClockTo72                          0x08000b31   Thumb Code   160  system_stm32f10x.o(i.SetSysClockTo72)
    i.SysTick_CLKSourceConfig                0x08000bd8   Section        0  misc.o(i.SysTick_CLKSourceConfig)
    i.SysTick_Handler                        0x08000bf0   Section        0  stm32f10x_it.o(i.SysTick_Handler)
    i.SystemInit                             0x08000c0c   Section        0  system_stm32f10x.o(i.SystemInit)
    i.SystemTimerDelay_Config                0x08000c5c   Section        0  system.o(i.SystemTimerDelay_Config)
    i.TIM1_BRK_IRQHandler                    0x08000c84   Section        0  stm32f10x_it.o(i.TIM1_BRK_IRQHandler)
    i.TIM1_CC_IRQHandler                     0x08000c86   Section        0  stm32f10x_it.o(i.TIM1_CC_IRQHandler)
    i.TIM1_TRG_COM_IRQHandler                0x08000c88   Section        0  stm32f10x_it.o(i.TIM1_TRG_COM_IRQHandler)
    i.TIM1_UP_IRQHandler                     0x08000c8a   Section        0  stm32f10x_it.o(i.TIM1_UP_IRQHandler)
    i.TIM2_IRQHandler                        0x08000c8c   Section        0  stm32f10x_it.o(i.TIM2_IRQHandler)
    i.TIM3_IRQHandler                        0x08000c8e   Section        0  stm32f10x_it.o(i.TIM3_IRQHandler)
    i.TIM4_IRQHandler                        0x08000c90   Section        0  stm32f10x_it.o(i.TIM4_IRQHandler)
    i.TIM5_IRQHandler                        0x08000cac   Section        0  stm32f10x_it.o(i.TIM5_IRQHandler)
    i.TIM6_IRQHandler                        0x08000ccc   Section        0  stm32f10x_it.o(i.TIM6_IRQHandler)
    i.TIM_ARRPreloadConfig                   0x08000cf4   Section        0  stm32f10x_tim.o(i.TIM_ARRPreloadConfig)
    i.TIM_ClearFlag                          0x08000d08   Section        0  stm32f10x_tim.o(i.TIM_ClearFlag)
    i.TIM_Cmd                                0x08000d0e   Section        0  stm32f10x_tim.o(i.TIM_Cmd)
    i.TIM_DeInit                             0x08000d24   Section        0  stm32f10x_tim.o(i.TIM_DeInit)
    i.TIM_ITConfig                           0x08000e94   Section        0  stm32f10x_tim.o(i.TIM_ITConfig)
    i.TIM_TimeBaseInit                       0x08000ea4   Section        0  stm32f10x_tim.o(i.TIM_TimeBaseInit)
    i.Timer5_Config                          0x08000f40   Section        0  system.o(i.Timer5_Config)
    i.__0sprintf$1                           0x08000f94   Section        0  printf1.o(i.__0sprintf$1)
    i.__scatterload_copy                     0x08000fbc   Section       14  handlers.o(i.__scatterload_copy)
    i.__scatterload_null                     0x08000fca   Section        2  handlers.o(i.__scatterload_null)
    i.__scatterload_zeroinit                 0x08000fcc   Section       14  handlers.o(i.__scatterload_zeroinit)
    i._printf_core                           0x08000fdc   Section        0  printf1.o(i._printf_core)
    _printf_core                             0x08000fdd   Thumb Code   336  printf1.o(i._printf_core)
    i._sputc                                 0x08001130   Section        0  printf1.o(i._sputc)
    _sputc                                   0x08001131   Thumb Code    10  printf1.o(i._sputc)
    i.buzzer_init                            0x0800113c   Section        0  buzzer.o(i.buzzer_init)
    i.cmt_spi3_delay                         0x0800115c   Section        0  cmt_spi3.o(i.cmt_spi3_delay)
    i.cmt_spi3_delay_us                      0x08001164   Section        0  cmt_spi3.o(i.cmt_spi3_delay_us)
    i.cmt_spi3_init                          0x08001170   Section        0  cmt_spi3.o(i.cmt_spi3_init)
    i.cmt_spi3_read                          0x080011d8   Section        0  cmt_spi3.o(i.cmt_spi3_read)
    i.cmt_spi3_read_fifo                     0x08001280   Section        0  cmt_spi3.o(i.cmt_spi3_read_fifo)
    i.cmt_spi3_recv                          0x08001344   Section        0  cmt_spi3.o(i.cmt_spi3_recv)
    i.cmt_spi3_send                          0x08001394   Section        0  cmt_spi3.o(i.cmt_spi3_send)
    i.cmt_spi3_write                         0x080013d8   Section        0  cmt_spi3.o(i.cmt_spi3_write)
    i.lcd12864_clear_screen                  0x08001474   Section        0  lcd12864.o(i.lcd12864_clear_screen)
    i.lcd12864_display_string_6x8            0x0800149c   Section        0  lcd12864.o(i.lcd12864_display_string_6x8)
    i.lcd12864_init                          0x08001514   Section        0  lcd12864.o(i.lcd12864_init)
    i.lcd12864_init_lcd                      0x080015a0   Section        0  lcd12864.o(i.lcd12864_init_lcd)
    i.lcd12864_led_on                        0x08001634   Section        0  lcd12864.o(i.lcd12864_led_on)
    i.lcd12864_reset                         0x08001644   Section        0  lcd12864.o(i.lcd12864_reset)
    i.lcd12864_send_cmd                      0x0800166c   Section        0  lcd12864.o(i.lcd12864_send_cmd)
    i.lcd12864_send_data                     0x080016ac   Section        0  lcd12864.o(i.lcd12864_send_data)
    i.lcd12864_set_address                   0x08001708   Section        0  lcd12864.o(i.lcd12864_set_address)
    i.lcd12864_update_data                   0x08001738   Section        0  lcd12864.o(i.lcd12864_update_data)
    i.main                                   0x08001794   Section        0  main.o(i.main)
    i.system_delay_100us                     0x0800186c   Section        0  time_server.o(i.system_delay_100us)
    i.system_delay_ms                        0x080018fa   Section        0  time_server.o(i.system_delay_ms)
    i.system_delay_us                        0x08001910   Section        0  time_server.o(i.system_delay_us)
    i.time_server_interrupt_proc5            0x0800199c   Section        0  time_server.o(i.time_server_interrupt_proc5)
    i.views_print_line                       0x080019ec   Section        0  common.o(i.views_print_line)
    .constdata                               0x08001a30   Section     1995  lcd12864.o(.constdata)
    .constdata                               0x080021fb   Section       96  radio.o(.constdata)
    .data                                    0x20000000   Section        4  main.o(.data)
    .data                                    0x20000004   Section        3  lcd12864.o(.data)
    .data                                    0x20000008   Section       20  time_server.o(.data)
    .data                                    0x2000001c   Section        4  time_server.o(.data)
    .bss                                     0x20000020   Section       32  common.o(.bss)
    buf                                      0x20000020   Data          32  common.o(.bss)
    .bss                                     0x20000040   Section       64  main.o(.bss)
    g_rxBuffer                               0x20000040   Data          32  main.o(.bss)
    .bss                                     0x20000080   Section     2048  lcd12864.o(.bss)
    .bss                                     0x20000880   Section      128  time_server.o(.bss)
    .bss                                     0x20000900   Section      384  interrupt_server.o(.bss)
    STACK                                    0x20000a80   Section     1024  startup_stm32f10x_hd.o(STACK)

    Global Symbols

    Symbol Name                              Value     Ov Type        Size  Object(Section)

    BuildAttributes$$THM_ISAv4$P$D$K$B$S$PE$A:L22UL41UL21$X:L11$S22US41US21$IEEE1$IW$USESV6$~STKCKD$USESV7$~SHL$OSPACE$ROPI$EBA8$MICROLIB$REQ8$PRES8$EABIv2 0x00000000   Number         0  anon$$obj.o ABSOLUTE
    __ARM_use_no_argv                        0x00000000   Number         0  main.o ABSOLUTE
    _printf_a                                0x00000000   Number         0  stubs.o ABSOLUTE
    _printf_c                                0x00000000   Number         0  stubs.o ABSOLUTE
    _printf_charcount                        0x00000000   Number         0  stubs.o ABSOLUTE
    _printf_d                                0x00000000   Number         0  stubs.o ABSOLUTE
    _printf_e                                0x00000000   Number         0  stubs.o ABSOLUTE
    _printf_f                                0x00000000   Number         0  stubs.o ABSOLUTE
    _printf_flags                            0x00000000   Number         0  stubs.o ABSOLUTE
    _printf_fp_dec                           0x00000000   Number         0  stubs.o ABSOLUTE
    _printf_fp_hex                           0x00000000   Number         0  stubs.o ABSOLUTE
    _printf_g                                0x00000000   Number         0  stubs.o ABSOLUTE
    _printf_i                                0x00000000   Number         0  stubs.o ABSOLUTE
    _printf_int_dec                          0x00000000   Number         0  stubs.o ABSOLUTE
    _printf_l                                0x00000000   Number         0  stubs.o ABSOLUTE
    _printf_lc                               0x00000000   Number         0  stubs.o ABSOLUTE
    _printf_ll                               0x00000000   Number         0  stubs.o ABSOLUTE
    _printf_lld                              0x00000000   Number         0  stubs.o ABSOLUTE
    _printf_lli                              0x00000000   Number         0  stubs.o ABSOLUTE
    _printf_llo                              0x00000000   Number         0  stubs.o ABSOLUTE
    _printf_llu                              0x00000000   Number         0  stubs.o ABSOLUTE
    _printf_llx                              0x00000000   Number         0  stubs.o ABSOLUTE
    _printf_longlong_dec                     0x00000000   Number         0  stubs.o ABSOLUTE
    _printf_longlong_hex                     0x00000000   Number         0  stubs.o ABSOLUTE
    _printf_longlong_oct                     0x00000000   Number         0  stubs.o ABSOLUTE
    _printf_ls                               0x00000000   Number         0  stubs.o ABSOLUTE
    _printf_mbtowc                           0x00000000   Number         0  stubs.o ABSOLUTE
    _printf_n                                0x00000000   Number         0  stubs.o ABSOLUTE
    _printf_o                                0x00000000   Number         0  stubs.o ABSOLUTE
    _printf_p                                0x00000000   Number         0  stubs.o ABSOLUTE
    _printf_percent                          0x00000000   Number         0  stubs.o ABSOLUTE
    _printf_pre_padding                      0x00000000   Number         0  stubs.o ABSOLUTE
    _printf_return_value                     0x00000000   Number         0  stubs.o ABSOLUTE
    _printf_s                                0x00000000   Number         0  stubs.o ABSOLUTE
    _printf_sizespec                         0x00000000   Number         0  stubs.o ABSOLUTE
    _printf_str                              0x00000000   Number         0  stubs.o ABSOLUTE
    _printf_truncate_signed                  0x00000000   Number         0  stubs.o ABSOLUTE
    _printf_truncate_unsigned                0x00000000   Number         0  stubs.o ABSOLUTE
    _printf_u                                0x00000000   Number         0  stubs.o ABSOLUTE
    _printf_wc                               0x00000000   Number         0  stubs.o ABSOLUTE
    _printf_wctomb                           0x00000000   Number         0  stubs.o ABSOLUTE
    _printf_widthprec                        0x00000000   Number         0  stubs.o ABSOLUTE
    _printf_x                                0x00000000   Number         0  stubs.o ABSOLUTE
    __cpp_initialize__aeabi_                  - Undefined Weak Reference
    __cxa_finalize                            - Undefined Weak Reference
    __decompress                              - Undefined Weak Reference
    _clock_init                               - Undefined Weak Reference
    _microlib_exit                            - Undefined Weak Reference
    __Vectors_Size                           0x00000130   Number         0  startup_stm32f10x_hd.o ABSOLUTE
    __Vectors                                0x08000000   Data           4  startup_stm32f10x_hd.o(RESET)
    __Vectors_End                            0x08000130   Data           0  startup_stm32f10x_hd.o(RESET)
    __main                                   0x08000131   Thumb Code     0  entry.o(.ARM.Collect$$$$00000000)
    _main_stk                                0x08000131   Thumb Code     0  entry2.o(.ARM.Collect$$$$00000001)
    _main_scatterload                        0x08000135   Thumb Code     0  entry5.o(.ARM.Collect$$$$00000004)
    __main_after_scatterload                 0x08000139   Thumb Code     0  entry5.o(.ARM.Collect$$$$00000004)
    _main_clock                              0x08000139   Thumb Code     0  entry7b.o(.ARM.Collect$$$$00000008)
    _main_cpp_init                           0x08000139   Thumb Code     0  entry8b.o(.ARM.Collect$$$$0000000A)
    _main_init                               0x08000139   Thumb Code     0  entry9a.o(.ARM.Collect$$$$0000000B)
    __rt_final_cpp                           0x08000141   Thumb Code     0  entry10a.o(.ARM.Collect$$$$0000000D)
    __rt_final_exit                          0x08000141   Thumb Code     0  entry11a.o(.ARM.Collect$$$$0000000F)
    Reset_Handler                            0x08000145   Thumb Code     4  startup_stm32f10x_hd.o(.text)
    NMI_Handler                              0x08000149   Thumb Code     2  startup_stm32f10x_hd.o(.text)
    HardFault_Handler                        0x0800014b   Thumb Code     2  startup_stm32f10x_hd.o(.text)
    MemManage_Handler                        0x0800014d   Thumb Code     2  startup_stm32f10x_hd.o(.text)
    BusFault_Handler                         0x0800014f   Thumb Code     2  startup_stm32f10x_hd.o(.text)
    UsageFault_Handler                       0x08000151   Thumb Code     2  startup_stm32f10x_hd.o(.text)
    SVC_Handler                              0x08000153   Thumb Code     2  startup_stm32f10x_hd.o(.text)
    DebugMon_Handler                         0x08000155   Thumb Code     2  startup_stm32f10x_hd.o(.text)
    PendSV_Handler                           0x08000157   Thumb Code     2  startup_stm32f10x_hd.o(.text)
    ADC1_2_IRQHandler                        0x0800015b   Thumb Code     0  startup_stm32f10x_hd.o(.text)
    ADC3_IRQHandler                          0x0800015b   Thumb Code     0  startup_stm32f10x_hd.o(.text)
    CAN1_RX1_IRQHandler                      0x0800015b   Thumb Code     0  startup_stm32f10x_hd.o(.text)
    CAN1_SCE_IRQHandler                      0x0800015b   Thumb Code     0  startup_stm32f10x_hd.o(.text)
    DMA1_Channel1_IRQHandler                 0x0800015b   Thumb Code     0  startup_stm32f10x_hd.o(.text)
    DMA1_Channel2_IRQHandler                 0x0800015b   Thumb Code     0  startup_stm32f10x_hd.o(.text)
    DMA1_Channel3_IRQHandler                 0x0800015b   Thumb Code     0  startup_stm32f10x_hd.o(.text)
    DMA1_Channel4_IRQHandler                 0x0800015b   Thumb Code     0  startup_stm32f10x_hd.o(.text)
    DMA1_Channel5_IRQHandler                 0x0800015b   Thumb Code     0  startup_stm32f10x_hd.o(.text)
    DMA1_Channel6_IRQHandler                 0x0800015b   Thumb Code     0  startup_stm32f10x_hd.o(.text)
    DMA1_Channel7_IRQHandler                 0x0800015b   Thumb Code     0  startup_stm32f10x_hd.o(.text)
    DMA2_Channel1_IRQHandler                 0x0800015b   Thumb Code     0  startup_stm32f10x_hd.o(.text)
    DMA2_Channel2_IRQHandler                 0x0800015b   Thumb Code     0  startup_stm32f10x_hd.o(.text)
    DMA2_Channel3_IRQHandler                 0x0800015b   Thumb Code     0  startup_stm32f10x_hd.o(.text)
    DMA2_Channel4_5_IRQHandler               0x0800015b   Thumb Code     0  startup_stm32f10x_hd.o(.text)
    FLASH_IRQHandler                         0x0800015b   Thumb Code     0  startup_stm32f10x_hd.o(.text)
    FSMC_IRQHandler                          0x0800015b   Thumb Code     0  startup_stm32f10x_hd.o(.text)
    I2C1_ER_IRQHandler                       0x0800015b   Thumb Code     0  startup_stm32f10x_hd.o(.text)
    I2C1_EV_IRQHandler                       0x0800015b   Thumb Code     0  startup_stm32f10x_hd.o(.text)
    I2C2_ER_IRQHandler                       0x0800015b   Thumb Code     0  startup_stm32f10x_hd.o(.text)
    I2C2_EV_IRQHandler                       0x0800015b   Thumb Code     0  startup_stm32f10x_hd.o(.text)
    PVD_IRQHandler                           0x0800015b   Thumb Code     0  startup_stm32f10x_hd.o(.text)
    RCC_IRQHandler                           0x0800015b   Thumb Code     0  startup_stm32f10x_hd.o(.text)
    RTCAlarm_IRQHandler                      0x0800015b   Thumb Code     0  startup_stm32f10x_hd.o(.text)
    RTC_IRQHandler                           0x0800015b   Thumb Code     0  startup_stm32f10x_hd.o(.text)
    SDIO_IRQHandler                          0x0800015b   Thumb Code     0  startup_stm32f10x_hd.o(.text)
    SPI1_IRQHandler                          0x0800015b   Thumb Code     0  startup_stm32f10x_hd.o(.text)
    SPI2_IRQHandler                          0x0800015b   Thumb Code     0  startup_stm32f10x_hd.o(.text)
    SPI3_IRQHandler                          0x0800015b   Thumb Code     0  startup_stm32f10x_hd.o(.text)
    TAMPER_IRQHandler                        0x0800015b   Thumb Code     0  startup_stm32f10x_hd.o(.text)
    TIM7_IRQHandler                          0x0800015b   Thumb Code     0  startup_stm32f10x_hd.o(.text)
    TIM8_BRK_IRQHandler                      0x0800015b   Thumb Code     0  startup_stm32f10x_hd.o(.text)
    TIM8_CC_IRQHandler                       0x0800015b   Thumb Code     0  startup_stm32f10x_hd.o(.text)
    TIM8_TRG_COM_IRQHandler                  0x0800015b   Thumb Code     0  startup_stm32f10x_hd.o(.text)
    TIM8_UP_IRQHandler                       0x0800015b   Thumb Code     0  startup_stm32f10x_hd.o(.text)
    UART4_IRQHandler                         0x0800015b   Thumb Code     0  startup_stm32f10x_hd.o(.text)
    UART5_IRQHandler                         0x0800015b   Thumb Code     0  startup_stm32f10x_hd.o(.text)
    USART1_IRQHandler                        0x0800015b   Thumb Code     0  startup_stm32f10x_hd.o(.text)
    USART2_IRQHandler                        0x0800015b   Thumb Code     0  startup_stm32f10x_hd.o(.text)
    USART3_IRQHandler                        0x0800015b   Thumb Code     0  startup_stm32f10x_hd.o(.text)
    USBWakeUp_IRQHandler                     0x0800015b   Thumb Code     0  startup_stm32f10x_hd.o(.text)
    USB_HP_CAN1_TX_IRQHandler                0x0800015b   Thumb Code     0  startup_stm32f10x_hd.o(.text)
    USB_LP_CAN1_RX0_IRQHandler               0x0800015b   Thumb Code     0  startup_stm32f10x_hd.o(.text)
    WWDG_IRQHandler                          0x0800015b   Thumb Code     0  startup_stm32f10x_hd.o(.text)
    __aeabi_memcpy                           0x08000161   Thumb Code    36  memcpya.o(.text)
    __aeabi_memcpy4                          0x08000161   Thumb Code     0  memcpya.o(.text)
    __aeabi_memcpy8                          0x08000161   Thumb Code     0  memcpya.o(.text)
    __aeabi_memset                           0x08000185   Thumb Code    14  memseta.o(.text)
    __aeabi_memset4                          0x08000185   Thumb Code     0  memseta.o(.text)
    __aeabi_memset8                          0x08000185   Thumb Code     0  memseta.o(.text)
    __aeabi_memclr                           0x08000193   Thumb Code     4  memseta.o(.text)
    __aeabi_memclr4                          0x08000193   Thumb Code     0  memseta.o(.text)
    __aeabi_memclr8                          0x08000193   Thumb Code     0  memseta.o(.text)
    _memset$wrapper                          0x08000197   Thumb Code    18  memseta.o(.text)
    strlen                                   0x080001a9   Thumb Code    14  strlen.o(.text)
    __aeabi_uidiv                            0x080001b7   Thumb Code     0  uidiv.o(.text)
    __aeabi_uidivmod                         0x080001b7   Thumb Code    44  uidiv.o(.text)
    __scatterload                            0x080001e5   Thumb Code    28  init.o(.text)
    __scatterload_rt2                        0x080001e5   Thumb Code     0  init.o(.text)
    CMT2300A_AutoSwitchStatus                0x08000209   Thumb Code   148  cmt2300a.o(i.CMT2300A_AutoSwitchStatus)
    CMT2300A_ClearInterruptFlags             0x080002a1   Thumb Code   194  cmt2300a.o(i.CMT2300A_ClearInterruptFlags)
    CMT2300A_ClearRxFifo                     0x08000363   Thumb Code    22  cmt2300a.o(i.CMT2300A_ClearRxFifo)
    CMT2300A_ConfigGpio                      0x08000379   Thumb Code     8  cmt2300a.o(i.CMT2300A_ConfigGpio)
    CMT2300A_ConfigInterrupt                 0x08000381   Thumb Code    52  cmt2300a.o(i.CMT2300A_ConfigInterrupt)
    CMT2300A_ConfigRegBank                   0x080003b5   Thumb Code    38  cmt2300a.o(i.CMT2300A_ConfigRegBank)
    CMT2300A_EnableInterrupt                 0x080003db   Thumb Code     8  cmt2300a.o(i.CMT2300A_EnableInterrupt)
    CMT2300A_EnableLfosc                     0x080003e3   Thumb Code    32  cmt2300a.o(i.CMT2300A_EnableLfosc)
    CMT2300A_EnableReadFifo                  0x08000403   Thumb Code    22  cmt2300a.o(i.CMT2300A_EnableReadFifo)
    CMT2300A_GetChipStatus                   0x08000419   Thumb Code    14  cmt2300a.o(i.CMT2300A_GetChipStatus)
    CMT2300A_GoRx                            0x08000427   Thumb Code     6  cmt2300a.o(i.CMT2300A_GoRx)
    CMT2300A_GoSleep                         0x0800042d   Thumb Code     6  cmt2300a.o(i.CMT2300A_GoSleep)
    CMT2300A_GoStby                          0x08000433   Thumb Code     6  cmt2300a.o(i.CMT2300A_GoStby)
    CMT2300A_Init                            0x08000439   Thumb Code    68  cmt2300a.o(i.CMT2300A_Init)
    CMT2300A_InitGpio                        0x0800047d   Thumb Code    48  cmt2300a_hal.o(i.CMT2300A_InitGpio)
    CMT2300A_IsExist                         0x080004b1   Thumb Code    46  cmt2300a.o(i.CMT2300A_IsExist)
    CMT2300A_ReadFifo                        0x080004df   Thumb Code     4  cmt2300a_hal.o(i.CMT2300A_ReadFifo)
    CMT2300A_ReadReg                         0x080004e3   Thumb Code    20  cmt2300a_hal.o(i.CMT2300A_ReadReg)
    CMT2300A_SoftReset                       0x080004f7   Thumb Code     8  cmt2300a.o(i.CMT2300A_SoftReset)
    CMT2300A_WriteReg                        0x080004ff   Thumb Code     4  cmt2300a_hal.o(i.CMT2300A_WriteReg)
    EXTI0_IRQHandler                         0x08000505   Thumb Code    34  stm32f10x_it.o(i.EXTI0_IRQHandler)
    EXTI15_10_IRQHandler                     0x08000531   Thumb Code   170  stm32f10x_it.o(i.EXTI15_10_IRQHandler)
    EXTI1_IRQHandler                         0x080005e9   Thumb Code    34  stm32f10x_it.o(i.EXTI1_IRQHandler)
    EXTI2_IRQHandler                         0x08000615   Thumb Code    34  stm32f10x_it.o(i.EXTI2_IRQHandler)
    EXTI3_IRQHandler                         0x08000641   Thumb Code    34  stm32f10x_it.o(i.EXTI3_IRQHandler)
    EXTI4_IRQHandler                         0x0800066d   Thumb Code    34  stm32f10x_it.o(i.EXTI4_IRQHandler)
    EXTI9_5_IRQHandler                       0x08000699   Thumb Code   130  stm32f10x_it.o(i.EXTI9_5_IRQHandler)
    GPIO_Config                              0x08000729   Thumb Code   190  common.o(i.GPIO_Config)
    GPIO_Pin_Setting                         0x080007f1   Thumb Code    94  common.o(i.GPIO_Pin_Setting)
    Mcu_Init                                 0x0800084f   Thumb Code    38  main.o(i.Mcu_Init)
    NVIC_Config                              0x08000875   Thumb Code   282  system.o(i.NVIC_Config)
    NVIC_Init                                0x08000991   Thumb Code    94  misc.o(i.NVIC_Init)
    NVIC_PriorityGroupConfig                 0x080009f5   Thumb Code    10  misc.o(i.NVIC_PriorityGroupConfig)
    RCC_APB1PeriphClockCmd                   0x08000a09   Thumb Code    18  stm32f10x_rcc.o(i.RCC_APB1PeriphClockCmd)
    RCC_APB1PeriphResetCmd                   0x08000a21   Thumb Code    18  stm32f10x_rcc.o(i.RCC_APB1PeriphResetCmd)
    RCC_APB2PeriphClockCmd                   0x08000a39   Thumb Code    18  stm32f10x_rcc.o(i.RCC_APB2PeriphClockCmd)
    RCC_APB2PeriphResetCmd                   0x08000a51   Thumb Code    18  stm32f10x_rcc.o(i.RCC_APB2PeriphResetCmd)
    RF_Config                                0x08000a69   Thumb Code    36  radio.o(i.RF_Config)
    RF_Init                                  0x08000a8d   Thumb Code   108  radio.o(i.RF_Init)
    Radio_Recv_FixedLen                      0x08000afd   Thumb Code    48  main.o(i.Radio_Recv_FixedLen)
    SysTick_CLKSourceConfig                  0x08000bd9   Thumb Code    24  misc.o(i.SysTick_CLKSourceConfig)
    SysTick_Handler                          0x08000bf1   Thumb Code    18  stm32f10x_it.o(i.SysTick_Handler)
    SystemInit                               0x08000c0d   Thumb Code    64  system_stm32f10x.o(i.SystemInit)
    SystemTimerDelay_Config                  0x08000c5d   Thumb Code    30  system.o(i.SystemTimerDelay_Config)
    TIM1_BRK_IRQHandler                      0x08000c85   Thumb Code     2  stm32f10x_it.o(i.TIM1_BRK_IRQHandler)
    TIM1_CC_IRQHandler                       0x08000c87   Thumb Code     2  stm32f10x_it.o(i.TIM1_CC_IRQHandler)
    TIM1_TRG_COM_IRQHandler                  0x08000c89   Thumb Code     2  stm32f10x_it.o(i.TIM1_TRG_COM_IRQHandler)
    TIM1_UP_IRQHandler                       0x08000c8b   Thumb Code     2  stm32f10x_it.o(i.TIM1_UP_IRQHandler)
    TIM2_IRQHandler                          0x08000c8d   Thumb Code     2  stm32f10x_it.o(i.TIM2_IRQHandler)
    TIM3_IRQHandler                          0x08000c8f   Thumb Code     2  stm32f10x_it.o(i.TIM3_IRQHandler)
    TIM4_IRQHandler                          0x08000c91   Thumb Code    24  stm32f10x_it.o(i.TIM4_IRQHandler)
    TIM5_IRQHandler                          0x08000cad   Thumb Code    28  stm32f10x_it.o(i.TIM5_IRQHandler)
    TIM6_IRQHandler                          0x08000ccd   Thumb Code    32  stm32f10x_it.o(i.TIM6_IRQHandler)
    TIM_ARRPreloadConfig                     0x08000cf5   Thumb Code    20  stm32f10x_tim.o(i.TIM_ARRPreloadConfig)
    TIM_ClearFlag                            0x08000d09   Thumb Code     6  stm32f10x_tim.o(i.TIM_ClearFlag)
    TIM_Cmd                                  0x08000d0f   Thumb Code    20  stm32f10x_tim.o(i.TIM_Cmd)
    TIM_DeInit                               0x08000d25   Thumb Code   304  stm32f10x_tim.o(i.TIM_DeInit)
    TIM_ITConfig                             0x08000e95   Thumb Code    16  stm32f10x_tim.o(i.TIM_ITConfig)
    TIM_TimeBaseInit                         0x08000ea5   Thumb Code   114  stm32f10x_tim.o(i.TIM_TimeBaseInit)
    Timer5_Config                            0x08000f41   Thumb Code    78  system.o(i.Timer5_Config)
    __0sprintf$1                             0x08000f95   Thumb Code    34  printf1.o(i.__0sprintf$1)
    __1sprintf$1                             0x08000f95   Thumb Code     0  printf1.o(i.__0sprintf$1)
    __2sprintf                               0x08000f95   Thumb Code     0  printf1.o(i.__0sprintf$1)
    __scatterload_copy                       0x08000fbd   Thumb Code    14  handlers.o(i.__scatterload_copy)
    __scatterload_null                       0x08000fcb   Thumb Code     2  handlers.o(i.__scatterload_null)
    __scatterload_zeroinit                   0x08000fcd   Thumb Code    14  handlers.o(i.__scatterload_zeroinit)
    buzzer_init                              0x0800113d   Thumb Code    28  buzzer.o(i.buzzer_init)
    cmt_spi3_delay                           0x0800115d   Thumb Code     8  cmt_spi3.o(i.cmt_spi3_delay)
    cmt_spi3_delay_us                        0x08001165   Thumb Code    10  cmt_spi3.o(i.cmt_spi3_delay_us)
    cmt_spi3_init                            0x08001171   Thumb Code    96  cmt_spi3.o(i.cmt_spi3_init)
    cmt_spi3_read                            0x080011d9   Thumb Code   160  cmt_spi3.o(i.cmt_spi3_read)
    cmt_spi3_read_fifo                       0x08001281   Thumb Code   186  cmt_spi3.o(i.cmt_spi3_read_fifo)
    cmt_spi3_recv                            0x08001345   Thumb Code    74  cmt_spi3.o(i.cmt_spi3_recv)
    cmt_spi3_send                            0x08001395   Thumb Code    62  cmt_spi3.o(i.cmt_spi3_send)
    cmt_spi3_write                           0x080013d9   Thumb Code   146  cmt_spi3.o(i.cmt_spi3_write)
    lcd12864_clear_screen                    0x08001475   Thumb Code    38  lcd12864.o(i.lcd12864_clear_screen)
    lcd12864_display_string_6x8              0x0800149d   Thumb Code   108  lcd12864.o(i.lcd12864_display_string_6x8)
    lcd12864_init                            0x08001515   Thumb Code   132  lcd12864.o(i.lcd12864_init)
    lcd12864_init_lcd                        0x080015a1   Thumb Code   134  lcd12864.o(i.lcd12864_init_lcd)
    lcd12864_led_on                          0x08001635   Thumb Code    12  lcd12864.o(i.lcd12864_led_on)
    lcd12864_reset                           0x08001645   Thumb Code    36  lcd12864.o(i.lcd12864_reset)
    lcd12864_send_cmd                        0x0800166d   Thumb Code    56  lcd12864.o(i.lcd12864_send_cmd)
    lcd12864_send_data                       0x080016ad   Thumb Code    74  lcd12864.o(i.lcd12864_send_data)
    lcd12864_set_address                     0x08001709   Thumb Code    44  lcd12864.o(i.lcd12864_set_address)
    lcd12864_update_data                     0x08001739   Thumb Code    86  lcd12864.o(i.lcd12864_update_data)
    main                                     0x08001795   Thumb Code   146  main.o(i.main)
    system_delay_100us                       0x0800186d   Thumb Code   142  time_server.o(i.system_delay_100us)
    system_delay_ms                          0x080018fb   Thumb Code    22  time_server.o(i.system_delay_ms)
    system_delay_us                          0x08001911   Thumb Code   138  time_server.o(i.system_delay_us)
    time_server_interrupt_proc5              0x0800199d   Thumb Code    72  time_server.o(i.time_server_interrupt_proc5)
    views_print_line                         0x080019ed   Thumb Code    62  common.o(i.views_print_line)
    g_ascii_table_8x16                       0x08001a30   Data        1520  lcd12864.o(.constdata)
    g_ascii_table_5x8                        0x08002020   Data         475  lcd12864.o(.constdata)
    g_cmt2300aFrequencyBank                  0x080021fb   Data           8  radio.o(.constdata)
    g_cmt2300aCmtBank                        0x08002203   Data          12  radio.o(.constdata)
    g_cmt2300aSystemBank                     0x0800220f   Data          12  radio.o(.constdata)
    g_cmt2300aDataRateBank                   0x0800221b   Data          24  radio.o(.constdata)
    g_cmt2300aBasebandBank                   0x08002233   Data          29  radio.o(.constdata)
    g_cmt2300aTxBank                         0x08002250   Data          11  radio.o(.constdata)
    Region$$Table$$Base                      0x0800225c   Number         0  anon$$obj.o(Region$$Table)
    Region$$Table$$Limit                     0x0800227c   Number         0  anon$$obj.o(Region$$Table)
    g_nRecvCount                             0x20000000   Data           4  main.o(.data)
    g_lcd12864_curr_page                     0x20000004   Data           1  lcd12864.o(.data)
    g_lcd12864_curr_column                   0x20000005   Data           1  lcd12864.o(.data)
    lcd12864_is_auto_update                  0x20000006   Data           1  lcd12864.o(.data)
    g_nSysTickCount                          0x20000008   Data           4  time_server.o(.data)
    g_nUserTimeout                           0x2000000c   Data           4  time_server.o(.data)
    g_nUserTimeCnt                           0x20000010   Data           4  time_server.o(.data)
    g_time_server_proc_run5                  0x20000014   Data           4  time_server.o(.data)
    g_time_server_proc_run6                  0x20000018   Data           4  time_server.o(.data)
    g_nRfRxtimeoutCount                      0x2000001c   Data           4  time_server.o(.data)
    str                                      0x20000060   Data          32  main.o(.bss)
    g_lcd12864_write_data                    0x20000080   Data        1024  lcd12864.o(.bss)
    g_lcd12864_curr_data                     0x20000480   Data        1024  lcd12864.o(.bss)
    g_delayRunTasks                          0x20000880   Data         128  time_server.o(.bss)
    g_gpioExtiManager                        0x20000900   Data         192  interrupt_server.o(.bss)
    g_gpioExtiManagerBackup                  0x200009c0   Data         192  interrupt_server.o(.bss)
    __initial_sp                             0x20000e80   Data           0  startup_stm32f10x_hd.o(STACK)



==============================================================================

Memory Map of the image

  Image Entry point : 0x08000131

  Load Region LR_IROM1 (Base: 0x08000000, Size: 0x0000229c, Max: 0x00040000, ABSOLUTE)

    Execution Region ER_IROM1 (Base: 0x08000000, Size: 0x0000227c, Max: 0x00040000, ABSOLUTE)

    Base Addr    Size         Type   Attr      Idx    E Section Name        Object

    0x08000000   0x00000130   Data   RO            3    RESET               startup_stm32f10x_hd.o
    0x08000130   0x00000000   Code   RO         4193  * .ARM.Collect$$$$00000000  mc_w.l(entry.o)
    0x08000130   0x00000004   Code   RO         4467    .ARM.Collect$$$$00000001  mc_w.l(entry2.o)
    0x08000134   0x00000004   Code   RO         4470    .ARM.Collect$$$$00000004  mc_w.l(entry5.o)
    0x08000138   0x00000000   Code   RO         4472    .ARM.Collect$$$$00000008  mc_w.l(entry7b.o)
    0x08000138   0x00000000   Code   RO         4474    .ARM.Collect$$$$0000000A  mc_w.l(entry8b.o)
    0x08000138   0x00000008   Code   RO         4475    .ARM.Collect$$$$0000000B  mc_w.l(entry9a.o)
    0x08000140   0x00000000   Code   RO         4477    .ARM.Collect$$$$0000000D  mc_w.l(entry10a.o)
    0x08000140   0x00000000   Code   RO         4479    .ARM.Collect$$$$0000000F  mc_w.l(entry11a.o)
    0x08000140   0x00000004   Code   RO         4468    .ARM.Collect$$$$00002712  mc_w.l(entry2.o)
    0x08000144   0x0000001c   Code   RO            4    .text               startup_stm32f10x_hd.o
    0x08000160   0x00000024   Code   RO         4196    .text               mc_w.l(memcpya.o)
    0x08000184   0x00000024   Code   RO         4198    .text               mc_w.l(memseta.o)
    0x080001a8   0x0000000e   Code   RO         4200    .text               mc_w.l(strlen.o)
    0x080001b6   0x0000002c   Code   RO         4484    .text               mc_w.l(uidiv.o)
    0x080001e2   0x00000002   PAD
    0x080001e4   0x00000024   Code   RO         4499    .text               mc_w.l(init.o)
    0x08000208   0x00000098   Code   RO         3926    i.CMT2300A_AutoSwitchStatus  cmt2300a.o
    0x080002a0   0x000000c2   Code   RO         3927    i.CMT2300A_ClearInterruptFlags  cmt2300a.o
    0x08000362   0x00000016   Code   RO         3928    i.CMT2300A_ClearRxFifo  cmt2300a.o
    0x08000378   0x00000008   Code   RO         3930    i.CMT2300A_ConfigGpio  cmt2300a.o
    0x08000380   0x00000034   Code   RO         3931    i.CMT2300A_ConfigInterrupt  cmt2300a.o
    0x080003b4   0x00000026   Code   RO         3932    i.CMT2300A_ConfigRegBank  cmt2300a.o
    0x080003da   0x00000008   Code   RO         3937    i.CMT2300A_EnableInterrupt  cmt2300a.o
    0x080003e2   0x00000020   Code   RO         3938    i.CMT2300A_EnableLfosc  cmt2300a.o
    0x08000402   0x00000016   Code   RO         3940    i.CMT2300A_EnableReadFifo  cmt2300a.o
    0x08000418   0x0000000e   Code   RO         3945    i.CMT2300A_GetChipStatus  cmt2300a.o
    0x08000426   0x00000006   Code   RO         3949    i.CMT2300A_GoRx     cmt2300a.o
    0x0800042c   0x00000006   Code   RO         3950    i.CMT2300A_GoSleep  cmt2300a.o
    0x08000432   0x00000006   Code   RO         3951    i.CMT2300A_GoStby   cmt2300a.o
    0x08000438   0x00000044   Code   RO         3954    i.CMT2300A_Init     cmt2300a.o
    0x0800047c   0x00000034   Code   RO         4157    i.CMT2300A_InitGpio  cmt2300a_hal.o
    0x080004b0   0x0000002e   Code   RO         3955    i.CMT2300A_IsExist  cmt2300a.o
    0x080004de   0x00000004   Code   RO         4158    i.CMT2300A_ReadFifo  cmt2300a_hal.o
    0x080004e2   0x00000014   Code   RO         4159    i.CMT2300A_ReadReg  cmt2300a_hal.o
    0x080004f6   0x00000008   Code   RO         3963    i.CMT2300A_SoftReset  cmt2300a.o
    0x080004fe   0x00000004   Code   RO         4161    i.CMT2300A_WriteReg  cmt2300a_hal.o
    0x08000502   0x00000002   PAD
    0x08000504   0x0000002c   Code   RO         3202    i.EXTI0_IRQHandler  stm32f10x_it.o
    0x08000530   0x000000b8   Code   RO         3203    i.EXTI15_10_IRQHandler  stm32f10x_it.o
    0x080005e8   0x0000002c   Code   RO         3204    i.EXTI1_IRQHandler  stm32f10x_it.o
    0x08000614   0x0000002c   Code   RO         3205    i.EXTI2_IRQHandler  stm32f10x_it.o
    0x08000640   0x0000002c   Code   RO         3206    i.EXTI3_IRQHandler  stm32f10x_it.o
    0x0800066c   0x0000002c   Code   RO         3207    i.EXTI4_IRQHandler  stm32f10x_it.o
    0x08000698   0x00000090   Code   RO         3208    i.EXTI9_5_IRQHandler  stm32f10x_it.o
    0x08000728   0x000000c8   Code   RO         3057    i.GPIO_Config       common.o
    0x080007f0   0x0000005e   Code   RO         3108    i.GPIO_Pin_Setting  common.o
    0x0800084e   0x00000026   Code   RO         3137    i.Mcu_Init          main.o
    0x08000874   0x0000011a   Code   RO         3313    i.NVIC_Config       system.o
    0x0800098e   0x00000002   PAD
    0x08000990   0x00000064   Code   RO           24    i.NVIC_Init         misc.o
    0x080009f4   0x00000014   Code   RO           25    i.NVIC_PriorityGroupConfig  misc.o
    0x08000a08   0x00000018   Code   RO         1603    i.RCC_APB1PeriphClockCmd  stm32f10x_rcc.o
    0x08000a20   0x00000018   Code   RO         1604    i.RCC_APB1PeriphResetCmd  stm32f10x_rcc.o
    0x08000a38   0x00000018   Code   RO         1605    i.RCC_APB2PeriphClockCmd  stm32f10x_rcc.o
    0x08000a50   0x00000018   Code   RO         1606    i.RCC_APB2PeriphResetCmd  stm32f10x_rcc.o
    0x08000a68   0x00000024   Code   RO         3902    i.RF_Config         radio.o
    0x08000a8c   0x00000070   Code   RO         3903    i.RF_Init           radio.o
    0x08000afc   0x00000034   Code   RO         3138    i.Radio_Recv_FixedLen  main.o
    0x08000b30   0x000000a8   Code   RO         3362    i.SetSysClockTo72   system_stm32f10x.o
    0x08000bd8   0x00000018   Code   RO           28    i.SysTick_CLKSourceConfig  misc.o
    0x08000bf0   0x0000001c   Code   RO         3209    i.SysTick_Handler   stm32f10x_it.o
    0x08000c0c   0x00000050   Code   RO         3364    i.SystemInit        system_stm32f10x.o
    0x08000c5c   0x00000028   Code   RO         3314    i.SystemTimerDelay_Config  system.o
    0x08000c84   0x00000002   Code   RO         3210    i.TIM1_BRK_IRQHandler  stm32f10x_it.o
    0x08000c86   0x00000002   Code   RO         3211    i.TIM1_CC_IRQHandler  stm32f10x_it.o
    0x08000c88   0x00000002   Code   RO         3212    i.TIM1_TRG_COM_IRQHandler  stm32f10x_it.o
    0x08000c8a   0x00000002   Code   RO         3213    i.TIM1_UP_IRQHandler  stm32f10x_it.o
    0x08000c8c   0x00000002   Code   RO         3214    i.TIM2_IRQHandler   stm32f10x_it.o
    0x08000c8e   0x00000002   Code   RO         3215    i.TIM3_IRQHandler   stm32f10x_it.o
    0x08000c90   0x0000001c   Code   RO         3216    i.TIM4_IRQHandler   stm32f10x_it.o
    0x08000cac   0x00000020   Code   RO         3217    i.TIM5_IRQHandler   stm32f10x_it.o
    0x08000ccc   0x00000028   Code   RO         3218    i.TIM6_IRQHandler   stm32f10x_it.o
    0x08000cf4   0x00000014   Code   RO         2231    i.TIM_ARRPreloadConfig  stm32f10x_tim.o
    0x08000d08   0x00000006   Code   RO         2237    i.TIM_ClearFlag     stm32f10x_tim.o
    0x08000d0e   0x00000014   Code   RO         2243    i.TIM_Cmd           stm32f10x_tim.o
    0x08000d22   0x00000002   PAD
    0x08000d24   0x00000170   Code   RO         2248    i.TIM_DeInit        stm32f10x_tim.o
    0x08000e94   0x00000010   Code   RO         2268    i.TIM_ITConfig      stm32f10x_tim.o
    0x08000ea4   0x0000009c   Code   RO         2314    i.TIM_TimeBaseInit  stm32f10x_tim.o
    0x08000f40   0x00000054   Code   RO         3315    i.Timer5_Config     system.o
    0x08000f94   0x00000028   Code   RO         4253    i.__0sprintf$1      mc_w.l(printf1.o)
    0x08000fbc   0x0000000e   Code   RO         4513    i.__scatterload_copy  mc_w.l(handlers.o)
    0x08000fca   0x00000002   Code   RO         4514    i.__scatterload_null  mc_w.l(handlers.o)
    0x08000fcc   0x0000000e   Code   RO         4515    i.__scatterload_zeroinit  mc_w.l(handlers.o)
    0x08000fda   0x00000002   PAD
    0x08000fdc   0x00000154   Code   RO         4258    i._printf_core      mc_w.l(printf1.o)
    0x08001130   0x0000000a   Code   RO         4260    i._sputc            mc_w.l(printf1.o)
    0x0800113a   0x00000002   PAD
    0x0800113c   0x00000020   Code   RO         3391    i.buzzer_init       buzzer.o
    0x0800115c   0x00000008   Code   RO         3704    i.cmt_spi3_delay    cmt_spi3.o
    0x08001164   0x0000000a   Code   RO         3709    i.cmt_spi3_delay_us  cmt_spi3.o
    0x0800116e   0x00000002   PAD
    0x08001170   0x00000068   Code   RO         3659    i.cmt_spi3_init     cmt_spi3.o
    0x080011d8   0x000000a8   Code   RO         3660    i.cmt_spi3_read     cmt_spi3.o
    0x08001280   0x000000c4   Code   RO         3661    i.cmt_spi3_read_fifo  cmt_spi3.o
    0x08001344   0x00000050   Code   RO         3662    i.cmt_spi3_recv     cmt_spi3.o
    0x08001394   0x00000044   Code   RO         3663    i.cmt_spi3_send     cmt_spi3.o
    0x080013d8   0x0000009c   Code   RO         3664    i.cmt_spi3_write    cmt_spi3.o
    0x08001474   0x00000026   Code   RO         3427    i.lcd12864_clear_screen  lcd12864.o
    0x0800149a   0x00000002   PAD
    0x0800149c   0x00000078   Code   RO         3435    i.lcd12864_display_string_6x8  lcd12864.o
    0x08001514   0x0000008c   Code   RO         3441    i.lcd12864_init     lcd12864.o
    0x080015a0   0x00000094   Code   RO         3442    i.lcd12864_init_lcd  lcd12864.o
    0x08001634   0x00000010   Code   RO         3444    i.lcd12864_led_on   lcd12864.o
    0x08001644   0x00000028   Code   RO         3446    i.lcd12864_reset    lcd12864.o
    0x0800166c   0x00000040   Code   RO         3447    i.lcd12864_send_cmd  lcd12864.o
    0x080016ac   0x0000005c   Code   RO         3448    i.lcd12864_send_data  lcd12864.o
    0x08001708   0x00000030   Code   RO         3449    i.lcd12864_set_address  lcd12864.o
    0x08001738   0x0000005c   Code   RO         3451    i.lcd12864_update_data  lcd12864.o
    0x08001794   0x000000d8   Code   RO         3139    i.main              main.o
    0x0800186c   0x0000008e   Code   RO         3728    i.system_delay_100us  time_server.o
    0x080018fa   0x00000016   Code   RO         3731    i.system_delay_ms   time_server.o
    0x08001910   0x0000008a   Code   RO         3732    i.system_delay_us   time_server.o
    0x0800199a   0x00000002   PAD
    0x0800199c   0x00000050   Code   RO         3734    i.time_server_interrupt_proc5  time_server.o
    0x080019ec   0x00000044   Code   RO         3063    i.views_print_line  common.o
    0x08001a30   0x000007cb   Data   RO         3453    .constdata          lcd12864.o
    0x080021fb   0x00000060   Data   RO         3904    .constdata          radio.o
    0x0800225b   0x00000001   PAD
    0x0800225c   0x00000020   Data   RO         4511    Region$$Table       anon$$obj.o


    Execution Region RW_IRAM1 (Base: 0x20000000, Size: 0x00000e80, Max: 0x0000c000, ABSOLUTE)

    Base Addr    Size         Type   Attr      Idx    E Section Name        Object

    0x20000000   0x00000004   Data   RW         3141    .data               main.o
    0x20000004   0x00000003   Data   RW         3454    .data               lcd12864.o
    0x20000007   0x00000001   PAD
    0x20000008   0x00000014   Data   RW         3737    .data               time_server.o
    0x2000001c   0x00000004   Data   RW         3738    .data               time_server.o
    0x20000020   0x00000020   Zero   RW         3064    .bss                common.o
    0x20000040   0x00000040   Zero   RW         3140    .bss                main.o
    0x20000080   0x00000800   Zero   RW         3452    .bss                lcd12864.o
    0x20000880   0x00000080   Zero   RW         3736    .bss                time_server.o
    0x20000900   0x00000180   Zero   RW         3807    .bss                interrupt_server.o
    0x20000a80   0x00000400   Zero   RW            1    STACK               startup_stm32f10x_hd.o


==============================================================================

Image component sizes


      Code (inc. data)   RO Data    RW Data    ZI Data      Debug   Object Name

        32          4          0          0          0        502   buzzer.o
       682          4          0          0          0      10252   cmt2300a.o
        80          4          0          0          0       2291   cmt2300a_hal.o
       790         48          0          0          0       5727   cmt_spi3.o
       362         16          0          0         32       2728   common.o
         0          0          0          0          0       4508   core_cm3.o
         0          0          0          0        384       2015   interrupt_server.o
       798         78       1995          3       2048       8200   lcd12864.o
       306         74          0          4         64       3084   main.o
       144         16          0          0          0     238905   misc.o
       148          4         96          0          0       2514   radio.o
        28          4        304          0       1024        960   startup_stm32f10x_hd.o
       688        104          0          0          0       9033   stm32f10x_it.o
        96         24          0          0          0       2756   stm32f10x_rcc.o
       586        106          0          0          0       6035   stm32f10x_tim.o
       406         16          0          0          0      17171   system.o
       248         24          0          0          0       1813   system_stm32f10x.o
       382          8          0         24        128       4955   time_server.o

    ----------------------------------------------------------------------
      5788        534       2428         32       3680     323449   Object Totals
         0          0         32          0          0          0   (incl. Generated)
        12          0          1          1          0          0   (incl. Padding)

    ----------------------------------------------------------------------

      Code (inc. data)   RO Data    RW Data    ZI Data      Debug   Library Member Name

         0          0          0          0          0          0   entry.o
         0          0          0          0          0          0   entry10a.o
         0          0          0          0          0          0   entry11a.o
         8          4          0          0          0          0   entry2.o
         4          0          0          0          0          0   entry5.o
         0          0          0          0          0          0   entry7b.o
         0          0          0          0          0          0   entry8b.o
         8          4          0          0          0          0   entry9a.o
        30          0          0          0          0          0   handlers.o
        36          8          0          0          0         68   init.o
        36          0          0          0          0         68   memcpya.o
        36          0          0          0          0        108   memseta.o
       390         10          0          0          0        252   printf1.o
        14          0          0          0          0         68   strlen.o
        44          0          0          0          0         80   uidiv.o

    ----------------------------------------------------------------------
       612         26          0          0          0        644   Library Totals
         6          0          0          0          0          0   (incl. Padding)

    ----------------------------------------------------------------------

      Code (inc. data)   RO Data    RW Data    ZI Data      Debug   Library Name

       606         26          0          0          0        644   mc_w.l

    ----------------------------------------------------------------------
       612         26          0          0          0        644   Library Totals

    ----------------------------------------------------------------------

==============================================================================


      Code (inc. data)   RO Data    RW Data    ZI Data      Debug   

      6400        560       2428         32       3680     319721   Grand Totals
      6400        560       2428         32       3680     319721   ELF Image Totals
      6400        560       2428         32          0          0   ROM Totals

==============================================================================

    Total RO  Size (Code + RO Data)                 8828 (   8.62kB)
    Total RW  Size (RW Data + ZI Data)              3712 (   3.63kB)
    Total ROM Size (Code + RO Data + RW Data)       8860 (   8.65kB)

==============================================================================

