Component: ARM Compiler 5.06 update 7 (build 960) Tool: armlink [4d3601]

==============================================================================

Image Symbol Table

    Local Symbols

    Symbol Name                              Value     Ov Type        Size  Object(Section)

    RESET                                    0x00000000   Section      192  startup_hc32l13x.o(RESET)
    ../clib/microlib/division.c              0x00000000   Number         0  uidiv.o ABSOLUTE
    ../clib/microlib/init/entry.s            0x00000000   Number         0  entry2.o ABSOLUTE
    ../clib/microlib/init/entry.s            0x00000000   Number         0  entry11b.o ABSOLUTE
    ../clib/microlib/init/entry.s            0x00000000   Number         0  entry11a.o ABSOLUTE
    ../clib/microlib/init/entry.s            0x00000000   Number         0  entry10b.o ABSOLUTE
    ../clib/microlib/init/entry.s            0x00000000   Number         0  entry7a.o ABSOLUTE
    ../clib/microlib/init/entry.s            0x00000000   Number         0  entry10a.o ABSOLUTE
    ../clib/microlib/init/entry.s            0x00000000   Number         0  entry5.o ABSOLUTE
    ../clib/microlib/init/entry.s            0x00000000   Number         0  entry9b.o ABSOLUTE
    ../clib/microlib/init/entry.s            0x00000000   Number         0  entry9a.o ABSOLUTE
    ../clib/microlib/init/entry.s            0x00000000   Number         0  entry8b.o ABSOLUTE
    ../clib/microlib/init/entry.s            0x00000000   Number         0  entry7b.o ABSOLUTE
    ../clib/microlib/init/entry.s            0x00000000   Number         0  entry.o ABSOLUTE
    ../clib/microlib/init/entry.s            0x00000000   Number         0  entry8a.o ABSOLUTE
    ../clib/microlib/init/entry.s            0x00000000   Number         0  entry12a.o ABSOLUTE
    ../clib/microlib/init/entry.s            0x00000000   Number         0  entry12b.o ABSOLUTE
    ../clib/microlib/string/memcpy.c         0x00000000   Number         0  memcpya.o ABSOLUTE
    ../clib/microlib/string/memcpy.c         0x00000000   Number         0  memcpyb.o ABSOLUTE
    ../clib/microlib/string/memset.c         0x00000000   Number         0  memseta.o ABSOLUTE
    ../clib/microlib/stubs.s                 0x00000000   Number         0  useno.o ABSOLUTE
    ..\..\..\..\driver\src\ddl.c             0x00000000   Number         0  ddl.o ABSOLUTE
    ..\..\..\..\driver\src\gpio.c            0x00000000   Number         0  gpio.o ABSOLUTE
    ..\..\..\..\driver\src\sysctrl.c         0x00000000   Number         0  sysctrl.o ABSOLUTE
    ..\..\..\..\mcu\common\interrupts_hc32l13x.c 0x00000000   Number         0  interrupts_hc32l13x.o ABSOLUTE
    ..\..\..\..\mcu\common\system_hc32l13x.c 0x00000000   Number         0  system_hc32l13x.o ABSOLUTE
    ..\\..\\..\\..\\driver\\src\\ddl.c       0x00000000   Number         0  ddl.o ABSOLUTE
    ..\\..\\..\\..\\driver\\src\\gpio.c      0x00000000   Number         0  gpio.o ABSOLUTE
    ..\\..\\..\\..\\driver\\src\\sysctrl.c   0x00000000   Number         0  sysctrl.o ABSOLUTE
    ..\\..\\..\\..\\mcu\\common\\interrupts_hc32l13x.c 0x00000000   Number         0  interrupts_hc32l13x.o ABSOLUTE
    ..\\..\\..\\..\\mcu\\common\\system_hc32l13x.c 0x00000000   Number         0  system_hc32l13x.o ABSOLUTE
    ..\\periph\\cmt_spi3.c                   0x00000000   Number         0  cmt_spi3.o ABSOLUTE
    ..\\radio\\cmt2300a.c                    0x00000000   Number         0  cmt2300a.o ABSOLUTE
    ..\\radio\\cmt2300a_hal.c                0x00000000   Number         0  cmt2300a_hal.o ABSOLUTE
    ..\\radio\\radio.c                       0x00000000   Number         0  radio.o ABSOLUTE
    ..\\source\\SQ.c                         0x00000000   Number         0  sq.o ABSOLUTE
    ..\\source\\main.c                       0x00000000   Number         0  main.o ABSOLUTE
    ..\periph\cmt_spi3.c                     0x00000000   Number         0  cmt_spi3.o ABSOLUTE
    ..\radio\cmt2300a.c                      0x00000000   Number         0  cmt2300a.o ABSOLUTE
    ..\radio\cmt2300a_hal.c                  0x00000000   Number         0  cmt2300a_hal.o ABSOLUTE
    ..\radio\radio.c                         0x00000000   Number         0  radio.o ABSOLUTE
    ..\source\SQ.c                           0x00000000   Number         0  sq.o ABSOLUTE
    ..\source\main.c                         0x00000000   Number         0  main.o ABSOLUTE
    dc.s                                     0x00000000   Number         0  dc.o ABSOLUTE
    handlers.s                               0x00000000   Number         0  handlers.o ABSOLUTE
    init.s                                   0x00000000   Number         0  init.o ABSOLUTE
    startup_hc32l13x.s                       0x00000000   Number         0  startup_hc32l13x.o ABSOLUTE
    .ARM.Collect$$$$00000000                 0x000000c0   Section        0  entry.o(.ARM.Collect$$$$00000000)
    .ARM.Collect$$$$00000001                 0x000000c0   Section        4  entry2.o(.ARM.Collect$$$$00000001)
    .ARM.Collect$$$$00000004                 0x000000c4   Section        4  entry5.o(.ARM.Collect$$$$00000004)
    .ARM.Collect$$$$00000008                 0x000000c8   Section        0  entry7b.o(.ARM.Collect$$$$00000008)
    .ARM.Collect$$$$0000000A                 0x000000c8   Section        0  entry8b.o(.ARM.Collect$$$$0000000A)
    .ARM.Collect$$$$0000000B                 0x000000c8   Section        8  entry9a.o(.ARM.Collect$$$$0000000B)
    .ARM.Collect$$$$0000000E                 0x000000d0   Section        4  entry12b.o(.ARM.Collect$$$$0000000E)
    .ARM.Collect$$$$0000000F                 0x000000d4   Section        0  entry10a.o(.ARM.Collect$$$$0000000F)
    .ARM.Collect$$$$00000011                 0x000000d4   Section        0  entry11a.o(.ARM.Collect$$$$00000011)
    .ARM.Collect$$$$00002712                 0x000000d4   Section        4  entry2.o(.ARM.Collect$$$$00002712)
    __lit__00000000                          0x000000d4   Data           4  entry2.o(.ARM.Collect$$$$00002712)
    .text                                    0x000000d8   Section       60  startup_hc32l13x.o(.text)
    .text                                    0x00000114   Section        0  uidiv.o(.text)
    .text                                    0x00000140   Section        0  memcpya.o(.text)
    .text                                    0x00000164   Section       36  init.o(.text)
    i.$Sub$$main                             0x00000188   Section        0  system_hc32l13x.o(i.$Sub$$main)
    i.ADC_IRQHandler                         0x00000196   Section        0  interrupts_hc32l13x.o(i.ADC_IRQHandler)
    i.App_LedInit                            0x0000019e   Section        0  main.o(i.App_LedInit)
    i.CLKTRIM_IRQHandler                     0x000001c8   Section        0  interrupts_hc32l13x.o(i.CLKTRIM_IRQHandler)
    i.CMT2300A_AutoSwitchStatus              0x000001d0   Section        0  cmt2300a.o(i.CMT2300A_AutoSwitchStatus)
    i.CMT2300A_ClearInterruptFlags           0x00000278   Section        0  cmt2300a.o(i.CMT2300A_ClearInterruptFlags)
    i.CMT2300A_ClearRxFifo                   0x00000376   Section        0  cmt2300a.o(i.CMT2300A_ClearRxFifo)
    i.CMT2300A_ConfigGpio                    0x0000038c   Section        0  cmt2300a.o(i.CMT2300A_ConfigGpio)
    i.CMT2300A_ConfigInterrupt               0x0000039a   Section        0  cmt2300a.o(i.CMT2300A_ConfigInterrupt)
    i.CMT2300A_ConfigRegBank                 0x000003d2   Section        0  cmt2300a.o(i.CMT2300A_ConfigRegBank)
    i.CMT2300A_EnableInterrupt               0x000003f4   Section        0  cmt2300a.o(i.CMT2300A_EnableInterrupt)
    i.CMT2300A_EnableLfosc                   0x00000402   Section        0  cmt2300a.o(i.CMT2300A_EnableLfosc)
    i.CMT2300A_EnableReadFifo                0x00000442   Section        0  cmt2300a.o(i.CMT2300A_EnableReadFifo)
    i.CMT2300A_GetChipStatus                 0x00000462   Section        0  cmt2300a.o(i.CMT2300A_GetChipStatus)
    i.CMT2300A_GoRx                          0x00000470   Section        0  cmt2300a.o(i.CMT2300A_GoRx)
    i.CMT2300A_GoSleep                       0x0000047a   Section        0  cmt2300a.o(i.CMT2300A_GoSleep)
    i.CMT2300A_GoStby                        0x00000484   Section        0  cmt2300a.o(i.CMT2300A_GoStby)
    i.CMT2300A_Init                          0x0000048e   Section        0  cmt2300a.o(i.CMT2300A_Init)
    i.CMT2300A_InitGpio                      0x000004da   Section        0  cmt2300a_hal.o(i.CMT2300A_InitGpio)
    i.CMT2300A_IsExist                       0x000004ee   Section        0  cmt2300a.o(i.CMT2300A_IsExist)
    i.CMT2300A_ReadFifo                      0x0000051c   Section        0  cmt2300a_hal.o(i.CMT2300A_ReadFifo)
    i.CMT2300A_ReadReg                       0x0000052c   Section        0  cmt2300a_hal.o(i.CMT2300A_ReadReg)
    i.CMT2300A_SoftReset                     0x00000542   Section        0  cmt2300a.o(i.CMT2300A_SoftReset)
    i.CMT2300A_WriteReg                      0x0000054e   Section        0  cmt2300a_hal.o(i.CMT2300A_WriteReg)
    i.DMAC_IRQHandler                        0x0000055e   Section        0  interrupts_hc32l13x.o(i.DMAC_IRQHandler)
    i.FLASH_RAM_IRQHandler                   0x00000566   Section        0  interrupts_hc32l13x.o(i.FLASH_RAM_IRQHandler)
    i.GetBit                                 0x00000572   Section        0  ddl.o(i.GetBit)
    i.Gpio_ClrIO                             0x00000580   Section        0  gpio.o(i.Gpio_ClrIO)
    i.Gpio_GetInputIO                        0x0000059c   Section        0  gpio.o(i.Gpio_GetInputIO)
    i.Gpio_Init                              0x000005b4   Section        0  gpio.o(i.Gpio_Init)
    i.Gpio_WriteOutputIO                     0x00000644   Section        0  gpio.o(i.Gpio_WriteOutputIO)
    i.HardFault_Handler                      0x00000660   Section        0  interrupts_hc32l13x.o(i.HardFault_Handler)
    i.I2C0_IRQHandler                        0x00000670   Section        0  interrupts_hc32l13x.o(i.I2C0_IRQHandler)
    i.I2C1_IRQHandler                        0x00000678   Section        0  interrupts_hc32l13x.o(i.I2C1_IRQHandler)
    i.LCD_IRQHandler                         0x00000680   Section        0  interrupts_hc32l13x.o(i.LCD_IRQHandler)
    i.LPTIM_IRQHandler                       0x00000688   Section        0  interrupts_hc32l13x.o(i.LPTIM_IRQHandler)
    i.LPUART0_IRQHandler                     0x00000690   Section        0  interrupts_hc32l13x.o(i.LPUART0_IRQHandler)
    i.LPUART1_IRQHandler                     0x00000698   Section        0  interrupts_hc32l13x.o(i.LPUART1_IRQHandler)
    i.LVD_IRQHandler                         0x000006a0   Section        0  interrupts_hc32l13x.o(i.LVD_IRQHandler)
    i.Mcu_Init                               0x000006a8   Section        0  main.o(i.Mcu_Init)
    i.PCA_IRQHandler                         0x000006b4   Section        0  interrupts_hc32l13x.o(i.PCA_IRQHandler)
    i.PCNT_IRQHandler                        0x000006bc   Section        0  interrupts_hc32l13x.o(i.PCNT_IRQHandler)
    i.PORTA_IRQHandler                       0x000006c4   Section        0  interrupts_hc32l13x.o(i.PORTA_IRQHandler)
    i.PORTB_IRQHandler                       0x000006cc   Section        0  interrupts_hc32l13x.o(i.PORTB_IRQHandler)
    i.PORTC_IRQHandler                       0x000006d4   Section        0  interrupts_hc32l13x.o(i.PORTC_IRQHandler)
    i.PORTD_IRQHandler                       0x000006dc   Section        0  interrupts_hc32l13x.o(i.PORTD_IRQHandler)
    i.RF_Config                              0x000006e4   Section        0  radio.o(i.RF_Config)
    i.RF_Init                                0x00000708   Section        0  radio.o(i.RF_Init)
    i.RTC_IRQHandler                         0x00000784   Section        0  interrupts_hc32l13x.o(i.RTC_IRQHandler)
    i.Radio_Recv_FixedLen                    0x0000078c   Section        0  main.o(i.Radio_Recv_FixedLen)
    i.SPI0_IRQHandler                        0x000007d2   Section        0  interrupts_hc32l13x.o(i.SPI0_IRQHandler)
    i.SPI1_IRQHandler                        0x000007da   Section        0  interrupts_hc32l13x.o(i.SPI1_IRQHandler)
    i.SQ                                     0x000007e2   Section        0  sq.o(i.SQ)
    i.SetBit                                 0x00000848   Section        0  ddl.o(i.SetBit)
    i.SysTick_Handler                        0x00000866   Section        0  interrupts_hc32l13x.o(i.SysTick_Handler)
    i.Sysctrl_GetHClkFreq                    0x00000870   Section        0  sysctrl.o(i.Sysctrl_GetHClkFreq)
    i.Sysctrl_SetPeripheralGate              0x000009e4   Section        0  sysctrl.o(i.Sysctrl_SetPeripheralGate)
    i.SystemCoreClockUpdate                  0x000009fc   Section        0  system_hc32l13x.o(i.SystemCoreClockUpdate)
    i.SystemInit                             0x00000a0c   Section        0  system_hc32l13x.o(i.SystemInit)
    i.TIM0_IRQHandler                        0x00000a4c   Section        0  interrupts_hc32l13x.o(i.TIM0_IRQHandler)
    i.TIM1_IRQHandler                        0x00000a54   Section        0  interrupts_hc32l13x.o(i.TIM1_IRQHandler)
    i.TIM2_IRQHandler                        0x00000a5c   Section        0  interrupts_hc32l13x.o(i.TIM2_IRQHandler)
    i.TIM3_IRQHandler                        0x00000a64   Section        0  interrupts_hc32l13x.o(i.TIM3_IRQHandler)
    i.TIM4_IRQHandler                        0x00000a6c   Section        0  interrupts_hc32l13x.o(i.TIM4_IRQHandler)
    i.TIM5_IRQHandler                        0x00000a74   Section        0  interrupts_hc32l13x.o(i.TIM5_IRQHandler)
    i.TIM6_IRQHandler                        0x00000a7c   Section        0  interrupts_hc32l13x.o(i.TIM6_IRQHandler)
    i.UART0_IRQHandler                       0x00000a84   Section        0  interrupts_hc32l13x.o(i.UART0_IRQHandler)
    i.UART1_IRQHandler                       0x00000a8c   Section        0  interrupts_hc32l13x.o(i.UART1_IRQHandler)
    i.VC0_IRQHandler                         0x00000a94   Section        0  interrupts_hc32l13x.o(i.VC0_IRQHandler)
    i.VC1_IRQHandler                         0x00000a9c   Section        0  interrupts_hc32l13x.o(i.VC1_IRQHandler)
    i.WDT_IRQHandler                         0x00000aa4   Section        0  interrupts_hc32l13x.o(i.WDT_IRQHandler)
    i._HidePinInit                           0x00000aac   Section        0  system_hc32l13x.o(i._HidePinInit)
    _HidePinInit                             0x00000aad   Thumb Code    24  system_hc32l13x.o(i._HidePinInit)
    i.__ARM_common_switch8                   0x00000ac8   Section        0  sysctrl.o(i.__ARM_common_switch8)
    i.__scatterload_copy                     0x00000ae4   Section       14  handlers.o(i.__scatterload_copy)
    i.__scatterload_null                     0x00000af2   Section        2  handlers.o(i.__scatterload_null)
    i.__scatterload_zeroinit                 0x00000af4   Section       14  handlers.o(i.__scatterload_zeroinit)
    i.cmt_spi3_delay                         0x00000b02   Section        0  cmt_spi3.o(i.cmt_spi3_delay)
    i.cmt_spi3_delay_us                      0x00000b10   Section        0  cmt_spi3.o(i.cmt_spi3_delay_us)
    i.cmt_spi3_init                          0x00000b20   Section        0  cmt_spi3.o(i.cmt_spi3_init)
    i.cmt_spi3_read                          0x00000b88   Section        0  cmt_spi3.o(i.cmt_spi3_read)
    i.cmt_spi3_read_fifo                     0x00000c28   Section        0  cmt_spi3.o(i.cmt_spi3_read_fifo)
    i.cmt_spi3_recv                          0x00000ce6   Section        0  cmt_spi3.o(i.cmt_spi3_recv)
    i.cmt_spi3_send                          0x00000d30   Section        0  cmt_spi3.o(i.cmt_spi3_send)
    i.cmt_spi3_write                         0x00000d80   Section        0  cmt_spi3.o(i.cmt_spi3_write)
    i.csb_out                                0x00000e1a   Section        0  cmt_spi3.o(i.csb_out)
    i.ddl_memclr                             0x00000e2e   Section        0  ddl.o(i.ddl_memclr)
    i.delay1ms                               0x00000e50   Section        0  ddl.o(i.delay1ms)
    i.delay1us                               0x00000ea8   Section        0  ddl.o(i.delay1us)
    i.fcsb_out                               0x00000f04   Section        0  cmt_spi3.o(i.fcsb_out)
    i.main                                   0x00000f18   Section        0  main.o(i.main)
    i.sclk_out                               0x00000f74   Section        0  cmt_spi3.o(i.sclk_out)
    i.sdio_in                                0x00000f88   Section        0  cmt_spi3.o(i.sdio_in)
    i.sdio_out                               0x00000f9c   Section        0  cmt_spi3.o(i.sdio_out)
    i.set_gpio1                              0x00000fb0   Section        0  cmt_spi3.o(i.set_gpio1)
    i.set_gpio2                              0x00000fc4   Section        0  cmt_spi3.o(i.set_gpio2)
    i.set_gpio3                              0x00000fd8   Section        0  cmt_spi3.o(i.set_gpio3)
    .constdata                               0x00000fec   Section       24  sysctrl.o(.constdata)
    .constdata                               0x00001004   Section       96  radio.o(.constdata)
    .data                                    0x20000000   Section        4  system_hc32l13x.o(.data)
    .data                                    0x20000004   Section        4  cmt2300a_hal.o(.data)
    .bss                                     0x20000008   Section       43  main.o(.bss)
    g_rxBuffer                               0x20000008   Data          11  main.o(.bss)
    STACK                                    0x20000038   Section      512  startup_hc32l13x.o(STACK)

    Global Symbols

    Symbol Name                              Value     Ov Type        Size  Object(Section)

    BuildAttributes$$THM_ISAv3M$S$PE$A:L22$X:L11$S22$IEEE1$IW$USESV6$~STKCKD$USESV7$~SHL$OSPACE$EBA8$MICROLIB$REQ8$PRES8$EABIv2 0x00000000   Number         0  anon$$obj.o ABSOLUTE
    __ARM_use_no_argv                        0x00000000   Number         0  main.o ABSOLUTE
    __Vectors                                0x00000000   Data           0  startup_hc32l13x.o(RESET)
    __use_no_errno                           0x00000000   Number         0  useno.o ABSOLUTE
    __use_no_exception_handling              0x00000000   Number         0  useno.o ABSOLUTE
    __use_no_fp                              0x00000000   Number         0  useno.o ABSOLUTE
    __use_no_heap                            0x00000000   Number         0  useno.o ABSOLUTE
    __use_no_heap_region                     0x00000000   Number         0  useno.o ABSOLUTE
    __use_no_semihosting                     0x00000000   Number         0  useno.o ABSOLUTE
    __use_no_semihosting_swi                 0x00000000   Number         0  useno.o ABSOLUTE
    __use_no_signal_handling                 0x00000000   Number         0  useno.o ABSOLUTE
    Adc_IRQHandler                            - Undefined Weak Reference
    ClkTrim_IRQHandler                        - Undefined Weak Reference
    Dmac_IRQHandler                           - Undefined Weak Reference
    Flash_IRQHandler                          - Undefined Weak Reference
    I2c0_IRQHandler                           - Undefined Weak Reference
    I2c1_IRQHandler                           - Undefined Weak Reference
    Lcd_IRQHandler                            - Undefined Weak Reference
    LpTim_IRQHandler                          - Undefined Weak Reference
    LpUart0_IRQHandler                        - Undefined Weak Reference
    LpUart1_IRQHandler                        - Undefined Weak Reference
    Lvd_IRQHandler                            - Undefined Weak Reference
    Pca_IRQHandler                            - Undefined Weak Reference
    Pcnt_IRQHandler                           - Undefined Weak Reference
    PortA_IRQHandler                          - Undefined Weak Reference
    PortB_IRQHandler                          - Undefined Weak Reference
    PortC_IRQHandler                          - Undefined Weak Reference
    PortD_IRQHandler                          - Undefined Weak Reference
    Ram_IRQHandler                            - Undefined Weak Reference
    Rtc_IRQHandler                            - Undefined Weak Reference
    Spi0_IRQHandler                           - Undefined Weak Reference
    Spi1_IRQHandler                           - Undefined Weak Reference
    SysTick_IRQHandler                        - Undefined Weak Reference
    Tim0_IRQHandler                           - Undefined Weak Reference
    Tim1_IRQHandler                           - Undefined Weak Reference
    Tim2_IRQHandler                           - Undefined Weak Reference
    Tim3_IRQHandler                           - Undefined Weak Reference
    Tim4_IRQHandler                           - Undefined Weak Reference
    Tim5_IRQHandler                           - Undefined Weak Reference
    Tim6_IRQHandler                           - Undefined Weak Reference
    Uart0_IRQHandler                          - Undefined Weak Reference
    Uart1_IRQHandler                          - Undefined Weak Reference
    Vc0_IRQHandler                            - Undefined Weak Reference
    Vc1_IRQHandler                            - Undefined Weak Reference
    Wdt_IRQHandler                            - Undefined Weak Reference
    __arm_fini_                               - Undefined Weak Reference
    __cpp_initialize__aeabi_                  - Undefined Weak Reference
    __cxa_finalize                            - Undefined Weak Reference
    __decompress                              - Undefined Weak Reference
    _clock_init                               - Undefined Weak Reference
    _microlib_exit                            - Undefined Weak Reference
    __Vectors_End                            0x000000c0   Data           0  startup_hc32l13x.o(RESET)
    __Vectors_Size                           0x000000c0   Number         0  startup_hc32l13x.o ABSOLUTE
    __main                                   0x000000c1   Thumb Code     0  entry.o(.ARM.Collect$$$$00000000)
    _main_stk                                0x000000c1   Thumb Code     0  entry2.o(.ARM.Collect$$$$00000001)
    _main_scatterload                        0x000000c5   Thumb Code     0  entry5.o(.ARM.Collect$$$$00000004)
    __main_after_scatterload                 0x000000c9   Thumb Code     0  entry5.o(.ARM.Collect$$$$00000004)
    _main_clock                              0x000000c9   Thumb Code     0  entry7b.o(.ARM.Collect$$$$00000008)
    _main_cpp_init                           0x000000c9   Thumb Code     0  entry8b.o(.ARM.Collect$$$$0000000A)
    _main_init                               0x000000c9   Thumb Code     0  entry9a.o(.ARM.Collect$$$$0000000B)
    __rt_lib_shutdown_fini                   0x000000d1   Thumb Code     0  entry12b.o(.ARM.Collect$$$$0000000E)
    __rt_final_cpp                           0x000000d5   Thumb Code     0  entry10a.o(.ARM.Collect$$$$0000000F)
    __rt_final_exit                          0x000000d5   Thumb Code     0  entry11a.o(.ARM.Collect$$$$00000011)
    Reset_Handler                            0x000000d9   Thumb Code    26  startup_hc32l13x.o(.text)
    NMI_Handler                              0x000000f3   Thumb Code     2  startup_hc32l13x.o(.text)
    SVC_Handler                              0x000000f7   Thumb Code     2  startup_hc32l13x.o(.text)
    PendSV_Handler                           0x000000f9   Thumb Code     2  startup_hc32l13x.o(.text)
    __aeabi_uidiv                            0x00000115   Thumb Code     0  uidiv.o(.text)
    __aeabi_uidivmod                         0x00000115   Thumb Code    44  uidiv.o(.text)
    __aeabi_memcpy                           0x00000141   Thumb Code    36  memcpya.o(.text)
    __aeabi_memcpy4                          0x00000141   Thumb Code     0  memcpya.o(.text)
    __aeabi_memcpy8                          0x00000141   Thumb Code     0  memcpya.o(.text)
    __scatterload                            0x00000165   Thumb Code    28  init.o(.text)
    __scatterload_rt2                        0x00000165   Thumb Code     0  init.o(.text)
    main                                     0x00000189   Thumb Code    14  system_hc32l13x.o(i.$Sub$$main)
    ADC_IRQHandler                           0x00000197   Thumb Code     8  interrupts_hc32l13x.o(i.ADC_IRQHandler)
    App_LedInit                              0x0000019f   Thumb Code    42  main.o(i.App_LedInit)
    CLKTRIM_IRQHandler                       0x000001c9   Thumb Code     8  interrupts_hc32l13x.o(i.CLKTRIM_IRQHandler)
    CMT2300A_AutoSwitchStatus                0x000001d1   Thumb Code   162  cmt2300a.o(i.CMT2300A_AutoSwitchStatus)
    CMT2300A_ClearInterruptFlags             0x00000279   Thumb Code   254  cmt2300a.o(i.CMT2300A_ClearInterruptFlags)
    CMT2300A_ClearRxFifo                     0x00000377   Thumb Code    22  cmt2300a.o(i.CMT2300A_ClearRxFifo)
    CMT2300A_ConfigGpio                      0x0000038d   Thumb Code    14  cmt2300a.o(i.CMT2300A_ConfigGpio)
    CMT2300A_ConfigInterrupt                 0x0000039b   Thumb Code    56  cmt2300a.o(i.CMT2300A_ConfigInterrupt)
    CMT2300A_ConfigRegBank                   0x000003d3   Thumb Code    34  cmt2300a.o(i.CMT2300A_ConfigRegBank)
    CMT2300A_EnableInterrupt                 0x000003f5   Thumb Code    14  cmt2300a.o(i.CMT2300A_EnableInterrupt)
    CMT2300A_EnableLfosc                     0x00000403   Thumb Code    64  cmt2300a.o(i.CMT2300A_EnableLfosc)
    CMT2300A_EnableReadFifo                  0x00000443   Thumb Code    32  cmt2300a.o(i.CMT2300A_EnableReadFifo)
    CMT2300A_GetChipStatus                   0x00000463   Thumb Code    14  cmt2300a.o(i.CMT2300A_GetChipStatus)
    CMT2300A_GoRx                            0x00000471   Thumb Code    10  cmt2300a.o(i.CMT2300A_GoRx)
    CMT2300A_GoSleep                         0x0000047b   Thumb Code    10  cmt2300a.o(i.CMT2300A_GoSleep)
    CMT2300A_GoStby                          0x00000485   Thumb Code    10  cmt2300a.o(i.CMT2300A_GoStby)
    CMT2300A_Init                            0x0000048f   Thumb Code    76  cmt2300a.o(i.CMT2300A_Init)
    CMT2300A_InitGpio                        0x000004db   Thumb Code    20  cmt2300a_hal.o(i.CMT2300A_InitGpio)
    CMT2300A_IsExist                         0x000004ef   Thumb Code    46  cmt2300a.o(i.CMT2300A_IsExist)
    CMT2300A_ReadFifo                        0x0000051d   Thumb Code    16  cmt2300a_hal.o(i.CMT2300A_ReadFifo)
    CMT2300A_ReadReg                         0x0000052d   Thumb Code    22  cmt2300a_hal.o(i.CMT2300A_ReadReg)
    CMT2300A_SoftReset                       0x00000543   Thumb Code    12  cmt2300a.o(i.CMT2300A_SoftReset)
    CMT2300A_WriteReg                        0x0000054f   Thumb Code    16  cmt2300a_hal.o(i.CMT2300A_WriteReg)
    DMAC_IRQHandler                          0x0000055f   Thumb Code     8  interrupts_hc32l13x.o(i.DMAC_IRQHandler)
    FLASH_RAM_IRQHandler                     0x00000567   Thumb Code    12  interrupts_hc32l13x.o(i.FLASH_RAM_IRQHandler)
    GetBit                                   0x00000573   Thumb Code    12  ddl.o(i.GetBit)
    Gpio_ClrIO                               0x00000581   Thumb Code    22  gpio.o(i.Gpio_ClrIO)
    Gpio_GetInputIO                          0x0000059d   Thumb Code    18  gpio.o(i.Gpio_GetInputIO)
    Gpio_Init                                0x000005b5   Thumb Code   130  gpio.o(i.Gpio_Init)
    Gpio_WriteOutputIO                       0x00000645   Thumb Code    24  gpio.o(i.Gpio_WriteOutputIO)
    HardFault_Handler                        0x00000661   Thumb Code    16  interrupts_hc32l13x.o(i.HardFault_Handler)
    I2C0_IRQHandler                          0x00000671   Thumb Code     8  interrupts_hc32l13x.o(i.I2C0_IRQHandler)
    I2C1_IRQHandler                          0x00000679   Thumb Code     8  interrupts_hc32l13x.o(i.I2C1_IRQHandler)
    LCD_IRQHandler                           0x00000681   Thumb Code     8  interrupts_hc32l13x.o(i.LCD_IRQHandler)
    LPTIM_IRQHandler                         0x00000689   Thumb Code     8  interrupts_hc32l13x.o(i.LPTIM_IRQHandler)
    LPUART0_IRQHandler                       0x00000691   Thumb Code     8  interrupts_hc32l13x.o(i.LPUART0_IRQHandler)
    LPUART1_IRQHandler                       0x00000699   Thumb Code     8  interrupts_hc32l13x.o(i.LPUART1_IRQHandler)
    LVD_IRQHandler                           0x000006a1   Thumb Code     8  interrupts_hc32l13x.o(i.LVD_IRQHandler)
    Mcu_Init                                 0x000006a9   Thumb Code    12  main.o(i.Mcu_Init)
    PCA_IRQHandler                           0x000006b5   Thumb Code     8  interrupts_hc32l13x.o(i.PCA_IRQHandler)
    PCNT_IRQHandler                          0x000006bd   Thumb Code     8  interrupts_hc32l13x.o(i.PCNT_IRQHandler)
    PORTA_IRQHandler                         0x000006c5   Thumb Code     8  interrupts_hc32l13x.o(i.PORTA_IRQHandler)
    PORTB_IRQHandler                         0x000006cd   Thumb Code     8  interrupts_hc32l13x.o(i.PORTB_IRQHandler)
    PORTC_IRQHandler                         0x000006d5   Thumb Code     8  interrupts_hc32l13x.o(i.PORTC_IRQHandler)
    PORTD_IRQHandler                         0x000006dd   Thumb Code     8  interrupts_hc32l13x.o(i.PORTD_IRQHandler)
    RF_Config                                0x000006e5   Thumb Code    34  radio.o(i.RF_Config)
    RF_Init                                  0x00000709   Thumb Code    98  radio.o(i.RF_Init)
    RTC_IRQHandler                           0x00000785   Thumb Code     8  interrupts_hc32l13x.o(i.RTC_IRQHandler)
    Radio_Recv_FixedLen                      0x0000078d   Thumb Code    70  main.o(i.Radio_Recv_FixedLen)
    SPI0_IRQHandler                          0x000007d3   Thumb Code     8  interrupts_hc32l13x.o(i.SPI0_IRQHandler)
    SPI1_IRQHandler                          0x000007db   Thumb Code     8  interrupts_hc32l13x.o(i.SPI1_IRQHandler)
    SQ                                       0x000007e3   Thumb Code   102  sq.o(i.SQ)
    SetBit                                   0x00000849   Thumb Code    30  ddl.o(i.SetBit)
    SysTick_Handler                          0x00000867   Thumb Code     8  interrupts_hc32l13x.o(i.SysTick_Handler)
    Sysctrl_GetHClkFreq                      0x00000871   Thumb Code   354  sysctrl.o(i.Sysctrl_GetHClkFreq)
    Sysctrl_SetPeripheralGate                0x000009e5   Thumb Code    20  sysctrl.o(i.Sysctrl_SetPeripheralGate)
    SystemCoreClockUpdate                    0x000009fd   Thumb Code    12  system_hc32l13x.o(i.SystemCoreClockUpdate)
    SystemInit                               0x00000a0d   Thumb Code    56  system_hc32l13x.o(i.SystemInit)
    TIM0_IRQHandler                          0x00000a4d   Thumb Code     8  interrupts_hc32l13x.o(i.TIM0_IRQHandler)
    TIM1_IRQHandler                          0x00000a55   Thumb Code     8  interrupts_hc32l13x.o(i.TIM1_IRQHandler)
    TIM2_IRQHandler                          0x00000a5d   Thumb Code     8  interrupts_hc32l13x.o(i.TIM2_IRQHandler)
    TIM3_IRQHandler                          0x00000a65   Thumb Code     8  interrupts_hc32l13x.o(i.TIM3_IRQHandler)
    TIM4_IRQHandler                          0x00000a6d   Thumb Code     8  interrupts_hc32l13x.o(i.TIM4_IRQHandler)
    TIM5_IRQHandler                          0x00000a75   Thumb Code     8  interrupts_hc32l13x.o(i.TIM5_IRQHandler)
    TIM6_IRQHandler                          0x00000a7d   Thumb Code     8  interrupts_hc32l13x.o(i.TIM6_IRQHandler)
    UART0_IRQHandler                         0x00000a85   Thumb Code     8  interrupts_hc32l13x.o(i.UART0_IRQHandler)
    UART1_IRQHandler                         0x00000a8d   Thumb Code     8  interrupts_hc32l13x.o(i.UART1_IRQHandler)
    VC0_IRQHandler                           0x00000a95   Thumb Code     8  interrupts_hc32l13x.o(i.VC0_IRQHandler)
    VC1_IRQHandler                           0x00000a9d   Thumb Code     8  interrupts_hc32l13x.o(i.VC1_IRQHandler)
    WDT_IRQHandler                           0x00000aa5   Thumb Code     8  interrupts_hc32l13x.o(i.WDT_IRQHandler)
    __ARM_common_switch8                     0x00000ac9   Thumb Code    28  sysctrl.o(i.__ARM_common_switch8)
    __scatterload_copy                       0x00000ae5   Thumb Code    14  handlers.o(i.__scatterload_copy)
    __scatterload_null                       0x00000af3   Thumb Code     2  handlers.o(i.__scatterload_null)
    __scatterload_zeroinit                   0x00000af5   Thumb Code    14  handlers.o(i.__scatterload_zeroinit)
    cmt_spi3_delay                           0x00000b03   Thumb Code    14  cmt_spi3.o(i.cmt_spi3_delay)
    cmt_spi3_delay_us                        0x00000b11   Thumb Code    16  cmt_spi3.o(i.cmt_spi3_delay_us)
    cmt_spi3_init                            0x00000b21   Thumb Code   104  cmt_spi3.o(i.cmt_spi3_init)
    cmt_spi3_read                            0x00000b89   Thumb Code   160  cmt_spi3.o(i.cmt_spi3_read)
    cmt_spi3_read_fifo                       0x00000c29   Thumb Code   190  cmt_spi3.o(i.cmt_spi3_read_fifo)
    cmt_spi3_recv                            0x00000ce7   Thumb Code    74  cmt_spi3.o(i.cmt_spi3_recv)
    cmt_spi3_send                            0x00000d31   Thumb Code    80  cmt_spi3.o(i.cmt_spi3_send)
    cmt_spi3_write                           0x00000d81   Thumb Code   154  cmt_spi3.o(i.cmt_spi3_write)
    csb_out                                  0x00000e1b   Thumb Code    20  cmt_spi3.o(i.csb_out)
    ddl_memclr                               0x00000e2f   Thumb Code    32  ddl.o(i.ddl_memclr)
    delay1ms                                 0x00000e51   Thumb Code    76  ddl.o(i.delay1ms)
    delay1us                                 0x00000ea9   Thumb Code    74  ddl.o(i.delay1us)
    fcsb_out                                 0x00000f05   Thumb Code    18  cmt_spi3.o(i.fcsb_out)
    $Super$$main                             0x00000f19   Thumb Code    88  main.o(i.main)
    sclk_out                                 0x00000f75   Thumb Code    20  cmt_spi3.o(i.sclk_out)
    sdio_in                                  0x00000f89   Thumb Code    20  cmt_spi3.o(i.sdio_in)
    sdio_out                                 0x00000f9d   Thumb Code    20  cmt_spi3.o(i.sdio_out)
    set_gpio1                                0x00000fb1   Thumb Code    20  cmt_spi3.o(i.set_gpio1)
    set_gpio2                                0x00000fc5   Thumb Code    20  cmt_spi3.o(i.set_gpio2)
    set_gpio3                                0x00000fd9   Thumb Code    20  cmt_spi3.o(i.set_gpio3)
    g_cmt2300aCmtBank                        0x00001004   Data          12  radio.o(.constdata)
    g_cmt2300aSystemBank                     0x00001010   Data          12  radio.o(.constdata)
    g_cmt2300aFrequencyBank                  0x0000101c   Data           8  radio.o(.constdata)
    g_cmt2300aDataRateBank                   0x00001024   Data          24  radio.o(.constdata)
    g_cmt2300aBasebandBank                   0x0000103c   Data          29  radio.o(.constdata)
    g_cmt2300aTxBank                         0x00001059   Data          11  radio.o(.constdata)
    Region$$Table$$Base                      0x00001064   Number         0  anon$$obj.o(Region$$Table)
    Region$$Table$$Limit                     0x00001084   Number         0  anon$$obj.o(Region$$Table)
    SystemCoreClock                          0x20000000   Data           4  system_hc32l13x.o(.data)
    g_nSysTickCount                          0x20000004   Data           4  cmt2300a_hal.o(.data)
    str                                      0x20000013   Data          32  main.o(.bss)
    __initial_sp                             0x20000238   Data           0  startup_hc32l13x.o(STACK)



==============================================================================

Memory Map of the image

  Image Entry point : 0x000000c1

  Load Region LR_IROM1 (Base: 0x00000000, Size: 0x0000108c, Max: 0x00010000, ABSOLUTE)

    Execution Region ER_IROM1 (Exec base: 0x00000000, Load base: 0x00000000, Size: 0x00001084, Max: 0x00010000, ABSOLUTE)

    Exec Addr    Load Addr    Size         Type   Attr      Idx    E Section Name        Object

    0x00000000   0x00000000   0x000000c0   Data   RO            3    RESET               startup_hc32l13x.o
    0x000000c0   0x000000c0   0x00000000   Code   RO         1339  * .ARM.Collect$$$$00000000  mc_p.l(entry.o)
    0x000000c0   0x000000c0   0x00000004   Code   RO         1350    .ARM.Collect$$$$00000001  mc_p.l(entry2.o)
    0x000000c4   0x000000c4   0x00000004   Code   RO         1353    .ARM.Collect$$$$00000004  mc_p.l(entry5.o)
    0x000000c8   0x000000c8   0x00000000   Code   RO         1355    .ARM.Collect$$$$00000008  mc_p.l(entry7b.o)
    0x000000c8   0x000000c8   0x00000000   Code   RO         1357    .ARM.Collect$$$$0000000A  mc_p.l(entry8b.o)
    0x000000c8   0x000000c8   0x00000008   Code   RO         1358    .ARM.Collect$$$$0000000B  mc_p.l(entry9a.o)
    0x000000d0   0x000000d0   0x00000004   Code   RO         1365    .ARM.Collect$$$$0000000E  mc_p.l(entry12b.o)
    0x000000d4   0x000000d4   0x00000000   Code   RO         1360    .ARM.Collect$$$$0000000F  mc_p.l(entry10a.o)
    0x000000d4   0x000000d4   0x00000000   Code   RO         1362    .ARM.Collect$$$$00000011  mc_p.l(entry11a.o)
    0x000000d4   0x000000d4   0x00000004   Code   RO         1351    .ARM.Collect$$$$00002712  mc_p.l(entry2.o)
    0x000000d8   0x000000d8   0x0000003c   Code   RO            4    .text               startup_hc32l13x.o
    0x00000114   0x00000114   0x0000002c   Code   RO         1342    .text               mc_p.l(uidiv.o)
    0x00000140   0x00000140   0x00000024   Code   RO         1344    .text               mc_p.l(memcpya.o)
    0x00000164   0x00000164   0x00000024   Code   RO         1366    .text               mc_p.l(init.o)
    0x00000188   0x00000188   0x0000000e   Code   RO           12    i.$Sub$$main        system_hc32l13x.o
    0x00000196   0x00000196   0x00000008   Code   RO          105    i.ADC_IRQHandler    interrupts_hc32l13x.o
    0x0000019e   0x0000019e   0x0000002a   Code   RO          341    i.App_LedInit       main.o
    0x000001c8   0x000001c8   0x00000008   Code   RO          106    i.CLKTRIM_IRQHandler  interrupts_hc32l13x.o
    0x000001d0   0x000001d0   0x000000a8   Code   RO          980    i.CMT2300A_AutoSwitchStatus  cmt2300a.o
    0x00000278   0x00000278   0x000000fe   Code   RO          981    i.CMT2300A_ClearInterruptFlags  cmt2300a.o
    0x00000376   0x00000376   0x00000016   Code   RO          982    i.CMT2300A_ClearRxFifo  cmt2300a.o
    0x0000038c   0x0000038c   0x0000000e   Code   RO          984    i.CMT2300A_ConfigGpio  cmt2300a.o
    0x0000039a   0x0000039a   0x00000038   Code   RO          985    i.CMT2300A_ConfigInterrupt  cmt2300a.o
    0x000003d2   0x000003d2   0x00000022   Code   RO          986    i.CMT2300A_ConfigRegBank  cmt2300a.o
    0x000003f4   0x000003f4   0x0000000e   Code   RO          991    i.CMT2300A_EnableInterrupt  cmt2300a.o
    0x00000402   0x00000402   0x00000040   Code   RO          992    i.CMT2300A_EnableLfosc  cmt2300a.o
    0x00000442   0x00000442   0x00000020   Code   RO          994    i.CMT2300A_EnableReadFifo  cmt2300a.o
    0x00000462   0x00000462   0x0000000e   Code   RO          999    i.CMT2300A_GetChipStatus  cmt2300a.o
    0x00000470   0x00000470   0x0000000a   Code   RO         1003    i.CMT2300A_GoRx     cmt2300a.o
    0x0000047a   0x0000047a   0x0000000a   Code   RO         1004    i.CMT2300A_GoSleep  cmt2300a.o
    0x00000484   0x00000484   0x0000000a   Code   RO         1005    i.CMT2300A_GoStby   cmt2300a.o
    0x0000048e   0x0000048e   0x0000004c   Code   RO         1008    i.CMT2300A_Init     cmt2300a.o
    0x000004da   0x000004da   0x00000014   Code   RO         1222    i.CMT2300A_InitGpio  cmt2300a_hal.o
    0x000004ee   0x000004ee   0x0000002e   Code   RO         1009    i.CMT2300A_IsExist  cmt2300a.o
    0x0000051c   0x0000051c   0x00000010   Code   RO         1223    i.CMT2300A_ReadFifo  cmt2300a_hal.o
    0x0000052c   0x0000052c   0x00000016   Code   RO         1224    i.CMT2300A_ReadReg  cmt2300a_hal.o
    0x00000542   0x00000542   0x0000000c   Code   RO         1017    i.CMT2300A_SoftReset  cmt2300a.o
    0x0000054e   0x0000054e   0x00000010   Code   RO         1226    i.CMT2300A_WriteReg  cmt2300a_hal.o
    0x0000055e   0x0000055e   0x00000008   Code   RO          107    i.DMAC_IRQHandler   interrupts_hc32l13x.o
    0x00000566   0x00000566   0x0000000c   Code   RO          109    i.FLASH_RAM_IRQHandler  interrupts_hc32l13x.o
    0x00000572   0x00000572   0x0000000c   Code   RO          425    i.GetBit            ddl.o
    0x0000057e   0x0000057e   0x00000002   PAD
    0x00000580   0x00000580   0x0000001c   Code   RO          688    i.Gpio_ClrIO        gpio.o
    0x0000059c   0x0000059c   0x00000018   Code   RO          693    i.Gpio_GetInputIO   gpio.o
    0x000005b4   0x000005b4   0x00000090   Code   RO          695    i.Gpio_Init         gpio.o
    0x00000644   0x00000644   0x0000001c   Code   RO          712    i.Gpio_WriteOutputIO  gpio.o
    0x00000660   0x00000660   0x00000010   Code   RO          110    i.HardFault_Handler  interrupts_hc32l13x.o
    0x00000670   0x00000670   0x00000008   Code   RO          111    i.I2C0_IRQHandler   interrupts_hc32l13x.o
    0x00000678   0x00000678   0x00000008   Code   RO          112    i.I2C1_IRQHandler   interrupts_hc32l13x.o
    0x00000680   0x00000680   0x00000008   Code   RO          113    i.LCD_IRQHandler    interrupts_hc32l13x.o
    0x00000688   0x00000688   0x00000008   Code   RO          114    i.LPTIM_IRQHandler  interrupts_hc32l13x.o
    0x00000690   0x00000690   0x00000008   Code   RO          115    i.LPUART0_IRQHandler  interrupts_hc32l13x.o
    0x00000698   0x00000698   0x00000008   Code   RO          116    i.LPUART1_IRQHandler  interrupts_hc32l13x.o
    0x000006a0   0x000006a0   0x00000008   Code   RO          117    i.LVD_IRQHandler    interrupts_hc32l13x.o
    0x000006a8   0x000006a8   0x0000000c   Code   RO          342    i.Mcu_Init          main.o
    0x000006b4   0x000006b4   0x00000008   Code   RO          118    i.PCA_IRQHandler    interrupts_hc32l13x.o
    0x000006bc   0x000006bc   0x00000008   Code   RO          119    i.PCNT_IRQHandler   interrupts_hc32l13x.o
    0x000006c4   0x000006c4   0x00000008   Code   RO          120    i.PORTA_IRQHandler  interrupts_hc32l13x.o
    0x000006cc   0x000006cc   0x00000008   Code   RO          121    i.PORTB_IRQHandler  interrupts_hc32l13x.o
    0x000006d4   0x000006d4   0x00000008   Code   RO          122    i.PORTC_IRQHandler  interrupts_hc32l13x.o
    0x000006dc   0x000006dc   0x00000008   Code   RO          123    i.PORTD_IRQHandler  interrupts_hc32l13x.o
    0x000006e4   0x000006e4   0x00000022   Code   RO         1272    i.RF_Config         radio.o
    0x00000706   0x00000706   0x00000002   PAD
    0x00000708   0x00000708   0x0000007c   Code   RO         1275    i.RF_Init           radio.o
    0x00000784   0x00000784   0x00000008   Code   RO          124    i.RTC_IRQHandler    interrupts_hc32l13x.o
    0x0000078c   0x0000078c   0x00000046   Code   RO          343    i.Radio_Recv_FixedLen  main.o
    0x000007d2   0x000007d2   0x00000008   Code   RO          125    i.SPI0_IRQHandler   interrupts_hc32l13x.o
    0x000007da   0x000007da   0x00000008   Code   RO          126    i.SPI1_IRQHandler   interrupts_hc32l13x.o
    0x000007e2   0x000007e2   0x00000066   Code   RO          402    i.SQ                sq.o
    0x00000848   0x00000848   0x0000001e   Code   RO          427    i.SetBit            ddl.o
    0x00000866   0x00000866   0x00000008   Code   RO          127    i.SysTick_Handler   interrupts_hc32l13x.o
    0x0000086e   0x0000086e   0x00000002   PAD
    0x00000870   0x00000870   0x00000174   Code   RO          536    i.Sysctrl_GetHClkFreq  sysctrl.o
    0x000009e4   0x000009e4   0x00000018   Code   RO          544    i.Sysctrl_SetPeripheralGate  sysctrl.o
    0x000009fc   0x000009fc   0x00000010   Code   RO           13    i.SystemCoreClockUpdate  system_hc32l13x.o
    0x00000a0c   0x00000a0c   0x00000040   Code   RO           14    i.SystemInit        system_hc32l13x.o
    0x00000a4c   0x00000a4c   0x00000008   Code   RO          128    i.TIM0_IRQHandler   interrupts_hc32l13x.o
    0x00000a54   0x00000a54   0x00000008   Code   RO          129    i.TIM1_IRQHandler   interrupts_hc32l13x.o
    0x00000a5c   0x00000a5c   0x00000008   Code   RO          130    i.TIM2_IRQHandler   interrupts_hc32l13x.o
    0x00000a64   0x00000a64   0x00000008   Code   RO          131    i.TIM3_IRQHandler   interrupts_hc32l13x.o
    0x00000a6c   0x00000a6c   0x00000008   Code   RO          132    i.TIM4_IRQHandler   interrupts_hc32l13x.o
    0x00000a74   0x00000a74   0x00000008   Code   RO          133    i.TIM5_IRQHandler   interrupts_hc32l13x.o
    0x00000a7c   0x00000a7c   0x00000008   Code   RO          134    i.TIM6_IRQHandler   interrupts_hc32l13x.o
    0x00000a84   0x00000a84   0x00000008   Code   RO          135    i.UART0_IRQHandler  interrupts_hc32l13x.o
    0x00000a8c   0x00000a8c   0x00000008   Code   RO          136    i.UART1_IRQHandler  interrupts_hc32l13x.o
    0x00000a94   0x00000a94   0x00000008   Code   RO          137    i.VC0_IRQHandler    interrupts_hc32l13x.o
    0x00000a9c   0x00000a9c   0x00000008   Code   RO          138    i.VC1_IRQHandler    interrupts_hc32l13x.o
    0x00000aa4   0x00000aa4   0x00000008   Code   RO          139    i.WDT_IRQHandler    interrupts_hc32l13x.o
    0x00000aac   0x00000aac   0x0000001c   Code   RO           15    i._HidePinInit      system_hc32l13x.o
    0x00000ac8   0x00000ac8   0x0000001c   Code   RO          680    i.__ARM_common_switch8  sysctrl.o
    0x00000ae4   0x00000ae4   0x0000000e   Code   RO         1370    i.__scatterload_copy  mc_p.l(handlers.o)
    0x00000af2   0x00000af2   0x00000002   Code   RO         1371    i.__scatterload_null  mc_p.l(handlers.o)
    0x00000af4   0x00000af4   0x0000000e   Code   RO         1372    i.__scatterload_zeroinit  mc_p.l(handlers.o)
    0x00000b02   0x00000b02   0x0000000e   Code   RO          956    i.cmt_spi3_delay    cmt_spi3.o
    0x00000b10   0x00000b10   0x00000010   Code   RO          961    i.cmt_spi3_delay_us  cmt_spi3.o
    0x00000b20   0x00000b20   0x00000068   Code   RO          857    i.cmt_spi3_init     cmt_spi3.o
    0x00000b88   0x00000b88   0x000000a0   Code   RO          858    i.cmt_spi3_read     cmt_spi3.o
    0x00000c28   0x00000c28   0x000000be   Code   RO          859    i.cmt_spi3_read_fifo  cmt_spi3.o
    0x00000ce6   0x00000ce6   0x0000004a   Code   RO          860    i.cmt_spi3_recv     cmt_spi3.o
    0x00000d30   0x00000d30   0x00000050   Code   RO          861    i.cmt_spi3_send     cmt_spi3.o
    0x00000d80   0x00000d80   0x0000009a   Code   RO          862    i.cmt_spi3_write    cmt_spi3.o
    0x00000e1a   0x00000e1a   0x00000014   Code   RO          864    i.csb_out           cmt_spi3.o
    0x00000e2e   0x00000e2e   0x00000020   Code   RO          431    i.ddl_memclr        ddl.o
    0x00000e4e   0x00000e4e   0x00000002   PAD
    0x00000e50   0x00000e50   0x00000058   Code   RO          434    i.delay1ms          ddl.o
    0x00000ea8   0x00000ea8   0x0000005c   Code   RO          435    i.delay1us          ddl.o
    0x00000f04   0x00000f04   0x00000012   Code   RO          865    i.fcsb_out          cmt_spi3.o
    0x00000f16   0x00000f16   0x00000002   PAD
    0x00000f18   0x00000f18   0x0000005c   Code   RO          344    i.main              main.o
    0x00000f74   0x00000f74   0x00000014   Code   RO          866    i.sclk_out          cmt_spi3.o
    0x00000f88   0x00000f88   0x00000014   Code   RO          867    i.sdio_in           cmt_spi3.o
    0x00000f9c   0x00000f9c   0x00000014   Code   RO          868    i.sdio_out          cmt_spi3.o
    0x00000fb0   0x00000fb0   0x00000014   Code   RO          869    i.set_gpio1         cmt_spi3.o
    0x00000fc4   0x00000fc4   0x00000014   Code   RO          870    i.set_gpio2         cmt_spi3.o
    0x00000fd8   0x00000fd8   0x00000014   Code   RO          871    i.set_gpio3         cmt_spi3.o
    0x00000fec   0x00000fec   0x00000018   Data   RO          556    .constdata          sysctrl.o
    0x00001004   0x00001004   0x00000060   Data   RO         1280    .constdata          radio.o
    0x00001064   0x00001064   0x00000020   Data   RO         1368    Region$$Table       anon$$obj.o


    Execution Region RW_IRAM1 (Exec base: 0x20000000, Load base: 0x00001084, Size: 0x00000238, Max: 0x00002000, ABSOLUTE)

    Exec Addr    Load Addr    Size         Type   Attr      Idx    E Section Name        Object

    0x20000000   0x00001084   0x00000004   Data   RW           16    .data               system_hc32l13x.o
    0x20000004   0x00001088   0x00000004   Data   RW         1227    .data               cmt2300a_hal.o
    0x20000008        -       0x0000002b   Zero   RW          345    .bss                main.o
    0x20000033   0x0000108c   0x00000005   PAD
    0x20000038        -       0x00000200   Zero   RW            1    STACK               startup_hc32l13x.o


==============================================================================

Image component sizes


      Code (inc. data)   RO Data    RW Data    ZI Data      Debug   Object Name

       836          6          0          0          0      10286   cmt2300a.o
        74          0          0          4          0       3313   cmt2300a_hal.o
       950          0          0          0          0      10176   cmt_spi3.o
       254         30          0          0          0       3673   ddl.o
       224         30          0          0          0       3208   gpio.o
       284          0          0          0          0      19583   interrupts_hc32l13x.o
       216          4          0          0         43       7478   main.o
       158         26         96          0          0       2522   radio.o
       102          0          0          0          0        545   sq.o
        60         22        192          0        512        708   startup_hc32l13x.o
       424         30         24          0          0       2986   sysctrl.o
       122         16          0          4          0      12788   system_hc32l13x.o

    ----------------------------------------------------------------------
      3714        164        344          8        560      77266   Object Totals
         0          0         32          0          0          0   (incl. Generated)
        10          0          0          0          5          0   (incl. Padding)

    ----------------------------------------------------------------------

      Code (inc. data)   RO Data    RW Data    ZI Data      Debug   Library Member Name

         0          0          0          0          0          0   entry.o
         0          0          0          0          0          0   entry10a.o
         0          0          0          0          0          0   entry11a.o
         4          0          0          0          0          0   entry12b.o
         8          4          0          0          0          0   entry2.o
         4          0          0          0          0          0   entry5.o
         0          0          0          0          0          0   entry7b.o
         0          0          0          0          0          0   entry8b.o
         8          4          0          0          0          0   entry9a.o
        30          0          0          0          0          0   handlers.o
        36          8          0          0          0         68   init.o
        36          0          0          0          0         60   memcpya.o
        44          0          0          0          0         72   uidiv.o

    ----------------------------------------------------------------------
       170         16          0          0          0        200   Library Totals
         0          0          0          0          0          0   (incl. Padding)

    ----------------------------------------------------------------------

      Code (inc. data)   RO Data    RW Data    ZI Data      Debug   Library Name

       170         16          0          0          0        200   mc_p.l

    ----------------------------------------------------------------------
       170         16          0          0          0        200   Library Totals

    ----------------------------------------------------------------------

==============================================================================


      Code (inc. data)   RO Data    RW Data    ZI Data      Debug   

      3884        180        344          8        560      73614   Grand Totals
      3884        180        344          8        560      73614   ELF Image Totals
      3884        180        344          8          0          0   ROM Totals

==============================================================================

    Total RO  Size (Code + RO Data)                 4228 (   4.13kB)
    Total RW  Size (RW Data + ZI Data)               568 (   0.55kB)
    Total ROM Size (Code + RO Data + RW Data)       4236 (   4.14kB)

==============================================================================

