Component: ARM Compiler 5.06 update 6 (build 750) Tool: armlink [4d35ed]

==============================================================================

Image Symbol Table

    Local Symbols

    Symbol Name                              Value     Ov Type        Size  Object(Section)

    RESET                                    0x00000000   Section      192  startup_hc32l13x.o(RESET)
    ../clib/microlib/division.c              0x00000000   Number         0  uidiv.o ABSOLUTE
    ../clib/microlib/init/entry.s            0x00000000   Number         0  entry8a.o ABSOLUTE
    ../clib/microlib/init/entry.s            0x00000000   Number         0  entry7a.o ABSOLUTE
    ../clib/microlib/init/entry.s            0x00000000   Number         0  entry.o ABSOLUTE
    ../clib/microlib/init/entry.s            0x00000000   Number         0  entry7b.o ABSOLUTE
    ../clib/microlib/init/entry.s            0x00000000   Number         0  entry9a.o ABSOLUTE
    ../clib/microlib/init/entry.s            0x00000000   Number         0  entry11b.o ABSOLUTE
    ../clib/microlib/init/entry.s            0x00000000   Number         0  entry8b.o ABSOLUTE
    ../clib/microlib/init/entry.s            0x00000000   Number         0  entry11a.o ABSOLUTE
    ../clib/microlib/init/entry.s            0x00000000   Number         0  entry10b.o ABSOLUTE
    ../clib/microlib/init/entry.s            0x00000000   Number         0  entry10a.o ABSOLUTE
    ../clib/microlib/init/entry.s            0x00000000   Number         0  entry9b.o ABSOLUTE
    ../clib/microlib/init/entry.s            0x00000000   Number         0  entry2.o ABSOLUTE
    ../clib/microlib/init/entry.s            0x00000000   Number         0  entry5.o ABSOLUTE
    ../clib/microlib/string/memcpy.c         0x00000000   Number         0  memcpya.o ABSOLUTE
    ../clib/microlib/string/memcpy.c         0x00000000   Number         0  memcpyb.o ABSOLUTE
    ../clib/microlib/string/memset.c         0x00000000   Number         0  memseta.o ABSOLUTE
    ../clib/microlib/stubs.s                 0x00000000   Number         0  useno.o ABSOLUTE
    ..\..\..\..\driver\src\ddl.c             0x00000000   Number         0  ddl.o ABSOLUTE
    ..\..\..\..\driver\src\gpio.c            0x00000000   Number         0  gpio.o ABSOLUTE
    ..\..\..\..\driver\src\sysctrl.c         0x00000000   Number         0  sysctrl.o ABSOLUTE
    ..\..\..\..\mcu\common\interrupts_hc32l13x.c 0x00000000   Number         0  interrupts_hc32l13x.o ABSOLUTE
    ..\..\..\..\mcu\common\system_hc32l13x.c 0x00000000   Number         0  system_hc32l13x.o ABSOLUTE
    ..\\..\\..\\..\\driver\\src\\ddl.c       0x00000000   Number         0  ddl.o ABSOLUTE
    ..\\..\\..\\..\\driver\\src\\gpio.c      0x00000000   Number         0  gpio.o ABSOLUTE
    ..\\..\\..\\..\\driver\\src\\sysctrl.c   0x00000000   Number         0  sysctrl.o ABSOLUTE
    ..\\..\\..\\..\\mcu\\common\\interrupts_hc32l13x.c 0x00000000   Number         0  interrupts_hc32l13x.o ABSOLUTE
    ..\\..\\..\\..\\mcu\\common\\system_hc32l13x.c 0x00000000   Number         0  system_hc32l13x.o ABSOLUTE
    ..\\periph\\cmt_spi3.c                   0x00000000   Number         0  cmt_spi3.o ABSOLUTE
    ..\\radio\\cmt2300a.c                    0x00000000   Number         0  cmt2300a.o ABSOLUTE
    ..\\radio\\cmt2300a_hal.c                0x00000000   Number         0  cmt2300a_hal.o ABSOLUTE
    ..\\radio\\radio.c                       0x00000000   Number         0  radio.o ABSOLUTE
    ..\\source\\SQ.c                         0x00000000   Number         0  sq.o ABSOLUTE
    ..\\source\\main.c                       0x00000000   Number         0  main.o ABSOLUTE
    ..\periph\cmt_spi3.c                     0x00000000   Number         0  cmt_spi3.o ABSOLUTE
    ..\radio\cmt2300a.c                      0x00000000   Number         0  cmt2300a.o ABSOLUTE
    ..\radio\cmt2300a_hal.c                  0x00000000   Number         0  cmt2300a_hal.o ABSOLUTE
    ..\radio\radio.c                         0x00000000   Number         0  radio.o ABSOLUTE
    ..\source\SQ.c                           0x00000000   Number         0  sq.o ABSOLUTE
    ..\source\main.c                         0x00000000   Number         0  main.o ABSOLUTE
    dc.s                                     0x00000000   Number         0  dc.o ABSOLUTE
    handlers.s                               0x00000000   Number         0  handlers.o ABSOLUTE
    init.s                                   0x00000000   Number         0  init.o ABSOLUTE
    startup_hc32l13x.s                       0x00000000   Number         0  startup_hc32l13x.o ABSOLUTE
    .ARM.Collect$$$$00000000                 0x000000c0   Section        0  entry.o(.ARM.Collect$$$$00000000)
    .ARM.Collect$$$$00000001                 0x000000c0   Section        4  entry2.o(.ARM.Collect$$$$00000001)
    .ARM.Collect$$$$00000004                 0x000000c4   Section        4  entry5.o(.ARM.Collect$$$$00000004)
    .ARM.Collect$$$$00000008                 0x000000c8   Section        0  entry7b.o(.ARM.Collect$$$$00000008)
    .ARM.Collect$$$$0000000A                 0x000000c8   Section        0  entry8b.o(.ARM.Collect$$$$0000000A)
    .ARM.Collect$$$$0000000B                 0x000000c8   Section        8  entry9a.o(.ARM.Collect$$$$0000000B)
    .ARM.Collect$$$$0000000D                 0x000000d0   Section        0  entry10a.o(.ARM.Collect$$$$0000000D)
    .ARM.Collect$$$$0000000F                 0x000000d0   Section        0  entry11a.o(.ARM.Collect$$$$0000000F)
    .ARM.Collect$$$$00002712                 0x000000d0   Section        4  entry2.o(.ARM.Collect$$$$00002712)
    __lit__00000000                          0x000000d0   Data           4  entry2.o(.ARM.Collect$$$$00002712)
    .text                                    0x000000d4   Section       60  startup_hc32l13x.o(.text)
    .text                                    0x00000110   Section        0  uidiv.o(.text)
    .text                                    0x0000013c   Section        0  memcpya.o(.text)
    .text                                    0x00000160   Section       36  init.o(.text)
    i.$Sub$$main                             0x00000184   Section        0  system_hc32l13x.o(i.$Sub$$main)
    i.ADC_IRQHandler                         0x00000192   Section        0  interrupts_hc32l13x.o(i.ADC_IRQHandler)
    i.App_LedInit                            0x0000019a   Section        0  main.o(i.App_LedInit)
    i.CLKTRIM_IRQHandler                     0x000001c4   Section        0  interrupts_hc32l13x.o(i.CLKTRIM_IRQHandler)
    i.CMT2300A_AutoSwitchStatus              0x000001cc   Section        0  cmt2300a.o(i.CMT2300A_AutoSwitchStatus)
    i.CMT2300A_ClearInterruptFlags           0x00000274   Section        0  cmt2300a.o(i.CMT2300A_ClearInterruptFlags)
    i.CMT2300A_ClearTxFifo                   0x00000372   Section        0  cmt2300a.o(i.CMT2300A_ClearTxFifo)
    i.CMT2300A_ConfigGpio                    0x00000388   Section        0  cmt2300a.o(i.CMT2300A_ConfigGpio)
    i.CMT2300A_ConfigInterrupt               0x00000396   Section        0  cmt2300a.o(i.CMT2300A_ConfigInterrupt)
    i.CMT2300A_ConfigRegBank                 0x000003ce   Section        0  cmt2300a.o(i.CMT2300A_ConfigRegBank)
    i.CMT2300A_EnableInterrupt               0x000003f0   Section        0  cmt2300a.o(i.CMT2300A_EnableInterrupt)
    i.CMT2300A_EnableLfosc                   0x000003fe   Section        0  cmt2300a.o(i.CMT2300A_EnableLfosc)
    i.CMT2300A_EnableWriteFifo               0x0000043e   Section        0  cmt2300a.o(i.CMT2300A_EnableWriteFifo)
    i.CMT2300A_GetChipStatus                 0x0000045a   Section        0  cmt2300a.o(i.CMT2300A_GetChipStatus)
    i.CMT2300A_GoSleep                       0x00000468   Section        0  cmt2300a.o(i.CMT2300A_GoSleep)
    i.CMT2300A_GoStby                        0x00000472   Section        0  cmt2300a.o(i.CMT2300A_GoStby)
    i.CMT2300A_GoTx                          0x0000047c   Section        0  cmt2300a.o(i.CMT2300A_GoTx)
    i.CMT2300A_Init                          0x00000486   Section        0  cmt2300a.o(i.CMT2300A_Init)
    i.CMT2300A_InitGpio                      0x000004d2   Section        0  cmt2300a_hal.o(i.CMT2300A_InitGpio)
    i.CMT2300A_IsExist                       0x000004e6   Section        0  cmt2300a.o(i.CMT2300A_IsExist)
    i.CMT2300A_ReadReg                       0x00000514   Section        0  cmt2300a_hal.o(i.CMT2300A_ReadReg)
    i.CMT2300A_SetPayloadLength              0x0000052a   Section        0  cmt2300a.o(i.CMT2300A_SetPayloadLength)
    i.CMT2300A_SoftReset                     0x00000558   Section        0  cmt2300a.o(i.CMT2300A_SoftReset)
    i.CMT2300A_WriteFifo                     0x00000564   Section        0  cmt2300a_hal.o(i.CMT2300A_WriteFifo)
    i.CMT2300A_WriteReg                      0x00000574   Section        0  cmt2300a_hal.o(i.CMT2300A_WriteReg)
    i.DMAC_IRQHandler                        0x00000584   Section        0  interrupts_hc32l13x.o(i.DMAC_IRQHandler)
    i.FLASH_RAM_IRQHandler                   0x0000058c   Section        0  interrupts_hc32l13x.o(i.FLASH_RAM_IRQHandler)
    i.GetBit                                 0x00000598   Section        0  ddl.o(i.GetBit)
    i.Gpio_ClrIO                             0x000005a4   Section        0  gpio.o(i.Gpio_ClrIO)
    i.Gpio_GetInputIO                        0x000005c0   Section        0  gpio.o(i.Gpio_GetInputIO)
    i.Gpio_Init                              0x000005d8   Section        0  gpio.o(i.Gpio_Init)
    i.Gpio_WriteOutputIO                     0x00000668   Section        0  gpio.o(i.Gpio_WriteOutputIO)
    i.HardFault_Handler                      0x00000684   Section        0  interrupts_hc32l13x.o(i.HardFault_Handler)
    i.I2C0_IRQHandler                        0x00000694   Section        0  interrupts_hc32l13x.o(i.I2C0_IRQHandler)
    i.I2C1_IRQHandler                        0x0000069c   Section        0  interrupts_hc32l13x.o(i.I2C1_IRQHandler)
    i.LCD_IRQHandler                         0x000006a4   Section        0  interrupts_hc32l13x.o(i.LCD_IRQHandler)
    i.LPTIM_IRQHandler                       0x000006ac   Section        0  interrupts_hc32l13x.o(i.LPTIM_IRQHandler)
    i.LPUART0_IRQHandler                     0x000006b4   Section        0  interrupts_hc32l13x.o(i.LPUART0_IRQHandler)
    i.LPUART1_IRQHandler                     0x000006bc   Section        0  interrupts_hc32l13x.o(i.LPUART1_IRQHandler)
    i.LVD_IRQHandler                         0x000006c4   Section        0  interrupts_hc32l13x.o(i.LVD_IRQHandler)
    i.Mcu_Init                               0x000006cc   Section        0  main.o(i.Mcu_Init)
    i.PCA_IRQHandler                         0x000006d8   Section        0  interrupts_hc32l13x.o(i.PCA_IRQHandler)
    i.PCNT_IRQHandler                        0x000006e0   Section        0  interrupts_hc32l13x.o(i.PCNT_IRQHandler)
    i.PORTA_IRQHandler                       0x000006e8   Section        0  interrupts_hc32l13x.o(i.PORTA_IRQHandler)
    i.PORTB_IRQHandler                       0x000006f0   Section        0  interrupts_hc32l13x.o(i.PORTB_IRQHandler)
    i.PORTC_IRQHandler                       0x000006f8   Section        0  interrupts_hc32l13x.o(i.PORTC_IRQHandler)
    i.PORTD_IRQHandler                       0x00000700   Section        0  interrupts_hc32l13x.o(i.PORTD_IRQHandler)
    i.RF_Config                              0x00000708   Section        0  radio.o(i.RF_Config)
    i.RF_Init                                0x0000072c   Section        0  radio.o(i.RF_Init)
    i.RTC_IRQHandler                         0x000007a8   Section        0  interrupts_hc32l13x.o(i.RTC_IRQHandler)
    i.Radio_Send_FixedLen                    0x000007b0   Section        0  main.o(i.Radio_Send_FixedLen)
    i.SPI0_IRQHandler                        0x00000818   Section        0  interrupts_hc32l13x.o(i.SPI0_IRQHandler)
    i.SPI1_IRQHandler                        0x00000820   Section        0  interrupts_hc32l13x.o(i.SPI1_IRQHandler)
    i.SQ                                     0x00000828   Section        0  sq.o(i.SQ)
    i.SetBit                                 0x0000088e   Section        0  ddl.o(i.SetBit)
    i.SysTick_Handler                        0x000008ac   Section        0  interrupts_hc32l13x.o(i.SysTick_Handler)
    i.Sysctrl_GetHClkFreq                    0x000008b4   Section        0  sysctrl.o(i.Sysctrl_GetHClkFreq)
    i.Sysctrl_SetPeripheralGate              0x00000a28   Section        0  sysctrl.o(i.Sysctrl_SetPeripheralGate)
    i.SystemCoreClockUpdate                  0x00000a40   Section        0  system_hc32l13x.o(i.SystemCoreClockUpdate)
    i.SystemInit                             0x00000a50   Section        0  system_hc32l13x.o(i.SystemInit)
    i.TIM0_IRQHandler                        0x00000a90   Section        0  interrupts_hc32l13x.o(i.TIM0_IRQHandler)
    i.TIM1_IRQHandler                        0x00000a98   Section        0  interrupts_hc32l13x.o(i.TIM1_IRQHandler)
    i.TIM2_IRQHandler                        0x00000aa0   Section        0  interrupts_hc32l13x.o(i.TIM2_IRQHandler)
    i.TIM3_IRQHandler                        0x00000aa8   Section        0  interrupts_hc32l13x.o(i.TIM3_IRQHandler)
    i.TIM4_IRQHandler                        0x00000ab0   Section        0  interrupts_hc32l13x.o(i.TIM4_IRQHandler)
    i.TIM5_IRQHandler                        0x00000ab8   Section        0  interrupts_hc32l13x.o(i.TIM5_IRQHandler)
    i.TIM6_IRQHandler                        0x00000ac0   Section        0  interrupts_hc32l13x.o(i.TIM6_IRQHandler)
    i.UART0_IRQHandler                       0x00000ac8   Section        0  interrupts_hc32l13x.o(i.UART0_IRQHandler)
    i.UART1_IRQHandler                       0x00000ad0   Section        0  interrupts_hc32l13x.o(i.UART1_IRQHandler)
    i.VC0_IRQHandler                         0x00000ad8   Section        0  interrupts_hc32l13x.o(i.VC0_IRQHandler)
    i.VC1_IRQHandler                         0x00000ae0   Section        0  interrupts_hc32l13x.o(i.VC1_IRQHandler)
    i.WDT_IRQHandler                         0x00000ae8   Section        0  interrupts_hc32l13x.o(i.WDT_IRQHandler)
    i._HidePinInit                           0x00000af0   Section        0  system_hc32l13x.o(i._HidePinInit)
    _HidePinInit                             0x00000af1   Thumb Code    24  system_hc32l13x.o(i._HidePinInit)
    i.__ARM_common_switch8                   0x00000b0c   Section        0  sysctrl.o(i.__ARM_common_switch8)
    i.__scatterload_copy                     0x00000b28   Section       14  handlers.o(i.__scatterload_copy)
    i.__scatterload_null                     0x00000b36   Section        2  handlers.o(i.__scatterload_null)
    i.__scatterload_zeroinit                 0x00000b38   Section       14  handlers.o(i.__scatterload_zeroinit)
    i.cmt_spi3_delay                         0x00000b46   Section        0  cmt_spi3.o(i.cmt_spi3_delay)
    i.cmt_spi3_delay_us                      0x00000b54   Section        0  cmt_spi3.o(i.cmt_spi3_delay_us)
    i.cmt_spi3_init                          0x00000b64   Section        0  cmt_spi3.o(i.cmt_spi3_init)
    i.cmt_spi3_read                          0x00000bcc   Section        0  cmt_spi3.o(i.cmt_spi3_read)
    i.cmt_spi3_recv                          0x00000c6c   Section        0  cmt_spi3.o(i.cmt_spi3_recv)
    i.cmt_spi3_send                          0x00000cb6   Section        0  cmt_spi3.o(i.cmt_spi3_send)
    i.cmt_spi3_write                         0x00000d06   Section        0  cmt_spi3.o(i.cmt_spi3_write)
    i.cmt_spi3_write_fifo                    0x00000da0   Section        0  cmt_spi3.o(i.cmt_spi3_write_fifo)
    i.csb_out                                0x00000e5e   Section        0  cmt_spi3.o(i.csb_out)
    i.ddl_memclr                             0x00000e72   Section        0  ddl.o(i.ddl_memclr)
    i.delay100us                             0x00000e94   Section        0  ddl.o(i.delay100us)
    i.delay1ms                               0x00000ef0   Section        0  ddl.o(i.delay1ms)
    i.delay1us                               0x00000f48   Section        0  ddl.o(i.delay1us)
    i.fcsb_out                               0x00000fa4   Section        0  cmt_spi3.o(i.fcsb_out)
    i.main                                   0x00000fb8   Section        0  main.o(i.main)
    i.sclk_out                               0x0000100c   Section        0  cmt_spi3.o(i.sclk_out)
    i.sdio_in                                0x00001020   Section        0  cmt_spi3.o(i.sdio_in)
    i.sdio_out                               0x00001034   Section        0  cmt_spi3.o(i.sdio_out)
    i.set_gpio1                              0x00001048   Section        0  cmt_spi3.o(i.set_gpio1)
    i.set_gpio2                              0x0000105c   Section        0  cmt_spi3.o(i.set_gpio2)
    i.set_gpio3                              0x00001070   Section        0  cmt_spi3.o(i.set_gpio3)
    .constdata                               0x00001084   Section       24  sysctrl.o(.constdata)
    .constdata                               0x0000109c   Section       96  radio.o(.constdata)
    .data                                    0x20000000   Section        4  system_hc32l13x.o(.data)
    .data                                    0x20000004   Section        8  main.o(.data)
    .data                                    0x2000000c   Section        4  cmt2300a_hal.o(.data)
    .bss                                     0x20000010   Section       42  main.o(.bss)
    g_txBuffer                               0x20000010   Data          10  main.o(.bss)
    STACK                                    0x20000040   Section      512  startup_hc32l13x.o(STACK)

    Global Symbols

    Symbol Name                              Value     Ov Type        Size  Object(Section)

    BuildAttributes$$THM_ISAv3M$S$PE$A:L22$X:L11$S22$IEEE1$IW$USESV6$~STKCKD$USESV7$~SHL$OSPACE$EBA8$MICROLIB$REQ8$PRES8$EABIv2 0x00000000   Number         0  anon$$obj.o ABSOLUTE
    __ARM_use_no_argv                        0x00000000   Number         0  main.o ABSOLUTE
    __Vectors                                0x00000000   Data           0  startup_hc32l13x.o(RESET)
    __use_no_errno                           0x00000000   Number         0  useno.o ABSOLUTE
    __use_no_exception_handling              0x00000000   Number         0  useno.o ABSOLUTE
    __use_no_fp                              0x00000000   Number         0  useno.o ABSOLUTE
    __use_no_heap                            0x00000000   Number         0  useno.o ABSOLUTE
    __use_no_heap_region                     0x00000000   Number         0  useno.o ABSOLUTE
    __use_no_semihosting                     0x00000000   Number         0  useno.o ABSOLUTE
    __use_no_semihosting_swi                 0x00000000   Number         0  useno.o ABSOLUTE
    __use_no_signal_handling                 0x00000000   Number         0  useno.o ABSOLUTE
    Adc_IRQHandler                            - Undefined Weak Reference
    ClkTrim_IRQHandler                        - Undefined Weak Reference
    Dmac_IRQHandler                           - Undefined Weak Reference
    Flash_IRQHandler                          - Undefined Weak Reference
    I2c0_IRQHandler                           - Undefined Weak Reference
    I2c1_IRQHandler                           - Undefined Weak Reference
    Lcd_IRQHandler                            - Undefined Weak Reference
    LpTim_IRQHandler                          - Undefined Weak Reference
    LpUart0_IRQHandler                        - Undefined Weak Reference
    LpUart1_IRQHandler                        - Undefined Weak Reference
    Lvd_IRQHandler                            - Undefined Weak Reference
    Pca_IRQHandler                            - Undefined Weak Reference
    Pcnt_IRQHandler                           - Undefined Weak Reference
    PortA_IRQHandler                          - Undefined Weak Reference
    PortB_IRQHandler                          - Undefined Weak Reference
    PortC_IRQHandler                          - Undefined Weak Reference
    PortD_IRQHandler                          - Undefined Weak Reference
    Ram_IRQHandler                            - Undefined Weak Reference
    Rtc_IRQHandler                            - Undefined Weak Reference
    Spi0_IRQHandler                           - Undefined Weak Reference
    Spi1_IRQHandler                           - Undefined Weak Reference
    SysTick_IRQHandler                        - Undefined Weak Reference
    Tim0_IRQHandler                           - Undefined Weak Reference
    Tim1_IRQHandler                           - Undefined Weak Reference
    Tim2_IRQHandler                           - Undefined Weak Reference
    Tim3_IRQHandler                           - Undefined Weak Reference
    Tim4_IRQHandler                           - Undefined Weak Reference
    Tim5_IRQHandler                           - Undefined Weak Reference
    Tim6_IRQHandler                           - Undefined Weak Reference
    Uart0_IRQHandler                          - Undefined Weak Reference
    Uart1_IRQHandler                          - Undefined Weak Reference
    Vc0_IRQHandler                            - Undefined Weak Reference
    Vc1_IRQHandler                            - Undefined Weak Reference
    Wdt_IRQHandler                            - Undefined Weak Reference
    __cpp_initialize__aeabi_                  - Undefined Weak Reference
    __cxa_finalize                            - Undefined Weak Reference
    __decompress                              - Undefined Weak Reference
    _clock_init                               - Undefined Weak Reference
    _microlib_exit                            - Undefined Weak Reference
    __Vectors_End                            0x000000c0   Data           0  startup_hc32l13x.o(RESET)
    __Vectors_Size                           0x000000c0   Number         0  startup_hc32l13x.o ABSOLUTE
    __main                                   0x000000c1   Thumb Code     0  entry.o(.ARM.Collect$$$$00000000)
    _main_stk                                0x000000c1   Thumb Code     0  entry2.o(.ARM.Collect$$$$00000001)
    _main_scatterload                        0x000000c5   Thumb Code     0  entry5.o(.ARM.Collect$$$$00000004)
    __main_after_scatterload                 0x000000c9   Thumb Code     0  entry5.o(.ARM.Collect$$$$00000004)
    _main_clock                              0x000000c9   Thumb Code     0  entry7b.o(.ARM.Collect$$$$00000008)
    _main_cpp_init                           0x000000c9   Thumb Code     0  entry8b.o(.ARM.Collect$$$$0000000A)
    _main_init                               0x000000c9   Thumb Code     0  entry9a.o(.ARM.Collect$$$$0000000B)
    __rt_final_cpp                           0x000000d1   Thumb Code     0  entry10a.o(.ARM.Collect$$$$0000000D)
    __rt_final_exit                          0x000000d1   Thumb Code     0  entry11a.o(.ARM.Collect$$$$0000000F)
    Reset_Handler                            0x000000d5   Thumb Code    26  startup_hc32l13x.o(.text)
    NMI_Handler                              0x000000ef   Thumb Code     2  startup_hc32l13x.o(.text)
    SVC_Handler                              0x000000f3   Thumb Code     2  startup_hc32l13x.o(.text)
    PendSV_Handler                           0x000000f5   Thumb Code     2  startup_hc32l13x.o(.text)
    __aeabi_uidiv                            0x00000111   Thumb Code     0  uidiv.o(.text)
    __aeabi_uidivmod                         0x00000111   Thumb Code    44  uidiv.o(.text)
    __aeabi_memcpy                           0x0000013d   Thumb Code    36  memcpya.o(.text)
    __aeabi_memcpy4                          0x0000013d   Thumb Code     0  memcpya.o(.text)
    __aeabi_memcpy8                          0x0000013d   Thumb Code     0  memcpya.o(.text)
    __scatterload                            0x00000161   Thumb Code    28  init.o(.text)
    __scatterload_rt2                        0x00000161   Thumb Code     0  init.o(.text)
    main                                     0x00000185   Thumb Code    14  system_hc32l13x.o(i.$Sub$$main)
    ADC_IRQHandler                           0x00000193   Thumb Code     8  interrupts_hc32l13x.o(i.ADC_IRQHandler)
    App_LedInit                              0x0000019b   Thumb Code    42  main.o(i.App_LedInit)
    CLKTRIM_IRQHandler                       0x000001c5   Thumb Code     8  interrupts_hc32l13x.o(i.CLKTRIM_IRQHandler)
    CMT2300A_AutoSwitchStatus                0x000001cd   Thumb Code   162  cmt2300a.o(i.CMT2300A_AutoSwitchStatus)
    CMT2300A_ClearInterruptFlags             0x00000275   Thumb Code   254  cmt2300a.o(i.CMT2300A_ClearInterruptFlags)
    CMT2300A_ClearTxFifo                     0x00000373   Thumb Code    22  cmt2300a.o(i.CMT2300A_ClearTxFifo)
    CMT2300A_ConfigGpio                      0x00000389   Thumb Code    14  cmt2300a.o(i.CMT2300A_ConfigGpio)
    CMT2300A_ConfigInterrupt                 0x00000397   Thumb Code    56  cmt2300a.o(i.CMT2300A_ConfigInterrupt)
    CMT2300A_ConfigRegBank                   0x000003cf   Thumb Code    34  cmt2300a.o(i.CMT2300A_ConfigRegBank)
    CMT2300A_EnableInterrupt                 0x000003f1   Thumb Code    14  cmt2300a.o(i.CMT2300A_EnableInterrupt)
    CMT2300A_EnableLfosc                     0x000003ff   Thumb Code    64  cmt2300a.o(i.CMT2300A_EnableLfosc)
    CMT2300A_EnableWriteFifo                 0x0000043f   Thumb Code    28  cmt2300a.o(i.CMT2300A_EnableWriteFifo)
    CMT2300A_GetChipStatus                   0x0000045b   Thumb Code    14  cmt2300a.o(i.CMT2300A_GetChipStatus)
    CMT2300A_GoSleep                         0x00000469   Thumb Code    10  cmt2300a.o(i.CMT2300A_GoSleep)
    CMT2300A_GoStby                          0x00000473   Thumb Code    10  cmt2300a.o(i.CMT2300A_GoStby)
    CMT2300A_GoTx                            0x0000047d   Thumb Code    10  cmt2300a.o(i.CMT2300A_GoTx)
    CMT2300A_Init                            0x00000487   Thumb Code    76  cmt2300a.o(i.CMT2300A_Init)
    CMT2300A_InitGpio                        0x000004d3   Thumb Code    20  cmt2300a_hal.o(i.CMT2300A_InitGpio)
    CMT2300A_IsExist                         0x000004e7   Thumb Code    46  cmt2300a.o(i.CMT2300A_IsExist)
    CMT2300A_ReadReg                         0x00000515   Thumb Code    22  cmt2300a_hal.o(i.CMT2300A_ReadReg)
    CMT2300A_SetPayloadLength                0x0000052b   Thumb Code    46  cmt2300a.o(i.CMT2300A_SetPayloadLength)
    CMT2300A_SoftReset                       0x00000559   Thumb Code    12  cmt2300a.o(i.CMT2300A_SoftReset)
    CMT2300A_WriteFifo                       0x00000565   Thumb Code    16  cmt2300a_hal.o(i.CMT2300A_WriteFifo)
    CMT2300A_WriteReg                        0x00000575   Thumb Code    16  cmt2300a_hal.o(i.CMT2300A_WriteReg)
    DMAC_IRQHandler                          0x00000585   Thumb Code     8  interrupts_hc32l13x.o(i.DMAC_IRQHandler)
    FLASH_RAM_IRQHandler                     0x0000058d   Thumb Code    12  interrupts_hc32l13x.o(i.FLASH_RAM_IRQHandler)
    GetBit                                   0x00000599   Thumb Code    12  ddl.o(i.GetBit)
    Gpio_ClrIO                               0x000005a5   Thumb Code    22  gpio.o(i.Gpio_ClrIO)
    Gpio_GetInputIO                          0x000005c1   Thumb Code    18  gpio.o(i.Gpio_GetInputIO)
    Gpio_Init                                0x000005d9   Thumb Code   130  gpio.o(i.Gpio_Init)
    Gpio_WriteOutputIO                       0x00000669   Thumb Code    24  gpio.o(i.Gpio_WriteOutputIO)
    HardFault_Handler                        0x00000685   Thumb Code    16  interrupts_hc32l13x.o(i.HardFault_Handler)
    I2C0_IRQHandler                          0x00000695   Thumb Code     8  interrupts_hc32l13x.o(i.I2C0_IRQHandler)
    I2C1_IRQHandler                          0x0000069d   Thumb Code     8  interrupts_hc32l13x.o(i.I2C1_IRQHandler)
    LCD_IRQHandler                           0x000006a5   Thumb Code     8  interrupts_hc32l13x.o(i.LCD_IRQHandler)
    LPTIM_IRQHandler                         0x000006ad   Thumb Code     8  interrupts_hc32l13x.o(i.LPTIM_IRQHandler)
    LPUART0_IRQHandler                       0x000006b5   Thumb Code     8  interrupts_hc32l13x.o(i.LPUART0_IRQHandler)
    LPUART1_IRQHandler                       0x000006bd   Thumb Code     8  interrupts_hc32l13x.o(i.LPUART1_IRQHandler)
    LVD_IRQHandler                           0x000006c5   Thumb Code     8  interrupts_hc32l13x.o(i.LVD_IRQHandler)
    Mcu_Init                                 0x000006cd   Thumb Code    12  main.o(i.Mcu_Init)
    PCA_IRQHandler                           0x000006d9   Thumb Code     8  interrupts_hc32l13x.o(i.PCA_IRQHandler)
    PCNT_IRQHandler                          0x000006e1   Thumb Code     8  interrupts_hc32l13x.o(i.PCNT_IRQHandler)
    PORTA_IRQHandler                         0x000006e9   Thumb Code     8  interrupts_hc32l13x.o(i.PORTA_IRQHandler)
    PORTB_IRQHandler                         0x000006f1   Thumb Code     8  interrupts_hc32l13x.o(i.PORTB_IRQHandler)
    PORTC_IRQHandler                         0x000006f9   Thumb Code     8  interrupts_hc32l13x.o(i.PORTC_IRQHandler)
    PORTD_IRQHandler                         0x00000701   Thumb Code     8  interrupts_hc32l13x.o(i.PORTD_IRQHandler)
    RF_Config                                0x00000709   Thumb Code    34  radio.o(i.RF_Config)
    RF_Init                                  0x0000072d   Thumb Code    98  radio.o(i.RF_Init)
    RTC_IRQHandler                           0x000007a9   Thumb Code     8  interrupts_hc32l13x.o(i.RTC_IRQHandler)
    Radio_Send_FixedLen                      0x000007b1   Thumb Code    98  main.o(i.Radio_Send_FixedLen)
    SPI0_IRQHandler                          0x00000819   Thumb Code     8  interrupts_hc32l13x.o(i.SPI0_IRQHandler)
    SPI1_IRQHandler                          0x00000821   Thumb Code     8  interrupts_hc32l13x.o(i.SPI1_IRQHandler)
    SQ                                       0x00000829   Thumb Code   102  sq.o(i.SQ)
    SetBit                                   0x0000088f   Thumb Code    30  ddl.o(i.SetBit)
    SysTick_Handler                          0x000008ad   Thumb Code     8  interrupts_hc32l13x.o(i.SysTick_Handler)
    Sysctrl_GetHClkFreq                      0x000008b5   Thumb Code   354  sysctrl.o(i.Sysctrl_GetHClkFreq)
    Sysctrl_SetPeripheralGate                0x00000a29   Thumb Code    20  sysctrl.o(i.Sysctrl_SetPeripheralGate)
    SystemCoreClockUpdate                    0x00000a41   Thumb Code    12  system_hc32l13x.o(i.SystemCoreClockUpdate)
    SystemInit                               0x00000a51   Thumb Code    56  system_hc32l13x.o(i.SystemInit)
    TIM0_IRQHandler                          0x00000a91   Thumb Code     8  interrupts_hc32l13x.o(i.TIM0_IRQHandler)
    TIM1_IRQHandler                          0x00000a99   Thumb Code     8  interrupts_hc32l13x.o(i.TIM1_IRQHandler)
    TIM2_IRQHandler                          0x00000aa1   Thumb Code     8  interrupts_hc32l13x.o(i.TIM2_IRQHandler)
    TIM3_IRQHandler                          0x00000aa9   Thumb Code     8  interrupts_hc32l13x.o(i.TIM3_IRQHandler)
    TIM4_IRQHandler                          0x00000ab1   Thumb Code     8  interrupts_hc32l13x.o(i.TIM4_IRQHandler)
    TIM5_IRQHandler                          0x00000ab9   Thumb Code     8  interrupts_hc32l13x.o(i.TIM5_IRQHandler)
    TIM6_IRQHandler                          0x00000ac1   Thumb Code     8  interrupts_hc32l13x.o(i.TIM6_IRQHandler)
    UART0_IRQHandler                         0x00000ac9   Thumb Code     8  interrupts_hc32l13x.o(i.UART0_IRQHandler)
    UART1_IRQHandler                         0x00000ad1   Thumb Code     8  interrupts_hc32l13x.o(i.UART1_IRQHandler)
    VC0_IRQHandler                           0x00000ad9   Thumb Code     8  interrupts_hc32l13x.o(i.VC0_IRQHandler)
    VC1_IRQHandler                           0x00000ae1   Thumb Code     8  interrupts_hc32l13x.o(i.VC1_IRQHandler)
    WDT_IRQHandler                           0x00000ae9   Thumb Code     8  interrupts_hc32l13x.o(i.WDT_IRQHandler)
    __ARM_common_switch8                     0x00000b0d   Thumb Code    28  sysctrl.o(i.__ARM_common_switch8)
    __scatterload_copy                       0x00000b29   Thumb Code    14  handlers.o(i.__scatterload_copy)
    __scatterload_null                       0x00000b37   Thumb Code     2  handlers.o(i.__scatterload_null)
    __scatterload_zeroinit                   0x00000b39   Thumb Code    14  handlers.o(i.__scatterload_zeroinit)
    cmt_spi3_delay                           0x00000b47   Thumb Code    14  cmt_spi3.o(i.cmt_spi3_delay)
    cmt_spi3_delay_us                        0x00000b55   Thumb Code    16  cmt_spi3.o(i.cmt_spi3_delay_us)
    cmt_spi3_init                            0x00000b65   Thumb Code   104  cmt_spi3.o(i.cmt_spi3_init)
    cmt_spi3_read                            0x00000bcd   Thumb Code   160  cmt_spi3.o(i.cmt_spi3_read)
    cmt_spi3_recv                            0x00000c6d   Thumb Code    74  cmt_spi3.o(i.cmt_spi3_recv)
    cmt_spi3_send                            0x00000cb7   Thumb Code    80  cmt_spi3.o(i.cmt_spi3_send)
    cmt_spi3_write                           0x00000d07   Thumb Code   154  cmt_spi3.o(i.cmt_spi3_write)
    cmt_spi3_write_fifo                      0x00000da1   Thumb Code   190  cmt_spi3.o(i.cmt_spi3_write_fifo)
    csb_out                                  0x00000e5f   Thumb Code    20  cmt_spi3.o(i.csb_out)
    ddl_memclr                               0x00000e73   Thumb Code    32  ddl.o(i.ddl_memclr)
    delay100us                               0x00000e95   Thumb Code    74  ddl.o(i.delay100us)
    delay1ms                                 0x00000ef1   Thumb Code    76  ddl.o(i.delay1ms)
    delay1us                                 0x00000f49   Thumb Code    74  ddl.o(i.delay1us)
    fcsb_out                                 0x00000fa5   Thumb Code    18  cmt_spi3.o(i.fcsb_out)
    $Super$$main                             0x00000fb9   Thumb Code    76  main.o(i.main)
    sclk_out                                 0x0000100d   Thumb Code    20  cmt_spi3.o(i.sclk_out)
    sdio_in                                  0x00001021   Thumb Code    20  cmt_spi3.o(i.sdio_in)
    sdio_out                                 0x00001035   Thumb Code    20  cmt_spi3.o(i.sdio_out)
    set_gpio1                                0x00001049   Thumb Code    20  cmt_spi3.o(i.set_gpio1)
    set_gpio2                                0x0000105d   Thumb Code    20  cmt_spi3.o(i.set_gpio2)
    set_gpio3                                0x00001071   Thumb Code    20  cmt_spi3.o(i.set_gpio3)
    g_cmt2300aCmtBank                        0x0000109c   Data          12  radio.o(.constdata)
    g_cmt2300aSystemBank                     0x000010a8   Data          12  radio.o(.constdata)
    g_cmt2300aFrequencyBank                  0x000010b4   Data           8  radio.o(.constdata)
    g_cmt2300aDataRateBank                   0x000010bc   Data          24  radio.o(.constdata)
    g_cmt2300aBasebandBank                   0x000010d4   Data          29  radio.o(.constdata)
    g_cmt2300aTxBank                         0x000010f1   Data          11  radio.o(.constdata)
    Region$$Table$$Base                      0x000010fc   Number         0  anon$$obj.o(Region$$Table)
    Region$$Table$$Limit                     0x0000111c   Number         0  anon$$obj.o(Region$$Table)
    SystemCoreClock                          0x20000000   Data           4  system_hc32l13x.o(.data)
    g_nRecvCount                             0x20000004   Data           4  main.o(.data)
    g_nSendCount                             0x20000008   Data           4  main.o(.data)
    g_nSysTickCount                          0x2000000c   Data           4  cmt2300a_hal.o(.data)
    str                                      0x2000001a   Data          32  main.o(.bss)
    __initial_sp                             0x20000240   Data           0  startup_hc32l13x.o(STACK)



==============================================================================

Memory Map of the image

  Image Entry point : 0x000000c1

  Load Region LR_IROM1 (Base: 0x00000000, Size: 0x0000112c, Max: 0x00010000, ABSOLUTE)

    Execution Region ER_IROM1 (Exec base: 0x00000000, Load base: 0x00000000, Size: 0x0000111c, Max: 0x00010000, ABSOLUTE)

    Exec Addr    Load Addr    Size         Type   Attr      Idx    E Section Name        Object

    0x00000000   0x00000000   0x000000c0   Data   RO            3    RESET               startup_hc32l13x.o
    0x000000c0   0x000000c0   0x00000000   Code   RO         1339  * .ARM.Collect$$$$00000000  mc_p.l(entry.o)
    0x000000c0   0x000000c0   0x00000004   Code   RO         1350    .ARM.Collect$$$$00000001  mc_p.l(entry2.o)
    0x000000c4   0x000000c4   0x00000004   Code   RO         1353    .ARM.Collect$$$$00000004  mc_p.l(entry5.o)
    0x000000c8   0x000000c8   0x00000000   Code   RO         1355    .ARM.Collect$$$$00000008  mc_p.l(entry7b.o)
    0x000000c8   0x000000c8   0x00000000   Code   RO         1357    .ARM.Collect$$$$0000000A  mc_p.l(entry8b.o)
    0x000000c8   0x000000c8   0x00000008   Code   RO         1358    .ARM.Collect$$$$0000000B  mc_p.l(entry9a.o)
    0x000000d0   0x000000d0   0x00000000   Code   RO         1360    .ARM.Collect$$$$0000000D  mc_p.l(entry10a.o)
    0x000000d0   0x000000d0   0x00000000   Code   RO         1362    .ARM.Collect$$$$0000000F  mc_p.l(entry11a.o)
    0x000000d0   0x000000d0   0x00000004   Code   RO         1351    .ARM.Collect$$$$00002712  mc_p.l(entry2.o)
    0x000000d4   0x000000d4   0x0000003c   Code   RO            4    .text               startup_hc32l13x.o
    0x00000110   0x00000110   0x0000002c   Code   RO         1342    .text               mc_p.l(uidiv.o)
    0x0000013c   0x0000013c   0x00000024   Code   RO         1344    .text               mc_p.l(memcpya.o)
    0x00000160   0x00000160   0x00000024   Code   RO         1364    .text               mc_p.l(init.o)
    0x00000184   0x00000184   0x0000000e   Code   RO           12    i.$Sub$$main        system_hc32l13x.o
    0x00000192   0x00000192   0x00000008   Code   RO          105    i.ADC_IRQHandler    interrupts_hc32l13x.o
    0x0000019a   0x0000019a   0x0000002a   Code   RO          341    i.App_LedInit       main.o
    0x000001c4   0x000001c4   0x00000008   Code   RO          106    i.CLKTRIM_IRQHandler  interrupts_hc32l13x.o
    0x000001cc   0x000001cc   0x000000a8   Code   RO          980    i.CMT2300A_AutoSwitchStatus  cmt2300a.o
    0x00000274   0x00000274   0x000000fe   Code   RO          981    i.CMT2300A_ClearInterruptFlags  cmt2300a.o
    0x00000372   0x00000372   0x00000016   Code   RO          983    i.CMT2300A_ClearTxFifo  cmt2300a.o
    0x00000388   0x00000388   0x0000000e   Code   RO          984    i.CMT2300A_ConfigGpio  cmt2300a.o
    0x00000396   0x00000396   0x00000038   Code   RO          985    i.CMT2300A_ConfigInterrupt  cmt2300a.o
    0x000003ce   0x000003ce   0x00000022   Code   RO          986    i.CMT2300A_ConfigRegBank  cmt2300a.o
    0x000003f0   0x000003f0   0x0000000e   Code   RO          991    i.CMT2300A_EnableInterrupt  cmt2300a.o
    0x000003fe   0x000003fe   0x00000040   Code   RO          992    i.CMT2300A_EnableLfosc  cmt2300a.o
    0x0000043e   0x0000043e   0x0000001c   Code   RO          998    i.CMT2300A_EnableWriteFifo  cmt2300a.o
    0x0000045a   0x0000045a   0x0000000e   Code   RO          999    i.CMT2300A_GetChipStatus  cmt2300a.o
    0x00000468   0x00000468   0x0000000a   Code   RO         1004    i.CMT2300A_GoSleep  cmt2300a.o
    0x00000472   0x00000472   0x0000000a   Code   RO         1005    i.CMT2300A_GoStby   cmt2300a.o
    0x0000047c   0x0000047c   0x0000000a   Code   RO         1007    i.CMT2300A_GoTx     cmt2300a.o
    0x00000486   0x00000486   0x0000004c   Code   RO         1008    i.CMT2300A_Init     cmt2300a.o
    0x000004d2   0x000004d2   0x00000014   Code   RO         1222    i.CMT2300A_InitGpio  cmt2300a_hal.o
    0x000004e6   0x000004e6   0x0000002e   Code   RO         1009    i.CMT2300A_IsExist  cmt2300a.o
    0x00000514   0x00000514   0x00000016   Code   RO         1224    i.CMT2300A_ReadReg  cmt2300a_hal.o
    0x0000052a   0x0000052a   0x0000002e   Code   RO         1016    i.CMT2300A_SetPayloadLength  cmt2300a.o
    0x00000558   0x00000558   0x0000000c   Code   RO         1017    i.CMT2300A_SoftReset  cmt2300a.o
    0x00000564   0x00000564   0x00000010   Code   RO         1225    i.CMT2300A_WriteFifo  cmt2300a_hal.o
    0x00000574   0x00000574   0x00000010   Code   RO         1226    i.CMT2300A_WriteReg  cmt2300a_hal.o
    0x00000584   0x00000584   0x00000008   Code   RO          107    i.DMAC_IRQHandler   interrupts_hc32l13x.o
    0x0000058c   0x0000058c   0x0000000c   Code   RO          109    i.FLASH_RAM_IRQHandler  interrupts_hc32l13x.o
    0x00000598   0x00000598   0x0000000c   Code   RO          425    i.GetBit            ddl.o
    0x000005a4   0x000005a4   0x0000001c   Code   RO          688    i.Gpio_ClrIO        gpio.o
    0x000005c0   0x000005c0   0x00000018   Code   RO          693    i.Gpio_GetInputIO   gpio.o
    0x000005d8   0x000005d8   0x00000090   Code   RO          695    i.Gpio_Init         gpio.o
    0x00000668   0x00000668   0x0000001c   Code   RO          712    i.Gpio_WriteOutputIO  gpio.o
    0x00000684   0x00000684   0x00000010   Code   RO          110    i.HardFault_Handler  interrupts_hc32l13x.o
    0x00000694   0x00000694   0x00000008   Code   RO          111    i.I2C0_IRQHandler   interrupts_hc32l13x.o
    0x0000069c   0x0000069c   0x00000008   Code   RO          112    i.I2C1_IRQHandler   interrupts_hc32l13x.o
    0x000006a4   0x000006a4   0x00000008   Code   RO          113    i.LCD_IRQHandler    interrupts_hc32l13x.o
    0x000006ac   0x000006ac   0x00000008   Code   RO          114    i.LPTIM_IRQHandler  interrupts_hc32l13x.o
    0x000006b4   0x000006b4   0x00000008   Code   RO          115    i.LPUART0_IRQHandler  interrupts_hc32l13x.o
    0x000006bc   0x000006bc   0x00000008   Code   RO          116    i.LPUART1_IRQHandler  interrupts_hc32l13x.o
    0x000006c4   0x000006c4   0x00000008   Code   RO          117    i.LVD_IRQHandler    interrupts_hc32l13x.o
    0x000006cc   0x000006cc   0x0000000c   Code   RO          342    i.Mcu_Init          main.o
    0x000006d8   0x000006d8   0x00000008   Code   RO          118    i.PCA_IRQHandler    interrupts_hc32l13x.o
    0x000006e0   0x000006e0   0x00000008   Code   RO          119    i.PCNT_IRQHandler   interrupts_hc32l13x.o
    0x000006e8   0x000006e8   0x00000008   Code   RO          120    i.PORTA_IRQHandler  interrupts_hc32l13x.o
    0x000006f0   0x000006f0   0x00000008   Code   RO          121    i.PORTB_IRQHandler  interrupts_hc32l13x.o
    0x000006f8   0x000006f8   0x00000008   Code   RO          122    i.PORTC_IRQHandler  interrupts_hc32l13x.o
    0x00000700   0x00000700   0x00000008   Code   RO          123    i.PORTD_IRQHandler  interrupts_hc32l13x.o
    0x00000708   0x00000708   0x00000022   Code   RO         1272    i.RF_Config         radio.o
    0x0000072a   0x0000072a   0x00000002   PAD
    0x0000072c   0x0000072c   0x0000007c   Code   RO         1275    i.RF_Init           radio.o
    0x000007a8   0x000007a8   0x00000008   Code   RO          124    i.RTC_IRQHandler    interrupts_hc32l13x.o
    0x000007b0   0x000007b0   0x00000068   Code   RO          343    i.Radio_Send_FixedLen  main.o
    0x00000818   0x00000818   0x00000008   Code   RO          125    i.SPI0_IRQHandler   interrupts_hc32l13x.o
    0x00000820   0x00000820   0x00000008   Code   RO          126    i.SPI1_IRQHandler   interrupts_hc32l13x.o
    0x00000828   0x00000828   0x00000066   Code   RO          402    i.SQ                sq.o
    0x0000088e   0x0000088e   0x0000001e   Code   RO          427    i.SetBit            ddl.o
    0x000008ac   0x000008ac   0x00000008   Code   RO          127    i.SysTick_Handler   interrupts_hc32l13x.o
    0x000008b4   0x000008b4   0x00000174   Code   RO          536    i.Sysctrl_GetHClkFreq  sysctrl.o
    0x00000a28   0x00000a28   0x00000018   Code   RO          544    i.Sysctrl_SetPeripheralGate  sysctrl.o
    0x00000a40   0x00000a40   0x00000010   Code   RO           13    i.SystemCoreClockUpdate  system_hc32l13x.o
    0x00000a50   0x00000a50   0x00000040   Code   RO           14    i.SystemInit        system_hc32l13x.o
    0x00000a90   0x00000a90   0x00000008   Code   RO          128    i.TIM0_IRQHandler   interrupts_hc32l13x.o
    0x00000a98   0x00000a98   0x00000008   Code   RO          129    i.TIM1_IRQHandler   interrupts_hc32l13x.o
    0x00000aa0   0x00000aa0   0x00000008   Code   RO          130    i.TIM2_IRQHandler   interrupts_hc32l13x.o
    0x00000aa8   0x00000aa8   0x00000008   Code   RO          131    i.TIM3_IRQHandler   interrupts_hc32l13x.o
    0x00000ab0   0x00000ab0   0x00000008   Code   RO          132    i.TIM4_IRQHandler   interrupts_hc32l13x.o
    0x00000ab8   0x00000ab8   0x00000008   Code   RO          133    i.TIM5_IRQHandler   interrupts_hc32l13x.o
    0x00000ac0   0x00000ac0   0x00000008   Code   RO          134    i.TIM6_IRQHandler   interrupts_hc32l13x.o
    0x00000ac8   0x00000ac8   0x00000008   Code   RO          135    i.UART0_IRQHandler  interrupts_hc32l13x.o
    0x00000ad0   0x00000ad0   0x00000008   Code   RO          136    i.UART1_IRQHandler  interrupts_hc32l13x.o
    0x00000ad8   0x00000ad8   0x00000008   Code   RO          137    i.VC0_IRQHandler    interrupts_hc32l13x.o
    0x00000ae0   0x00000ae0   0x00000008   Code   RO          138    i.VC1_IRQHandler    interrupts_hc32l13x.o
    0x00000ae8   0x00000ae8   0x00000008   Code   RO          139    i.WDT_IRQHandler    interrupts_hc32l13x.o
    0x00000af0   0x00000af0   0x0000001c   Code   RO           15    i._HidePinInit      system_hc32l13x.o
    0x00000b0c   0x00000b0c   0x0000001c   Code   RO          680    i.__ARM_common_switch8  sysctrl.o
    0x00000b28   0x00000b28   0x0000000e   Code   RO         1368    i.__scatterload_copy  mc_p.l(handlers.o)
    0x00000b36   0x00000b36   0x00000002   Code   RO         1369    i.__scatterload_null  mc_p.l(handlers.o)
    0x00000b38   0x00000b38   0x0000000e   Code   RO         1370    i.__scatterload_zeroinit  mc_p.l(handlers.o)
    0x00000b46   0x00000b46   0x0000000e   Code   RO          956    i.cmt_spi3_delay    cmt_spi3.o
    0x00000b54   0x00000b54   0x00000010   Code   RO          961    i.cmt_spi3_delay_us  cmt_spi3.o
    0x00000b64   0x00000b64   0x00000068   Code   RO          857    i.cmt_spi3_init     cmt_spi3.o
    0x00000bcc   0x00000bcc   0x000000a0   Code   RO          858    i.cmt_spi3_read     cmt_spi3.o
    0x00000c6c   0x00000c6c   0x0000004a   Code   RO          860    i.cmt_spi3_recv     cmt_spi3.o
    0x00000cb6   0x00000cb6   0x00000050   Code   RO          861    i.cmt_spi3_send     cmt_spi3.o
    0x00000d06   0x00000d06   0x0000009a   Code   RO          862    i.cmt_spi3_write    cmt_spi3.o
    0x00000da0   0x00000da0   0x000000be   Code   RO          863    i.cmt_spi3_write_fifo  cmt_spi3.o
    0x00000e5e   0x00000e5e   0x00000014   Code   RO          864    i.csb_out           cmt_spi3.o
    0x00000e72   0x00000e72   0x00000020   Code   RO          431    i.ddl_memclr        ddl.o
    0x00000e92   0x00000e92   0x00000002   PAD
    0x00000e94   0x00000e94   0x0000005c   Code   RO          432    i.delay100us        ddl.o
    0x00000ef0   0x00000ef0   0x00000058   Code   RO          434    i.delay1ms          ddl.o
    0x00000f48   0x00000f48   0x0000005c   Code   RO          435    i.delay1us          ddl.o
    0x00000fa4   0x00000fa4   0x00000012   Code   RO          865    i.fcsb_out          cmt_spi3.o
    0x00000fb6   0x00000fb6   0x00000002   PAD
    0x00000fb8   0x00000fb8   0x00000054   Code   RO          344    i.main              main.o
    0x0000100c   0x0000100c   0x00000014   Code   RO          866    i.sclk_out          cmt_spi3.o
    0x00001020   0x00001020   0x00000014   Code   RO          867    i.sdio_in           cmt_spi3.o
    0x00001034   0x00001034   0x00000014   Code   RO          868    i.sdio_out          cmt_spi3.o
    0x00001048   0x00001048   0x00000014   Code   RO          869    i.set_gpio1         cmt_spi3.o
    0x0000105c   0x0000105c   0x00000014   Code   RO          870    i.set_gpio2         cmt_spi3.o
    0x00001070   0x00001070   0x00000014   Code   RO          871    i.set_gpio3         cmt_spi3.o
    0x00001084   0x00001084   0x00000018   Data   RO          556    .constdata          sysctrl.o
    0x0000109c   0x0000109c   0x00000060   Data   RO         1280    .constdata          radio.o
    0x000010fc   0x000010fc   0x00000020   Data   RO         1366    Region$$Table       anon$$obj.o


    Execution Region RW_IRAM1 (Exec base: 0x20000000, Load base: 0x0000111c, Size: 0x00000240, Max: 0x00002000, ABSOLUTE)

    Exec Addr    Load Addr    Size         Type   Attr      Idx    E Section Name        Object

    0x20000000   0x0000111c   0x00000004   Data   RW           16    .data               system_hc32l13x.o
    0x20000004   0x00001120   0x00000008   Data   RW          346    .data               main.o
    0x2000000c   0x00001128   0x00000004   Data   RW         1227    .data               cmt2300a_hal.o
    0x20000010        -       0x0000002a   Zero   RW          345    .bss                main.o
    0x2000003a   0x0000112c   0x00000006   PAD
    0x20000040        -       0x00000200   Zero   RW            1    STACK               startup_hc32l13x.o


==============================================================================

Image component sizes


      Code (inc. data)   RO Data    RW Data    ZI Data      Debug   Object Name

       878          6          0          0          0      10983   cmt2300a.o
        74          0          0          4          0       3330   cmt2300a_hal.o
       950          0          0          0          0      10209   cmt_spi3.o
       346         48          0          0          0       4330   ddl.o
       224         30          0          0          0       3216   gpio.o
       284          0          0          0          0      19671   interrupts_hc32l13x.o
       242         14          0          8         42       7538   main.o
       158         26         96          0          0       2534   radio.o
       102          0          0          0          0        549   sq.o
        60         22        192          0        512        708   startup_hc32l13x.o
       424         30         24          0          0       2994   sysctrl.o
       122         16          0          4          0      12736   system_hc32l13x.o

    ----------------------------------------------------------------------
      3870        192        344         16        560      78798   Object Totals
         0          0         32          0          0          0   (incl. Generated)
         6          0          0          0          6          0   (incl. Padding)

    ----------------------------------------------------------------------

      Code (inc. data)   RO Data    RW Data    ZI Data      Debug   Library Member Name

         0          0          0          0          0          0   entry.o
         0          0          0          0          0          0   entry10a.o
         0          0          0          0          0          0   entry11a.o
         8          4          0          0          0          0   entry2.o
         4          0          0          0          0          0   entry5.o
         0          0          0          0          0          0   entry7b.o
         0          0          0          0          0          0   entry8b.o
         8          4          0          0          0          0   entry9a.o
        30          0          0          0          0          0   handlers.o
        36          8          0          0          0         68   init.o
        36          0          0          0          0         60   memcpya.o
        44          0          0          0          0         72   uidiv.o

    ----------------------------------------------------------------------
       166         16          0          0          0        200   Library Totals
         0          0          0          0          0          0   (incl. Padding)

    ----------------------------------------------------------------------

      Code (inc. data)   RO Data    RW Data    ZI Data      Debug   Library Name

       166         16          0          0          0        200   mc_p.l

    ----------------------------------------------------------------------
       166         16          0          0          0        200   Library Totals

    ----------------------------------------------------------------------

==============================================================================


      Code (inc. data)   RO Data    RW Data    ZI Data      Debug   

      4036        208        344         16        560      75058   Grand Totals
      4036        208        344         16        560      75058   ELF Image Totals
      4036        208        344         16          0          0   ROM Totals

==============================================================================

    Total RO  Size (Code + RO Data)                 4380 (   4.28kB)
    Total RW  Size (RW Data + ZI Data)               576 (   0.56kB)
    Total ROM Size (Code + RO Data + RW Data)       4396 (   4.29kB)

==============================================================================

