<html>
<body>
<pre>
<h1>礦ision Build Log</h1>
<h2>Tool Versions:</h2>
IDE-Version: μVision V5.39.0.0
Copyright (C) 2023 ARM Ltd and ARM Germany GmbH. All rights reserved.
License Information: 123 123, 123, LIC=03C6R-KA950-IIE5V-P29Y6-3WTZ9-YC2G7
 
Tool Versions:
Toolchain:       MDK-ARM Plus  Version: 5.39.0.0
Toolchain Path:  D:\_Keil5\ARM\ARMCC\Bin
C Compiler:      Armcc.exe V5.06 update 6 (build 750)
Assembler:       Armasm.exe V5.06 update 6 (build 750)
Linker/Locator:  ArmLink.exe V5.06 update 6 (build 750)
Library Manager: ArmAr.exe V5.06 update 6 (build 750)
Hex Converter:   FromElf.exe V5.06 update 6 (build 750)
CPU DLL:         SARMCM3.DLL V5.39.0.0
Dialog DLL:      DARMCM1.DLL V1.19.6.0
Target DLL:      CMSIS_AGDI.dll V1.33.16.0
Dialog DLL:      TARMCM1.DLL V1.14.6.0
 
<h2>Project:</h2>
D:\_Project\GD32_Control\无线芯片模块资料\PH2119BBA\参考代码\PH2219BBA&PH2119BBA\211\hc32l13x_ddl_Rev1.9.1\example\gpio\gpio_output\MDK\gpio_output.uvprojx
Project File Date:  07/25/2026

<h2>Output:</h2>
*** Using Compiler 'V5.06 update 6 (build 750)', folder: 'D:\_Keil5\ARM\ARMCC\Bin'
Rebuild target 'gpio_output_Release'
assembling startup_hc32l13x.s...
compiling system_hc32l13x.c...
compiling ddl.c...
compiling main.c...
compiling interrupts_hc32l13x.c...
compiling SQ.c...
compiling cmt_spi3.c...
compiling cmt2300a_hal.c...
compiling radio.c...
compiling gpio.c...
compiling sysctrl.c...
compiling cmt2300a.c...
linking...
Program Size: Code=4036 RO-data=344 RW-data=16 ZI-data=560  
FromELF: creating hex file...
".\output\release\gpio_output.axf" - 0 Error(s), 0 Warning(s).

<h2>Software Packages used:</h2>

Package Vendor: ARM
                http://www.keil.com/pack/ARM.CMSIS.5.9.0.pack
                ARM::CMSIS@5.9.0
                CMSIS (Common Microcontroller Software Interface Standard)
   * Component: CORE Version: 5.6.0

Package Vendor: HDSC
                https://raw.githubusercontent.com/hdscmcu/pack/master/HDSC.HC32L136.1.0.1.pack
                HDSC::HC32L136@1.0.1
                HC32L136 ARM Cortex-M0+ Device Family Pack

<h2>Collection of Component include folders:</h2>
  ./RTE/_gpio_output_Release
  D:/_Keil5/packs/ARM/CMSIS/5.9.0/CMSIS/Core/Include
  D:/_Keil5/packs/HDSC/HC32L136/1.0.1/Device/Include

<h2>Collection of Component Files used:</h2>

   * Component: ARM::CMSIS:CORE@5.6.0
Build Time Elapsed:  00:00:01
</pre>
</body>
</html>
