<html>
<body>
<pre>
<h1>礦ision Build Log</h1>
<h2>Tool Versions:</h2>
IDE-Version: μVision V5.27.1.0
Copyright (C) 2019 ARM Ltd and ARM Germany GmbH. All rights reserved.
License Information: 1 首席干饭官, 1, LIC=VGXG8-3XSF7-SB3EJ-U3NMN-8YHS0-U4VNR
 
Tool Versions:
Toolchain:       MDK-ARM Plus  Version: 5.35.0.2
Toolchain Path:  E:\4.keil5\keil5_mdk\KEIL5_ABZ\ARM\ARMCC\Bin
C Compiler:      Armcc.exe V5.06 update 7 (build 960)
Assembler:       Armasm.exe V5.06 update 7 (build 960)
Linker/Locator:  ArmLink.exe V5.06 update 7 (build 960)
Library Manager: ArmAr.exe V5.06 update 7 (build 960)
Hex Converter:   FromElf.exe V5.06 update 7 (build 960)
CPU DLL:         SARMCM3.DLL V5.35.0.2
Dialog DLL:      DARMCM1.DLL V1.19.4.0
Target DLL:      CMSIS_AGDI.dll V1.33.0.0
Dialog DLL:      TARMCM1.DLL V1.14.4.0
 
<h2>Project:</h2>
F:\gong si\3.芯片\Amiccom\华普微\所有对通例程\CMT2119B&2219B\HDSC_CMT2119B_TX - FSK\hc32l13x_ddl_Rev1.9.1\example\gpio\gpio_output\MDK\gpio_output.uvprojx
Project File Date:  08/12/2022

<h2>Output:</h2>
*** Using Compiler 'V5.06 update 7 (build 960)', folder: 'E:\4.keil5\keil5_mdk\KEIL5_ABZ\ARM\ARMCC\Bin'
Rebuild target 'gpio_output_Release'
assembling startup_hc32l13x.s...
compiling system_hc32l13x.c...
compiling interrupts_hc32l13x.c...
compiling main.c...
compiling ddl.c...
compiling SQ.c...
compiling sysctrl.c...
compiling gpio.c...
compiling cmt_spi3.c...
compiling cmt2300a.c...
compiling radio.c...
compiling cmt2300a_hal.c...
linking...
Program Size: Code=4040 RO-data=344 RW-data=16 ZI-data=560  
FromELF: creating hex file...
".\output\release\gpio_output.axf" - 0 Error(s), 0 Warning(s).

<h2>Software Packages used:</h2>

Package Vendor: ARM
                http://www.keil.com/pack/ARM.CMSIS.5.8.0.pack
                ARM.CMSIS.5.8.0
                CMSIS (Common Microcontroller Software Interface Standard)
   * Component: CORE Version: 5.5.0

Package Vendor: HDSC
                https://raw.githubusercontent.com/hdscmcu/pack/master/HDSC.HC32L136.1.0.0.pack
                HDSC.HC32L136.1.0.0
                HC32L136 ARM Cortex-M0+ Device Family Pack

<h2>Collection of Component include folders:</h2>
  .\RTE\_gpio_output_Release
  E:\4.keil5\keil5_mdk\KEIL5_ABZ\ARM\CMSIS\5.8.0\CMSIS\Core\Include
  E:\4.keil5\keil5_mdk\KEIL5_ABZ\HDSC\HC32L136\1.0.0\Device\Include

<h2>Collection of Component Files used:</h2>

   * Component: ARM::CMSIS:CORE:5.5.0
Build Time Elapsed:  00:00:06
</pre>
</body>
</html>
